02-06 16:58:33.527   493  4083 W InputReader: Device virtio_input_multi_touch_6 is associated with display ADISPLAY_ID_NONE.
02-06 16:58:33.527   493  4083 W InputReader: Device virtio_input_multi_touch_8 is associated with display ADISPLAY_ID_NONE.
02-06 16:58:33.527   493  4083 W InputReader: Device virtio_input_multi_touch_9 is associated with display ADISPLAY_ID_NONE.
02-06 16:58:33.527   493  4083 W InputReader: Device virtio_input_multi_touch_4 is associated with display ADISPLAY_ID_NONE.
02-06 16:58:33.527   493  4083 W InputReader: Device virtio_input_multi_touch_5 is associated with display ADISPLAY_ID_NONE.
02-06 16:58:33.527   493  4083 W InputReader: Device virtio_input_multi_touch_11 is associated with display ADISPLAY_ID_NONE.
02-06 16:58:33.527   493  4083 W InputReader: Device virtio_input_multi_touch_7 is associated with display ADISPLAY_ID_NONE.
02-06 16:58:33.527   493  4083 W InputReader: Device virtio_input_multi_touch_2 is associated with display ADISPLAY_ID_NONE.
02-06 16:58:33.527   493  4083 W InputReader: Device virtio_input_multi_touch_3 is associated with display ADISPLAY_ID_NONE.
02-06 16:58:33.527   493  4083 W InputReader: Device virtio_input_multi_touch_10 is associated with display ADISPLAY_ID_NONE.
02-06 16:58:33.527   493  4083 W InputReader: Device virtio_input_multi_touch_6 is associated with display ADISPLAY_ID_NONE.
02-06 16:58:33.527   493  4083 W InputReader: Device virtio_input_multi_touch_8 is associated with display ADISPLAY_ID_NONE.
02-06 16:58:33.527   493  4083 W InputReader: Device virtio_input_multi_touch_9 is associated with display ADISPLAY_ID_NONE.
02-06 16:58:33.527   493  4083 W InputReader: Device virtio_input_multi_touch_4 is associated with display ADISPLAY_ID_NONE.
02-06 16:58:33.527   493  4083 W InputReader: Device virtio_input_multi_touch_5 is associated with display ADISPLAY_ID_NONE.
02-06 16:58:33.527   493  4083 W InputReader: Device virtio_input_multi_touch_11 is associated with display ADISPLAY_ID_NONE.
02-06 16:58:33.527   493  4083 W InputReader: Device virtio_input_multi_touch_7 is associated with display ADISPLAY_ID_NONE.
02-06 16:58:33.527   493  4083 W InputReader: Device virtio_input_multi_touch_2 is associated with display ADISPLAY_ID_NONE.
02-06 16:58:33.527   493  4083 W InputReader: Device virtio_input_multi_touch_3 is associated with display ADISPLAY_ID_NONE.
02-06 16:58:33.610 13722 13742 E goldfish-address-space: mmap: host memory map failed with size 0x1005000 off 0x1f2ffc000 errno 1
02-06 16:58:33.639  1014  1033 W System  : A resource failed to call release. 
02-06 16:58:33.639  1014  1033 W System  : A resource failed to call release. 
02-06 16:58:33.693 13941 13941 F crashpad: dlopen: dlopen failed: library "libandroidicu.so" not found: needed by /system/lib64/libharfbuzz_ng.so in namespace (default)
--------- beginning of crash
02-06 16:58:33.693 13722 13742 F libc    : Fatal signal 11 (SIGSEGV), code 1 (SEGV_MAPERR), fault addr 0x800000 in tid 13742 (CrGpuMain), pid 13722 (ileged_process0)
02-06 16:58:33.743 13533 13533 E cr_CompositorSurfaceMgr: surfaceDestroyed format : 4
02-06 16:58:33.755 13952 13952 I crash_dump64: obtaining output fd from tombstoned, type: kDebuggerdTombstone
02-06 16:58:33.756   283   283 I tombstoned: received crash request for pid 13742
02-06 16:58:33.758 13952 13952 I crash_dump64: performing dump of process 13722 (target tid = 13742)
02-06 16:58:33.761 13952 13952 F DEBUG   : *** *** *** *** *** *** *** *** *** *** *** *** *** *** *** ***
02-06 16:58:33.761 13952 13952 F DEBUG   : Build fingerprint: 'google/sdk_gphone_arm64/emulator_arm64:11/RSR1.210722.003/7604015:user/release-keys'
02-06 16:58:33.761 13952 13952 F DEBUG   : Revision: '0'
02-06 16:58:33.761 13952 13952 F DEBUG   : ABI: 'arm64'
02-06 16:58:33.768 13952 13952 F DEBUG   : Timestamp: 2023-02-06 16:58:33+0530
02-06 16:58:33.768 13952 13952 F DEBUG   : pid: 13722, tid: 13742, name: CrGpuMain  >>> com.android.chrome:privileged_process0 <<<
02-06 16:58:33.768 13952 13952 F DEBUG   : uid: 10148
02-06 16:58:33.768 13952 13952 F DEBUG   : signal 11 (SIGSEGV), code 1 (SEGV_MAPERR), fault addr 0x800000
02-06 16:58:33.768 13952 13952 F DEBUG   :     x0  0000000000800000  x1  0000007563e09000  x2  00000000000b6760  x3  0000000000800000
02-06 16:58:33.768 13952 13952 F DEBUG   :     x4  0000007563ebf760  x5  00000000008b6760  x6  ffffffffffffffff  x7  ffffffffffffffff
02-06 16:58:33.768 13952 13952 F DEBUG   :     x8  00000000000000ad  x9  0000000000000000  x10 0000000000000004  x11 0000000000000003
02-06 16:58:33.768 13952 13952 F DEBUG   :     x12 ffffffffffffffff  x13 ffffffffffffffff  x14 ffffffffffffffff  x15 00000070002a3f00
02-06 16:58:33.768 13952 13952 F DEBUG   :     x16 000000756107bf28  x17 000000786aab5e40  x18 0000007571386000  x19 0000007000495460
02-06 16:58:33.768 13952 13952 F DEBUG   :     x20 00000000000010e0  x21 00000000000000ad  x22 0000000000000000  x23 0000000000000438
02-06 16:58:33.768 13952 13952 F DEBUG   :     x24 0000000000000001  x25 0000000000000018  x26 0000007563e09000  x27 00000000000010e0
02-06 16:58:33.768 13952 13952 F DEBUG   :     x28 0000000000800000  x29 0000007571e68650
02-06 16:58:33.768 13952 13952 F DEBUG   :     lr  000000755f59bbc8  sp  0000007571e685d0  pc  000000786aab5dc8  pst 0000000020001000
02-06 16:58:33.770 13952 13952 F DEBUG   : backtrace:
02-06 16:58:33.770 13952 13952 F DEBUG   :       #00 pc 0000000000049dc8  /apex/com.android.runtime/lib64/bionic/libc.so (__memcpy+248) (BuildId: ac8f7173c886715a2f2fec67246e21da)
02-06 16:58:33.770 13952 13952 F DEBUG   :       #01 pc 0000000003898bc4  /product/app/TrichromeLibrary64/TrichromeLibrary64.apk!libmonochrome_64.so (offset 0x646000) (BuildId: 0f5fd58bc519cc4dc381bd1f98b6809b9e0e70d1)
02-06 16:58:34.159  1618  1648 I gle.android.gm: Background young concurrent copying GC freed 84537(3938KB) AllocSpace objects, 15(844KB) LOS objects, 38% free, 20MB/33MB, paused 277us total 123.032ms
02-06 16:58:34.206   493  6354 W OpenGLRenderer: Failed to choose config with EGL_SWAP_BEHAVIOR_PRESERVED, retrying without...
02-06 16:58:34.340  1618 13973 W linker  : Warning: "/data/user_de/0/com.google.android.gms/app_chimera/m/0000000b/CronetDynamite.apk!/lib/arm64-v8a/libcronet.109.0.5414.80.so" unused DT entry: unknown processor-specific (type 0x70000001 arg 0x0) (ignoring)
02-06 16:58:34.359  1618 13973 I cr_CronetLibraryLoader: Cronet version: 109.0.5414.80, arch: aarch64
02-06 16:58:34.397   283   283 E tombstoned: Tombstone written to: /data/tombstones/tombstone_02
02-06 16:58:34.405   493   531 I BootReceiver: Copying /data/tombstones/tombstone_02 to DropBox (SYSTEM_TOMBSTONE)
02-06 16:58:34.405   493   531 I DropBoxManagerService: add tag=SYSTEM_TOMBSTONE isTagEnabled=true flags=0x2
02-06 16:58:34.406   493 13995 I DropBoxManagerService: add tag=system_app_native_crash isTagEnabled=true flags=0x2
02-06 16:58:34.417   291   291 I Zygote  : Process 13722 exited due to signal 11 (Segmentation fault)
02-06 16:58:34.418 13533 13678 W cr_ChildProcessConn: onServiceDisconnected (crash or killed by oom): pid=13722 bindings:W  S state:3 counts:0,0,1,1,
02-06 16:58:34.421   493   523 W BroadcastQueue: Background execution not allowed: receiving Intent { act=android.intent.action.DROPBOX_ENTRY_ADDED flg=0x10 (has extras) } to com.google.android.gms/.stats.service.DropBoxEntryAddedReceiver
02-06 16:58:34.421   493   523 W BroadcastQueue: Background execution not allowed: receiving Intent { act=android.intent.action.DROPBOX_ENTRY_ADDED flg=0x10 (has extras) } to com.google.android.gms/.chimera.GmsIntentOperationService$PersistentTrustedReceiver
02-06 16:58:34.424   178   178 W lowmemorykiller: Failed to open /proc/13722/oom_score_adj; errno=2: process 13722 might have been killed
02-06 16:58:34.428 13533 13711 E chromium: [ERROR:gpu_process_host.cc(1002)] GPU process exited unexpectedly: exit_code=0
02-06 16:58:34.428   493   558 I ActivityManager: Process com.android.chrome:privileged_process0 (pid 13722) has died: cch CACC
02-06 16:58:34.429 13533 13711 W chromium: [WARNING:gpu_process_host.cc(1316)] The GPU process has crashed 1 time(s)
02-06 16:58:34.429   493   558 W ActivityManager: Scheduling restart of crashed service com.android.chrome/org.chromium.content.app.PrivilegedProcessService0 in 1000ms for connection
02-06 16:58:34.429   493   525 I libprocessgroup: Successfully killed process cgroup uid 10148 pid 13722 in 0ms
02-06 16:58:34.439   493   523 W BroadcastQueue: Background execution not allowed: receiving Intent { act=android.intent.action.DROPBOX_ENTRY_ADDED flg=0x10 (has extras) } to com.google.android.gms/.stats.service.DropBoxEntryAddedReceiver
02-06 16:58:34.439   493   523 W BroadcastQueue: Background execution not allowed: receiving Intent { act=android.intent.action.DROPBOX_ENTRY_ADDED flg=0x10 (has extras) } to com.google.android.gms/.chimera.GmsIntentOperationService$PersistentTrustedReceiver
02-06 16:58:34.451  6512  6565 I ReactNativeJNI: Memory warning (pressure level: TRIM_MEMORY_RUNNING_CRITICAL) received by JS VM, running a GC
02-06 16:58:34.451  4188  4188 I Finsky  : [2] tdj.onTrimMemory(1): Memory trim requested to level 80
02-06 16:58:34.452  4457  4457 I Finsky:background: [2] tdj.onTrimMemory(1): Memory trim requested to level 40
02-06 16:58:34.452  4188  4188 I Finsky  : [2] mpq.accept(12): Flushing in-memory image cache
02-06 16:58:34.455  1572  1572 I A       : Trimming objects from memory, since app is in the background.
02-06 16:58:34.461  1282  1282 I AppBase : AppBase.onTrimMemory():615 onTrimMemory(): 60
02-06 16:58:34.521 13533 13533 W chromium: [WARNING:compositor_view.cc(341)] Child process died (type=9) pid=13722)
02-06 16:58:34.525 13533 13715 E cr_BrowserInitializer: Missing dump for child 13722
02-06 16:58:34.589 13533 13533 I Choreographer: Skipped 50 frames!  The application may be doing too much work on its main thread.
02-06 16:58:34.599   178   178 I lowmemorykiller: Kill 'com.google.android.apps.photos' (3031), uid 10136, oom_adj 965 to free 59768kB; reason: low watermark is breached and thrashing (103%)
02-06 16:58:34.602   291   291 I Zygote  : Process 3031 exited due to signal 9 (Killed)
02-06 16:58:34.603   493   989 I ActivityManager: Process com.google.android.apps.photos (pid 3031) has died: cch+65 CEM 
02-06 16:58:34.603   493   525 I libprocessgroup: Successfully killed process cgroup uid 10136 pid 3031 in 0ms
02-06 16:58:34.605 14023 14027 I cmd     : oneway function results will be dropped but finished with status OK and parcel size 4
02-06 16:58:34.614 13533 13533 I cr_tabmodel: Appending tabs being restored to metadata lists, 0, startingNormalCount: 1, startingIncognitoCount: 0
02-06 16:58:34.614 13533 13533 I cr_tabmodel: Serializing tab lists; counts: 1, 0
02-06 16:58:34.765   493   524 I ActivityManager: Start proc 14049:com.android.chrome:sandboxed_process0:org.chromium.content.app.SandboxedProcessService0:1/u0ai1 for  {com.android.chrome/org.chromium.content.app.SandboxedProcessService0:1}
02-06 16:58:34.767 14049 14049 E libc    : SetHeapTaggingLevel: re-enabling tagging after it was disabled is not supported
02-06 16:58:34.770   493   524 I ActivityManager: Start proc 14054:com.android.chrome:privileged_process1/u0a148 for service {com.android.chrome/org.chromium.content.app.PrivilegedProcessService1}
02-06 16:58:34.782 14049 14049 E ocessService0:: Not starting debugger since process cannot load the jdwp agent.
02-06 16:58:34.787 14054 14054 E ileged_process: Not starting debugger since process cannot load the jdwp agent.
02-06 16:58:34.807  4188  4188 I Finsky  : [2] tdj.onTrimMemory(1): Memory trim requested to level 80
02-06 16:58:34.808  4188  4188 I Finsky  : [2] mpq.accept(12): Flushing in-memory image cache
02-06 16:58:34.829 13533 13678 I cr_BindingManager: Moderate binding enabled: maxSize=-1
02-06 16:58:34.841 13533 13710 I cr_FileUtils: Writing to /data/user/0/com.android.chrome/app_dex/webapk7.dex
02-06 16:58:34.846 13533 13678 I cr_BindingManager: onTrimMemory: level=80, size=0
02-06 16:58:34.872 13533 13710 E DexOptimzer: Failed to create dex.
02-06 16:58:34.874 13533 13557 I .android.chrom: Waiting for a blocking GC ProfileSaver
02-06 16:58:34.882  1572  1572 I A       : Trimming objects from memory, since app is in the background.
02-06 16:58:34.883  4188  4188 I Finsky  : [2] tdj.onTrimMemory(1): Memory trim requested to level 80
02-06 16:58:34.883  4188  4188 I Finsky  : [2] mpq.accept(12): Flushing in-memory image cache
02-06 16:58:34.895  1572  1572 I A       : Trimming objects from memory, since app is in the background.
02-06 16:58:34.951 14054 14054 I ileged_process: The ClassLoaderContext is a special shared library.
02-06 16:58:34.958 14054 14054 I ileged_process: The ClassLoaderContext is a special shared library.
02-06 16:58:34.961 14049 14049 W SystemServiceRegistry: No service published for: uimode
02-06 16:58:34.963 14049 14049 I cr_ChildProcessService: Creating new ChildProcessService pid=14049
02-06 16:58:34.972 14054 14054 I cr_ChildProcessService: Creating new ChildProcessService pid=14054
02-06 16:58:34.990 14049 14104 I cr_LibraryLoader: Loaded native library version number "91.0.4472.114"
02-06 16:58:34.990 14054 14087 I cr_LibraryLoader: Using linker: org.chromium.base.library_loader.ModernLinker
02-06 16:58:34.990 14049 14104 I cr_CachingUmaRecorder: Flushed 1 samples from 1 histograms.
02-06 16:58:34.993 14054 14106 I cr_LibraryLoader: Loading monochrome_64
02-06 16:58:34.993 14054 14106 I cr_ModernLinker: loadLibraryImplLocked: monochrome_64, relroMode=2
02-06 16:58:35.079 14054 14106 I cr_LibraryLoader: Loaded native library version number "91.0.4472.114"
02-06 16:58:35.079 14054 14106 I cr_CachingUmaRecorder: Flushed 3 samples from 3 histograms.
02-06 16:58:35.087   493   504 W System  : A resource failed to call release. 
02-06 16:58:35.087   493   504 I chatty  : uid=1000(system) FinalizerDaemon identical 1 line
02-06 16:58:35.087   493   504 W System  : A resource failed to call release. 
02-06 16:58:35.138   180   180 I hwservicemanager: getTransport: Cannot find entry android.hardware.configstore@1.0::ISurfaceFlingerConfigs/default in either framework or device manifest.
02-06 16:58:35.162 13690 13690 I cr_ChildProcessService: Destroying ChildProcessService pid=13690
02-06 16:58:35.163   493   865 I ActivityManager: Killing 13690:com.android.chrome:sandboxed_process0:org.chromium.content.app.SandboxedProcessService0:0/u0a148i-9000 (adj 0): isolated not needed
02-06 16:58:35.164   493   525 I libprocessgroup: Successfully killed process cgroup uid 90000 pid 13690 in 0ms
02-06 16:58:35.181 14054 14106 I chatty  : uid=10148(com.android.chrome) CrGpuMain identical 5 lines
02-06 16:58:35.181 13679 13679 I Zygote  : Process 13690 exited due to signal 9 (Killed)
02-06 16:58:35.180   212   212 W Binder:212_2: type=1400 audit(0.0:380): avc: denied { read } for name="wakeup4" dev="sysfs" ino=16464 scontext=u:r:system_suspend:s0 tcontext=u:object_r:sysfs:s0 tclass=dir permissive=0
02-06 16:58:35.180   212   212 W Binder:212_2: type=1400 audit(0.0:381): avc: denied { read } for name="wakeup2" dev="sysfs" ino=15902 scontext=u:r:system_suspend:s0 tcontext=u:object_r:sysfs:s0 tclass=dir permissive=0
02-06 16:58:35.184   212   212 W Binder:212_2: type=1400 audit(0.0:382): avc: denied { read } for name="wakeup0" dev="sysfs" ino=13341 scontext=u:r:system_suspend:s0 tcontext=u:object_r:sysfs:s0 tclass=dir permissive=0
02-06 16:58:35.184   212   212 W Binder:212_2: type=1400 audit(0.0:383): avc: denied { read } for name="wakeup5" dev="sysfs" ino=16527 scontext=u:r:system_suspend:s0 tcontext=u:object_r:sysfs:s0 tclass=dir permissive=0
02-06 16:58:35.184   212   212 W Binder:212_2: type=1400 audit(0.0:384): avc: denied { read } for name="wakeup3" dev="sysfs" ino=15952 scontext=u:r:system_suspend:s0 tcontext=u:object_r:sysfs:s0 tclass=dir permissive=0
02-06 16:58:35.182 14054 14106 I chatty  : uid=10148(com.android.chrome) CrGpuMain identical 1 line
02-06 16:58:35.185 13533 13711 W chromium: [WARNING:gpu_process_host.cc(1030)] Reinitialized the GPU process after a crash. The reported initialization time was 101 ms
02-06 16:58:35.185   212   216 E android.system.suspend@1.0-service: Error opening kernel wakelock stats for: wakeup4: Permission denied
02-06 16:58:35.185   212   216 E android.system.suspend@1.0-service: Error opening kernel wakelock stats for: wakeup2: Permission denied
02-06 16:58:35.186   212   216 E android.system.suspend@1.0-service: Error opening kernel wakelock stats for: wakeup0: Permission denied
02-06 16:58:35.186   212   216 E android.system.suspend@1.0-service: Error opening kernel wakelock stats for: wakeup5: Permission denied
02-06 16:58:35.186   212   216 E android.system.suspend@1.0-service: Error opening kernel wakelock stats for: wakeup3: Permission denied
02-06 16:58:35.186   212   216 E android.system.suspend@1.0-service: Error opening kernel wakelock stats for: wakeup1: Permission denied
02-06 16:58:35.192 14144 14145 I cmd     : oneway function results will be dropped but finished with status OK and parcel size 4
02-06 16:58:35.193 14054 14106 I chatty  : uid=10148(com.android.chrome) CrGpuMain identical 1 line
02-06 16:58:35.265   493   593 I system_server: oneway function results will be dropped but finished with status OK and parcel size 4
02-06 16:58:35.283  6512  6566 W unknown:ReactNative: Attempt to set local data for view with unknown tag: -1
02-06 16:58:35.283  6512  6566 W unknown:ReactNative: Attempt to set local data for view with unknown tag: -1
02-06 16:58:35.380   493   865 I system_server: oneway function results will be dropped but finished with status OK and parcel size 4
02-06 16:58:35.538 14179 14182 I cmd     : oneway function results will be dropped but finished with status OK and parcel size 4
02-06 16:58:35.596 14195 14199 I cmd     : oneway function results will be dropped but finished with status OK and parcel size 4
02-06 16:58:35.598  5015  5534 I FontLog : Received query name=Google Sans&weight=400&besteffort=false, URI content://com.google.android.gms.fonts [CONTEXT service_id=132 ]
02-06 16:58:35.603  5015  5534 I FontLog : Query [name=Google Sans&weight=400&besteffort=false] resolved to {Google Sans, wdth 100.0, wght 400, ital 0.0, bestEffort false} [CONTEXT service_id=132 ]
02-06 16:58:35.612  5015  5534 I FontLog : Font PFD returned from cache for {Google Sans, wdth 100.0, wght 400, ital 0.0, bestEffort false} [CONTEXT service_id=132 ]
02-06 16:58:35.613  5015  5534 I FontLog : Fetch {Google Sans, wdth 100.0, wght 400, ital 0.0, bestEffort false} end status Status{statusCode=SUCCESS, resolution=null} [CONTEXT service_id=132 ]
02-06 16:58:35.620  5015  5534 I FontLog : Pulling font file for id = 7, cache size = 5 [CONTEXT service_id=132 ]
02-06 16:58:35.625  5015  5534 I FontLog : Received query name=Google Sans&weight=400&besteffort=false, URI content://com.google.android.gms.fonts [CONTEXT service_id=132 ]
02-06 16:58:35.625  5015  5534 I FontLog : Query [name=Google Sans&weight=400&besteffort=false] resolved to {Google Sans, wdth 100.0, wght 400, ital 0.0, bestEffort false} [CONTEXT service_id=132 ]
02-06 16:58:35.626  5015  5534 I FontLog : Font PFD returned from cache for {Google Sans, wdth 100.0, wght 400, ital 0.0, bestEffort false} [CONTEXT service_id=132 ]
02-06 16:58:35.626  5015  5534 I FontLog : Fetch {Google Sans, wdth 100.0, wght 400, ital 0.0, bestEffort false} end status Status{statusCode=SUCCESS, resolution=null} [CONTEXT service_id=132 ]
02-06 16:58:35.630  5015  5534 I FontLog : Pulling font file for id = 8, cache size = 6 [CONTEXT service_id=132 ]
02-06 16:58:35.635  5015  5534 I FontLog : Received query name=Google Sans&weight=500&besteffort=false, URI content://com.google.android.gms.fonts [CONTEXT service_id=132 ]
02-06 16:58:35.635  5015  5534 I FontLog : Query [name=Google Sans&weight=500&besteffort=false] resolved to {Google Sans, wdth 100.0, wght 500, ital 0.0, bestEffort false} [CONTEXT service_id=132 ]
02-06 16:58:35.635  5015  5534 I FontLog : Font PFD returned from cache for {Google Sans, wdth 100.0, wght 500, ital 0.0, bestEffort false} [CONTEXT service_id=132 ]
02-06 16:58:35.635  5015  5534 I FontLog : Fetch {Google Sans, wdth 100.0, wght 500, ital 0.0, bestEffort false} end status Status{statusCode=SUCCESS, resolution=null} [CONTEXT service_id=132 ]
02-06 16:58:35.637  5015  5534 I FontLog : Pulling font file for id = 9, cache size = 6 [CONTEXT service_id=132 ]
02-06 16:58:35.640  5015  5534 I FontLog : Received query name=Google Sans&weight=500&besteffort=false, URI content://com.google.android.gms.fonts [CONTEXT service_id=132 ]
02-06 16:58:35.640  5015  5534 I FontLog : Query [name=Google Sans&weight=500&besteffort=false] resolved to {Google Sans, wdth 100.0, wght 500, ital 0.0, bestEffort false} [CONTEXT service_id=132 ]
02-06 16:58:35.640  5015  5534 I FontLog : Font PFD returned from cache for {Google Sans, wdth 100.0, wght 500, ital 0.0, bestEffort false} [CONTEXT service_id=132 ]
02-06 16:58:35.641  5015  5534 I FontLog : Fetch {Google Sans, wdth 100.0, wght 500, ital 0.0, bestEffort false} end status Status{statusCode=SUCCESS, resolution=null} [CONTEXT service_id=132 ]
02-06 16:58:35.641 14208 14209 I cmd     : oneway function results will be dropped but finished with status OK and parcel size 4
02-06 16:58:35.643  5015  5534 I FontLog : Pulling font file for id = 10, cache size = 7 [CONTEXT service_id=132 ]
02-06 16:58:35.692   178   178 I lowmemorykiller: Kill 'com.android.vending:background' (4457), uid 10122, oom_adj 965 to free 93708kB; reason: min watermark is breached even after kill
02-06 16:58:35.695   291   291 I Zygote  : Process 4457 exited due to signal 9 (Killed)
02-06 16:58:35.696   493   525 I libprocessgroup: Successfully killed process cgroup uid 10122 pid 4457 in 0ms
02-06 16:58:35.696   493  4442 I ActivityManager: Process com.android.vending:background (pid 4457) has died: cch+65 CEM 
02-06 16:58:35.763 13533 13533 I cr_Bluetooth: ChromeBluetoothAdapter created with provided adapterWrapper.
02-06 16:58:35.782 13533 13533 I cr_tabmodel: Appending tabs being restored to metadata lists, 0, startingNormalCount: 1, startingIncognitoCount: 0
02-06 16:58:35.782 13533 13533 I cr_tabmodel: Serializing tab lists; counts: 1, 0
02-06 16:58:35.791 14229 14229 E libc    : SetHeapTaggingLevel: re-enabling tagging after it was disabled is not supported
02-06 16:58:35.792   493   524 I ActivityManager: Start proc 14229:com.android.chrome:sandboxed_process0:org.chromium.content.app.SandboxedProcessService0:2/u0ai2 for  {com.android.chrome/org.chromium.content.app.SandboxedProcessService0:2}
02-06 16:58:35.801 14229 14229 E ocessService0:: Not starting debugger since process cannot load the jdwp agent.
02-06 16:58:35.891 14229 14229 W SystemServiceRegistry: No service published for: uimode
02-06 16:58:35.915   493   514 I RoleManagerService: Granting default roles...
02-06 16:58:35.915 14229 14229 I cr_ChildProcessService: Creating new ChildProcessService pid=14229
02-06 16:58:35.933   493   522 E system_server: No package ID 7f found for ID 0x7f080428.
02-06 16:58:35.933   493   522 E system_server: No package ID 7f found for ID 0x7f130564.
02-06 16:58:35.935   493   522 E system_server: No package ID 7f found for ID 0x7f080427.
02-06 16:58:35.935   493   522 E system_server: No package ID 7f found for ID 0x7f13014d.
02-06 16:58:35.935   493   522 E system_server: No package ID 7f found for ID 0x7f130563.
02-06 16:58:35.935   493   522 E system_server: No package ID 7f found for ID 0x7f130397.
02-06 16:58:35.935   493   522 E ShortcutService: Ignoring excessive intent tag.
02-06 16:58:35.951  5015 14010 I Fitness : OnPackageChangedOperation got intent: Intent { act=android.intent.action.PACKAGE_CHANGED dat=package:com.android.chrome flg=0x45000010 pkg=com.google.android.gms cmp=com.google.android.gms/.chimera.PersistentIntentOperationService (has extras) } [CONTEXT service_id=17 ]
02-06 16:58:35.952 14229 14250 I cr_LibraryLoader: Loaded native library version number "91.0.4472.114"
02-06 16:58:35.952 14229 14250 I cr_CachingUmaRecorder: Flushed 1 samples from 1 histograms.
02-06 16:58:35.983 14225 14225 E libc    : Access denied finding property "persist.device_config.runtime_native_boot.profilebootclasspath"
02-06 16:58:35.983 14225 14225 E libc    : Access denied finding property "persist.device_config.runtime_native_boot.enable_apex_image"
02-06 16:58:35.983 14225 14225 I AndroidRuntime: Using default boot image
02-06 16:58:35.983 14225 14225 E libc    : Access denied finding property "persist.device_config.runtime_native_boot.disable_lock_profiling"
02-06 16:58:35.983 14225 14225 I AndroidRuntime: Leaving lock profiling enabled
02-06 16:58:35.983 14225 14225 E libc    : Access denied finding property "persist.device_config.runtime_native_boot.enable_generational_cc"
02-06 16:58:35.990  5015 14253 I Fitness : FitCleanupIntentOperation received Intent android.intent.action.PACKAGE_CHANGED [CONTEXT service_id=17 ]
02-06 16:58:36.006  1618  6079 W Icing   : Package com.android.chrome targets Android P and isn't allowed to use AppDataSearch indexing API
02-06 16:58:36.045  5015  5047 W ChimeraUtils: Module com.google.android.gms.nearby_en has empty metadata display_name_string_id
02-06 16:58:36.059  1618  2026 I Icing   : IndexChimeraService.getServiceInterface callingPackage=com.google.android.gms componentName=AppsCorpus serviceId=36
02-06 16:58:36.065  5015  5047 W ChimeraUtils: Module com.google.android.gms.nearby_en has empty metadata display_name_string_id
02-06 16:58:36.072  5015  5047 W ChimeraUtils: Module com.google.android.gms.nearby_en has empty metadata display_name_string_id
02-06 16:58:36.074   493   581 I InputReader: Reconfiguring input devices, changes=KEYBOARD_LAYOUTS | 
02-06 16:58:36.114  1618  6079 W Icing   : No valid account for uploading user actions
02-06 16:58:36.203 13533 13533 I cr_tabmodel: Appending tabs being restored to metadata lists, 0, startingNormalCount: 1, startingIncognitoCount: 0
02-06 16:58:36.203 13533 13533 I cr_tabmodel: Serializing tab lists; counts: 1, 0
02-06 16:58:36.297  1618  6079 I Icing   : Usage reports ok 3, Failed Usage reports 0, indexed 0, rejected 0
02-06 16:58:36.298   493   493 W Looper  : Slow dispatch took 396ms main h=android.app.ActivityThread$H c=android.app.-$$Lambda$LoadedApk$ReceiverDispatcher$Args$_BumDX2UKsnxLVrE6UJsJZkotuA@7616086 m=0
02-06 16:58:36.298   493   493 W Looper  : Slow delivery took 407ms main h=android.app.ActivityThread$H c=android.app.-$$Lambda$LoadedApk$ReceiverDispatcher$Args$_BumDX2UKsnxLVrE6UJsJZkotuA@d831d47 m=0
02-06 16:58:36.314   178   178 I lowmemorykiller: Kill 'com.mighty.web' (3946), uid 10168, oom_adj 965 to free 84848kB; reason: low watermark is breached and thrashing (93%)
02-06 16:58:36.320   291   291 I Zygote  : Process 3946 exited due to signal 9 (Killed)
02-06 16:58:36.321   493  2745 I ActivityManager: Process com.mighty.web (pid 3946) has died: cch+65 CEM 
02-06 16:58:36.322   493   525 I libprocessgroup: Successfully killed process cgroup uid 10168 pid 3946 in 0ms
02-06 16:58:36.353  1618  6079 I Icing   : Indexing com.google.android.gms-apps from com.google.android.gms
02-06 16:58:36.357 14225 14225 I app_process: The ClassLoaderContext is a special shared library.
02-06 16:58:36.367  1618  6079 I Icing   : Indexing done com.google.android.gms-apps
02-06 16:58:36.369  4969  4986 I PermissionControllerServiceImpl: Updating user sensitive for uid 10148
02-06 16:58:36.392 14225 14225 W app_process: JNI RegisterNativeMethods: attempt to register 0 native methods for android.media.AudioAttributes
02-06 16:58:36.392   493   493 I Telecom : DefaultDialerCache: Refreshing default dialer for user 0: now com.android.dialer: DDC.oR@AIQ
02-06 16:58:36.402   493   493 W Looper  : Drained
02-06 16:58:36.452 13533 13533 I cr_tabmodel: Appending tabs being restored to metadata lists, 0, startingNormalCount: 1, startingIncognitoCount: 0
02-06 16:58:36.452 13533 13533 I cr_tabmodel: Serializing tab lists; counts: 1, 0
02-06 16:58:36.464 13533 13533 I cr_tabmodel: Appending tabs being restored to metadata lists, 0, startingNormalCount: 1, startingIncognitoCount: 0
02-06 16:58:36.464 13533 13533 I cr_tabmodel: Serializing tab lists; counts: 1, 0
02-06 16:58:36.538 13533 13718 W cr_media: Requires MODIFY_AUDIO_SETTINGS and RECORD_AUDIO. No audio device will be available for recording
02-06 16:58:36.541 13533 13747 I CameraManagerGlobal: Connecting to camera service
02-06 16:58:36.544   353   702 W ServiceManager: Permission failure: android.permission.CAMERA_OPEN_CLOSE_LISTENER from uid=10148 pid=13533
02-06 16:58:36.548   353   702 E CameraService: supportsCameraApi: Unknown camera ID 0
02-06 16:58:36.548 13533 13747 E cr_VideoCapture: getCameraCharacteristics: 
02-06 16:58:36.548 13533 13747 E cr_VideoCapture: java.lang.IllegalArgumentException: supportsCameraApi:2340: Unknown camera ID 0
02-06 16:58:36.548 13533 13747 E cr_VideoCapture: 	at android.hardware.camera2.CameraManager.throwAsPublicException(CameraManager.java:1001)
02-06 16:58:36.548 13533 13747 E cr_VideoCapture: 	at android.hardware.camera2.CameraManager.getCameraCharacteristics(CameraManager.java:449)
02-06 16:58:36.548 13533 13747 E cr_VideoCapture: 	at sZ3.i(chromium-TrichromeChromeGoogle6432System.aab-stable-447211484:4)
02-06 16:58:36.548 13533 13747 E cr_VideoCapture: 	at org.chromium.media.VideoCaptureFactory.isLegacyOrDeprecatedDevice(chromium-TrichromeChromeGoogle6432System.aab-stable-447211484:1)
02-06 16:58:36.548 13533 13747 E cr_VideoCapture: 	at org.chromium.media.VideoCaptureFactory.getDeviceName(chromium-TrichromeChromeGoogle6432System.aab-stable-447211484:1)
02-06 16:58:36.548 13533 13747 E cr_VideoCapture: Caused by: android.os.ServiceSpecificException: supportsCameraApi:2340: Unknown camera ID 0 (code 3)
02-06 16:58:36.548 13533 13747 E cr_VideoCapture: 	at android.os.Parcel.createExceptionOrNull(Parcel.java:2387)
02-06 16:58:36.548 13533 13747 E cr_VideoCapture: 	at android.os.Parcel.createException(Parcel.java:2357)
02-06 16:58:36.548 13533 13747 E cr_VideoCapture: 	at android.os.Parcel.readException(Parcel.java:2340)
02-06 16:58:36.548 13533 13747 E cr_VideoCapture: 	at android.os.Parcel.readException(Parcel.java:2282)
02-06 16:58:36.548 13533 13747 E cr_VideoCapture: 	at android.hardware.ICameraService$Stub$Proxy.supportsCameraApi(ICameraService.java:906)
02-06 16:58:36.548 13533 13747 E cr_VideoCapture: 	at android.hardware.camera2.CameraManager.supportsCameraApiLocked(CameraManager.java:1054)
02-06 16:58:36.548 13533 13747 E cr_VideoCapture: 	at android.hardware.camera2.CameraManager.supportsCamera2ApiLocked(CameraManager.java:1030)
02-06 16:58:36.548 13533 13747 E cr_VideoCapture: 	at android.hardware.camera2.CameraManager.getCameraCharacteristics(CameraManager.java:422)
02-06 16:58:36.548 13533 13747 E cr_VideoCapture: 	... 3 more
02-06 16:58:36.550   353   702 W ServiceManager: Permission failure: android.permission.CAMERA from uid=10148 pid=13533
02-06 16:58:36.551   353   702 E CameraService: supportsCameraApi: Unknown camera ID 0
02-06 16:58:36.552 13533 13747 E cr_VideoCapture: getCameraCharacteristics: 
02-06 16:58:36.552 13533 13747 E cr_VideoCapture: java.lang.IllegalArgumentException: supportsCameraApi:2340: Unknown camera ID 0
02-06 16:58:36.552 13533 13747 E cr_VideoCapture: 	at android.hardware.camera2.CameraManager.throwAsPublicException(CameraManager.java:1001)
02-06 16:58:36.552 13533 13747 E cr_VideoCapture: 	at android.hardware.camera2.CameraManager.getCameraCharacteristics(CameraManager.java:449)
02-06 16:58:36.552 13533 13747 E cr_VideoCapture: 	at sZ3.i(chromium-TrichromeChromeGoogle6432System.aab-stable-447211484:4)
02-06 16:58:36.552 13533 13747 E cr_VideoCapture: 	at org.chromium.media.VideoCaptureFactory.isLegacyOrDeprecatedDevice(chromium-TrichromeChromeGoogle6432System.aab-stable-447211484:1)
02-06 16:58:36.552 13533 13747 E cr_VideoCapture: 	at org.chromium.media.VideoCaptureFactory.getDeviceId(chromium-TrichromeChromeGoogle6432System.aab-stable-447211484:1)
02-06 16:58:36.552 13533 13747 E cr_VideoCapture: Caused by: android.os.ServiceSpecificException: supportsCameraApi:2340: Unknown camera ID 0 (code 3)
02-06 16:58:36.552 13533 13747 E cr_VideoCapture: 	at android.os.Parcel.createExceptionOrNull(Parcel.java:2387)
02-06 16:58:36.552 13533 13747 E cr_VideoCapture: 	at android.os.Parcel.createException(Parcel.java:2357)
02-06 16:58:36.552 13533 13747 E cr_VideoCapture: 	at android.os.Parcel.readException(Parcel.java:2340)
02-06 16:58:36.552 13533 13747 E cr_VideoCapture: 	at android.os.Parcel.readException(Parcel.java:2282)
02-06 16:58:36.552 13533 13747 E cr_VideoCapture: 	at android.hardware.ICameraService$Stub$Proxy.supportsCameraApi(ICameraService.java:906)
02-06 16:58:36.552 13533 13747 E cr_VideoCapture: 	at android.hardware.camera2.CameraManager.supportsCameraApiLocked(CameraManager.java:1054)
02-06 16:58:36.552 13533 13747 E cr_VideoCapture: 	at android.hardware.camera2.CameraManager.supportsCamera2ApiLocked(CameraManager.java:1030)
02-06 16:58:36.552 13533 13747 E cr_VideoCapture: 	at android.hardware.camera2.CameraManager.getCameraCharacteristics(CameraManager.java:422)
02-06 16:58:36.552 13533 13747 E cr_VideoCapture: 	... 3 more
02-06 16:58:36.552   353   702 E CameraService: supportsCameraApi: Unknown camera ID 0
02-06 16:58:36.552 13533 13747 E cr_VideoCapture: getCameraCharacteristics: 
02-06 16:58:36.552 13533 13747 E cr_VideoCapture: java.lang.IllegalArgumentException: supportsCameraApi:2340: Unknown camera ID 0
02-06 16:58:36.552 13533 13747 E cr_VideoCapture: 	at android.hardware.camera2.CameraManager.throwAsPublicException(CameraManager.java:1001)
02-06 16:58:36.552 13533 13747 E cr_VideoCapture: 	at android.hardware.camera2.CameraManager.getCameraCharacteristics(CameraManager.java:449)
02-06 16:58:36.552 13533 13747 E cr_VideoCapture: 	at sZ3.i(chromium-TrichromeChromeGoogle6432System.aab-stable-447211484:4)
02-06 16:58:36.552 13533 13747 E cr_VideoCapture: 	at org.chromium.media.VideoCaptureFactory.isLegacyOrDeprecatedDevice(chromium-TrichromeChromeGoogle6432System.aab-stable-447211484:1)
02-06 16:58:36.552 13533 13747 E cr_VideoCapture: 	at org.chromium.media.VideoCaptureFactory.getCaptureApiType(chromium-TrichromeChromeGoogle6432System.aab-stable-447211484:1)
02-06 16:58:36.552 13533 13747 E cr_VideoCapture: Caused by: android.os.ServiceSpecificException: supportsCameraApi:2340: Unknown camera ID 0 (code 3)
02-06 16:58:36.552 13533 13747 E cr_VideoCapture: 	at android.os.Parcel.createExceptionOrNull(Parcel.java:2387)
02-06 16:58:36.552 13533 13747 E cr_VideoCapture: 	at android.os.Parcel.createException(Parcel.java:2357)
02-06 16:58:36.552 13533 13747 E cr_VideoCapture: 	at android.os.Parcel.readException(Parcel.java:2340)
02-06 16:58:36.552 13533 13747 E cr_VideoCapture: 	at android.os.Parcel.readException(Parcel.java:2282)
02-06 16:58:36.552 13533 13747 E cr_VideoCapture: 	at android.hardware.ICameraService$Stub$Proxy.supportsCameraApi(ICameraService.java:906)
02-06 16:58:36.552 13533 13747 E cr_VideoCapture: 	at android.hardware.camera2.CameraManager.supportsCameraApiLocked(CameraManager.java:1054)
02-06 16:58:36.552 13533 13747 E cr_VideoCapture: 	at android.hardware.camera2.CameraManager.supportsCamera2ApiLocked(CameraManager.java:1030)
02-06 16:58:36.552 13533 13747 E cr_VideoCapture: 	at android.hardware.camera2.CameraManager.getCameraCharacteristics(CameraManager.java:422)
02-06 16:58:36.552 13533 13747 E cr_VideoCapture: 	... 3 more
02-06 16:58:36.554   353   702 W ServiceManager: Permission failure: android.permission.CAMERA from uid=10148 pid=13533
02-06 16:58:36.555   353   702 E CameraService: supportsCameraApi: Unknown camera ID 0
02-06 16:58:36.555 13533 13747 E cr_VideoCapture: getCameraCharacteristics: 
02-06 16:58:36.555 13533 13747 E cr_VideoCapture: java.lang.IllegalArgumentException: supportsCameraApi:2340: Unknown camera ID 0
02-06 16:58:36.555 13533 13747 E cr_VideoCapture: 	at android.hardware.camera2.CameraManager.throwAsPublicException(CameraManager.java:1001)
02-06 16:58:36.555 13533 13747 E cr_VideoCapture: 	at android.hardware.camera2.CameraManager.getCameraCharacteristics(CameraManager.java:449)
02-06 16:58:36.555 13533 13747 E cr_VideoCapture: 	at sZ3.i(chromium-TrichromeChromeGoogle6432System.aab-stable-447211484:4)
02-06 16:58:36.555 13533 13747 E cr_VideoCapture: 	at org.chromium.media.VideoCaptureFactory.isLegacyOrDeprecatedDevice(chromium-TrichromeChromeGoogle6432System.aab-stable-447211484:1)
02-06 16:58:36.555 13533 13747 E cr_VideoCapture: 	at org.chromium.media.VideoCaptureFactory.getFacingMode(chromium-TrichromeChromeGoogle6432System.aab-stable-447211484:1)
02-06 16:58:36.555 13533 13747 E cr_VideoCapture: Caused by: android.os.ServiceSpecificException: supportsCameraApi:2340: Unknown camera ID 0 (code 3)
02-06 16:58:36.555 13533 13747 E cr_VideoCapture: 	at android.os.Parcel.createExceptionOrNull(Parcel.java:2387)
02-06 16:58:36.555 13533 13747 E cr_VideoCapture: 	at android.os.Parcel.createException(Parcel.java:2357)
02-06 16:58:36.555 13533 13747 E cr_VideoCapture: 	at android.os.Parcel.readException(Parcel.java:2340)
02-06 16:58:36.555 13533 13747 E cr_VideoCapture: 	at android.os.Parcel.readException(Parcel.java:2282)
02-06 16:58:36.555 13533 13747 E cr_VideoCapture: 	at android.hardware.ICameraService$Stub$Proxy.supportsCameraApi(ICameraService.java:906)
02-06 16:58:36.555 13533 13747 E cr_VideoCapture: 	at android.hardware.camera2.CameraManager.supportsCameraApiLocked(CameraManager.java:1054)
02-06 16:58:36.555 13533 13747 E cr_VideoCapture: 	at android.hardware.camera2.CameraManager.supportsCamera2ApiLocked(CameraManager.java:1030)
02-06 16:58:36.555 13533 13747 E cr_VideoCapture: 	at android.hardware.camera2.CameraManager.getCameraCharacteristics(CameraManager.java:422)
02-06 16:58:36.555 13533 13747 E cr_VideoCapture: 	... 3 more
02-06 16:58:36.555   353   702 W ServiceManager: Permission failure: android.permission.CAMERA from uid=10148 pid=13533
02-06 16:58:36.556   353   702 E CameraService: supportsCameraApi: Unknown camera ID 0
02-06 16:58:36.556 13533 13747 E cr_VideoCapture: getCameraCharacteristics: 
02-06 16:58:36.556 13533 13747 E cr_VideoCapture: java.lang.IllegalArgumentException: supportsCameraApi:2340: Unknown camera ID 0
02-06 16:58:36.556 13533 13747 E cr_VideoCapture: 	at android.hardware.camera2.CameraManager.throwAsPublicException(CameraManager.java:1001)
02-06 16:58:36.556 13533 13747 E cr_VideoCapture: 	at android.hardware.camera2.CameraManager.getCameraCharacteristics(CameraManager.java:449)
02-06 16:58:36.556 13533 13747 E cr_VideoCapture: 	at sZ3.i(chromium-TrichromeChromeGoogle6432System.aab-stable-447211484:4)
02-06 16:58:36.556 13533 13747 E cr_VideoCapture: 	at org.chromium.media.VideoCaptureFactory.isLegacyOrDeprecatedDevice(chromium-TrichromeChromeGoogle6432System.aab-stable-447211484:1)
02-06 16:58:36.556 13533 13747 E cr_VideoCapture: 	at org.chromium.media.VideoCaptureFactory.isZoomSupported(chromium-TrichromeChromeGoogle6432System.aab-stable-447211484:1)
02-06 16:58:36.556 13533 13747 E cr_VideoCapture: Caused by: android.os.ServiceSpecificException: supportsCameraApi:2340: Unknown camera ID 0 (code 3)
02-06 16:58:36.556 13533 13747 E cr_VideoCapture: 	at android.os.Parcel.createExceptionOrNull(Parcel.java:2387)
02-06 16:58:36.556 13533 13747 E cr_VideoCapture: 	at android.os.Parcel.createException(Parcel.java:2357)
02-06 16:58:36.556 13533 13747 E cr_VideoCapture: 	at android.os.Parcel.readException(Parcel.java:2340)
02-06 16:58:36.556 13533 13747 E cr_VideoCapture: 	at android.os.Parcel.readException(Parcel.java:2282)
02-06 16:58:36.556 13533 13747 E cr_VideoCapture: 	at android.hardware.ICameraService$Stub$Proxy.supportsCameraApi(ICameraService.java:906)
02-06 16:58:36.556 13533 13747 E cr_VideoCapture: 	at android.hardware.camera2.CameraManager.supportsCameraApiLocked(CameraManager.java:1054)
02-06 16:58:36.556 13533 13747 E cr_VideoCapture: 	at android.hardware.camera2.CameraManager.supportsCamera2ApiLocked(CameraManager.java:1030)
02-06 16:58:36.556 13533 13747 E cr_VideoCapture: 	at android.hardware.camera2.CameraManager.getCameraCharacteristics(CameraManager.java:422)
02-06 16:58:36.556 13533 13747 E cr_VideoCapture: 	... 3 more
02-06 16:58:36.557   353   702 W ServiceManager: Permission failure: android.permission.CAMERA from uid=10148 pid=13533
02-06 16:58:36.557   353   702 E CameraService: supportsCameraApi: Unknown camera ID 0
02-06 16:58:36.557 13533 13747 E cr_VideoCapture: getCameraCharacteristics: 
02-06 16:58:36.557 13533 13747 E cr_VideoCapture: java.lang.IllegalArgumentException: supportsCameraApi:2340: Unknown camera ID 0
02-06 16:58:36.557 13533 13747 E cr_VideoCapture: 	at android.hardware.camera2.CameraManager.throwAsPublicException(CameraManager.java:1001)
02-06 16:58:36.557 13533 13747 E cr_VideoCapture: 	at android.hardware.camera2.CameraManager.getCameraCharacteristics(CameraManager.java:449)
02-06 16:58:36.557 13533 13747 E cr_VideoCapture: 	at sZ3.i(chromium-TrichromeChromeGoogle6432System.aab-stable-447211484:4)
02-06 16:58:36.557 13533 13747 E cr_VideoCapture: 	at org.chromium.media.VideoCaptureFactory.isLegacyOrDeprecatedDevice(chromium-TrichromeChromeGoogle6432System.aab-stable-447211484:1)
02-06 16:58:36.557 13533 13747 E cr_VideoCapture: 	at org.chromium.media.VideoCaptureFactory.getDeviceSupportedFormats(chromium-TrichromeChromeGoogle6432System.aab-stable-447211484:1)
02-06 16:58:36.557 13533 13747 E cr_VideoCapture: Caused by: android.os.ServiceSpecificException: supportsCameraApi:2340: Unknown camera ID 0 (code 3)
02-06 16:58:36.557 13533 13747 E cr_VideoCapture: 	at android.os.Parcel.createExceptionOrNull(Parcel.java:2387)
02-06 16:58:36.557 13533 13747 E cr_VideoCapture: 	at android.os.Parcel.createException(Parcel.java:2357)
02-06 16:58:36.557 13533 13747 E cr_VideoCapture: 	at android.os.Parcel.readException(Parcel.java:2340)
02-06 16:58:36.557 13533 13747 E cr_VideoCapture: 	at android.os.Parcel.readException(Parcel.java:2282)
02-06 16:58:36.557 13533 13747 E cr_VideoCapture: 	at android.hardware.ICameraService$Stub$Proxy.supportsCameraApi(ICameraService.java:906)
02-06 16:58:36.557 13533 13747 E cr_VideoCapture: 	at android.hardware.camera2.CameraManager.supportsCameraApiLocked(CameraManager.java:1054)
02-06 16:58:36.557 13533 13747 E cr_VideoCapture: 	at android.hardware.camera2.CameraManager.supportsCamera2ApiLocked(CameraManager.java:1030)
02-06 16:58:36.557 13533 13747 E cr_VideoCapture: 	at android.hardware.camera2.CameraManager.getCameraCharacteristics(CameraManager.java:422)
02-06 16:58:36.557 13533 13747 E cr_VideoCapture: 	... 3 more
02-06 16:58:36.558   353   702 W ServiceManager: Permission failure: android.permission.CAMERA from uid=10148 pid=13533
02-06 16:58:36.587   180   180 I hwservicemanager: getTransport: Cannot find entry android.hardware.graphics.mapper@4.0::IMapper/default in either framework or device manifest.
02-06 16:58:36.588 14054 14106 I Gralloc4: mapper 4.x is not supported
02-06 16:58:36.591   180   180 I hwservicemanager: getTransport: Cannot find entry android.hardware.graphics.allocator@4.0::IAllocator/default in either framework or device manifest.
02-06 16:58:36.591 14054 14106 W Gralloc4: allocator 3.x is not supported
02-06 16:58:36.996   493  2745 I system_server: oneway function results will be dropped but finished with status OK and parcel size 4
02-06 16:58:37.043  6512  6512 I AssistStructure: Flattened final assist data: 2468 bytes, containing 1 windows, 14 views
02-06 16:58:37.091   493  2745 I system_server: oneway function results will be dropped but finished with status OK and parcel size 4
02-06 16:58:37.298  5015  5015 W spz     : Pending fill request while another request in the same session was triggered. [CONTEXT service_id=177 ]
02-06 16:58:37.324   493   493 E RemoteAugmentedAutofillService: Bad service name for flags 1048704: com.google.android.as/com.google.android.apps.miphone.aiai.app.AiAiAugmentedAutofillService
02-06 16:58:37.648   493   580 I chatty  : uid=1000(system) InputDispatcher identical 1 line
02-06 16:58:38.345 14324 14325 I cmd     : oneway function results will be dropped but finished with status OK and parcel size 4
02-06 16:58:38.439 14346 14348 I cmd     : oneway function results will be dropped but finished with status OK and parcel size 4
02-06 16:58:38.609   493   504 W System  : A resource failed to call release. 
02-06 16:58:38.609   493   504 W System  : A resource failed to call release. 
02-06 16:58:38.626 14377 14379 I cmd     : oneway function results will be dropped but finished with status OK and parcel size 4
02-06 16:58:38.823 14404 14406 I cmd     : oneway function results will be dropped but finished with status OK and parcel size 4
02-06 16:58:38.955 14421 14423 I cmd     : oneway function results will be dropped but finished with status OK and parcel size 4
02-06 16:58:39.079 14438 14442 I cmd     : oneway function results will be dropped but finished with status OK and parcel size 4
02-06 16:58:39.105   179   179 I servicemanager: Since 'apexservice' could not be found, trying to start it as a lazy AIDL service
02-06 16:58:39.152   179   179 I BpBinder: onLastStrongRef automatically unlinking death recipients: <uncached descriptor>
02-06 16:58:39.152   179   179 I servicemanager: Tried to unregister apexservice, but there is about to be a client.
02-06 16:58:39.190 14461 14463 I cmd     : oneway function results will be dropped but finished with status OK and parcel size 4
02-06 16:58:39.199 13533 13549 W System  : A resource failed to call release. 
02-06 16:58:39.261   486   486 E wifi_forwarder: qemu_pipe_open_ns:62: Could not connect to the 'pipe:qemud:wififorward' service: Invalid argument
02-06 16:58:39.261   486   486 E wifi_forwarder: RemoteConnection failed to initialize: RemoteConnection failed to open pipe
02-06 16:58:39.322   477   477 E netmgr  : qemu_pipe_open_ns:62: Could not connect to the 'pipe:qemud:network' service: Invalid argument
02-06 16:58:39.322   477   477 E netmgr  : Failed to open QEMU pipe 'qemud:network': Invalid argument
02-06 16:58:39.352 14473 14473 W app_process: type=1400 audit(0.0:390): avc: denied { read } for name="u:object_r:device_config_runtime_native_boot_prop:s0" dev="tmpfs" ino=8249 scontext=u:r:shell:s0 tcontext=u:object_r:device_config_runtime_native_boot_prop:s0 tclass=file permissive=0
02-06 16:58:39.354 14473 14473 E libc    : Access denied finding property "persist.device_config.runtime_native_boot.profilebootclasspath"
02-06 16:58:39.354 14473 14473 E libc    : Access denied finding property "persist.device_config.runtime_native_boot.enable_apex_image"
02-06 16:58:39.354 14473 14473 I AndroidRuntime: Using default boot image
02-06 16:58:39.354 14473 14473 E libc    : Access denied finding property "persist.device_config.runtime_native_boot.disable_lock_profiling"
02-06 16:58:39.354 14473 14473 I AndroidRuntime: Leaving lock profiling enabled
02-06 16:58:39.355 14473 14473 E libc    : Access denied finding property "persist.device_config.runtime_native_boot.enable_generational_cc"
02-06 16:58:39.498   493  2655 I system_server: oneway function results will be dropped but finished with status OK and parcel size 4
02-06 16:58:39.505 14473 14473 I app_process: The ClassLoaderContext is a special shared library.
02-06 16:58:39.524 14473 14473 W app_process: JNI RegisterNativeMethods: attempt to register 0 native methods for android.media.AudioAttributes
02-06 16:58:39.629   493  2655 I system_server: oneway function results will be dropped but finished with status OK and parcel size 4
02-06 16:58:39.770   493  2655 I system_server: oneway function results will be dropped but finished with status OK and parcel size 4
02-06 16:58:39.890 14497 14499 I cmd     : oneway function results will be dropped but finished with status OK and parcel size 4
02-06 16:58:39.898   493   865 I system_server: oneway function results will be dropped but finished with status OK and parcel size 4
02-06 16:58:41.023   493  2655 I system_server: oneway function results will be dropped but finished with status OK and parcel size 4
02-06 16:58:41.065  6512  6566 W unknown:ReactNative: Attempt to set local data for view with unknown tag: -1
02-06 16:58:41.066   179   179 I servicemanager: Notifying apexservice they have clients: 1
02-06 16:58:41.066  6512  6566 W unknown:ReactNative: Attempt to set local data for view with unknown tag: -1
02-06 16:58:41.107 14516 14518 I cmd     : oneway function results will be dropped but finished with status OK and parcel size 4
02-06 16:58:41.156   493  2655 I system_server: oneway function results will be dropped but finished with status OK and parcel size 4
02-06 16:58:41.475 14552 14554 I cmd     : oneway function results will be dropped but finished with status OK and parcel size 4
02-06 16:58:41.656 14579 14581 I cmd     : oneway function results will be dropped but finished with status OK and parcel size 4
02-06 16:58:41.831 14606 14608 I cmd     : oneway function results will be dropped but finished with status OK and parcel size 4
02-06 16:58:41.999 14636 14638 I cmd     : oneway function results will be dropped but finished with status OK and parcel size 4
02-06 16:58:42.097   319   319 I android.hardware.vibrator-service.example: Vibrator reporting capabilities
02-06 16:58:42.098   319   319 I android.hardware.vibrator-service.example: Vibrator off
02-06 16:58:42.098   319   319 I android.hardware.vibrator-service.example: Vibrator perform
02-06 16:58:42.098   493  2745 E VibratorService: Failed to issue command to vibrator HAL. Retrying.
02-06 16:58:42.098   179   179 I servicemanager: Found android.hardware.vibrator.IVibrator/default in device VINTF manifest.
