02-06 16:58:42.099   319   319 I android.hardware.vibrator-service.example: Vibrator perform
02-06 16:58:42.099   493  2745 E VibratorService: Failed to issue command to vibrator HAL. Retrying.
02-06 16:58:42.099   179   179 I servicemanager: Found android.hardware.vibrator.IVibrator/default in device VINTF manifest.
02-06 16:58:42.100   319   319 I android.hardware.vibrator-service.example: Vibrator on for timeoutMs: 1
02-06 16:58:42.100   319   319 I android.hardware.vibrator-service.example: Vibrator set amplitude: 1
02-06 16:58:42.115   493   865 I system_server: oneway function results will be dropped but finished with status OK and parcel size 4
02-06 16:58:42.122   319   319 I android.hardware.vibrator-service.example: Vibrator on for timeoutMs: 21
02-06 16:58:42.122   319   319 I android.hardware.vibrator-service.example: Vibrator set amplitude: 1
02-06 16:58:42.143   319   319 I android.hardware.vibrator-service.example: Vibrator off
02-06 16:58:42.151  6512  6512 I AssistStructure: Flattened final assist data: 2408 bytes, containing 2 windows, 14 views
02-06 16:58:42.222  5015  5015 W spz     : Pending fill request while another request in the same session was triggered. [CONTEXT service_id=177 ]
02-06 16:58:42.239   493   865 I system_server: oneway function results will be dropped but finished with status OK and parcel size 4
02-06 16:58:42.308 14673 14673 W app_process: type=1400 audit(0.0:394): avc: denied { read } for name="u:object_r:device_config_runtime_native_boot_prop:s0" dev="tmpfs" ino=8249 scontext=u:r:shell:s0 tcontext=u:object_r:device_config_runtime_native_boot_prop:s0 tclass=file permissive=0
02-06 16:58:42.311 14673 14673 E libc    : Access denied finding property "persist.device_config.runtime_native_boot.profilebootclasspath"
02-06 16:58:42.308 14673 14673 W app_process: type=1400 audit(0.0:395): avc: denied { read } for name="u:object_r:device_config_runtime_native_boot_prop:s0" dev="tmpfs" ino=8249 scontext=u:r:shell:s0 tcontext=u:object_r:device_config_runtime_native_boot_prop:s0 tclass=file permissive=0
02-06 16:58:42.311 14673 14673 E libc    : Access denied finding property "persist.device_config.runtime_native_boot.enable_apex_image"
02-06 16:58:42.311 14673 14673 I AndroidRuntime: Using default boot image
02-06 16:58:42.308 14673 14673 W app_process: type=1400 audit(0.0:396): avc: denied { read } for name="u:object_r:device_config_runtime_native_boot_prop:s0" dev="tmpfs" ino=8249 scontext=u:r:shell:s0 tcontext=u:object_r:device_config_runtime_native_boot_prop:s0 tclass=file permissive=0
02-06 16:58:42.312 14673 14673 E libc    : Access denied finding property "persist.device_config.runtime_native_boot.disable_lock_profiling"
02-06 16:58:42.312 14673 14673 I AndroidRuntime: Leaving lock profiling enabled
02-06 16:58:42.308 14673 14673 W app_process: type=1400 audit(0.0:397): avc: denied { read } for name="u:object_r:device_config_runtime_native_boot_prop:s0" dev="tmpfs" ino=8249 scontext=u:r:shell:s0 tcontext=u:object_r:device_config_runtime_native_boot_prop:s0 tclass=file permissive=0
02-06 16:58:42.312 14673 14673 E libc    : Access denied finding property "persist.device_config.runtime_native_boot.enable_generational_cc"
02-06 16:58:42.374 14673 14673 I app_process: The ClassLoaderContext is a special shared library.
02-06 16:58:42.382 14673 14673 W app_process: JNI RegisterNativeMethods: attempt to register 0 native methods for android.media.AudioAttributes
02-06 16:58:42.408   493   580 I InputDispatcher: Dropping move event because a pointer for a different device is already active in display 0
02-06 16:58:42.408   493   580 W InputDispatcher: Permission denied, dropping the motion (isPointer=true)
02-06 16:58:42.236   493   493 E RemoteAugmentedAutofillService: Bad service name for flags 1048704: com.google.android.as/com.google.android.apps.miphone.aiai.app.AiAiAugmentedAutofillService
02-06 16:58:42.408   493  1367 W InputManager: Input event injection from pid 14673 permission denied.
02-06 16:58:42.414 14673 14673 I app_process: System.exit called, status: 1
02-06 16:58:42.414 14673 14673 I AndroidRuntime: VM exiting with result code 1.
02-06 16:58:42.586 14733 14735 I cmd     : oneway function results will be dropped but finished with status OK and parcel size 4
02-06 16:58:42.616   493  2745 I system_server: oneway function results will be dropped but finished with status OK and parcel size 4
02-06 16:58:42.749   493  2745 I system_server: oneway function results will be dropped but finished with status OK and parcel size 4
02-06 16:58:42.872 14786 14788 I cmd     : oneway function results will be dropped but finished with status OK and parcel size 4
02-06 16:58:42.950 14801 14803 I cmd     : oneway function results will be dropped but finished with status OK and parcel size 4
02-06 16:58:43.030 14816 14818 I cmd     : oneway function results will be dropped but finished with status OK and parcel size 4
02-06 16:58:43.138 14828 14828 E libc    : Access denied finding property "persist.device_config.runtime_native_boot.profilebootclasspath"
02-06 16:58:43.138 14828 14828 E libc    : Access denied finding property "persist.device_config.runtime_native_boot.enable_apex_image"
02-06 16:58:43.138 14828 14828 I AndroidRuntime: Using default boot image
02-06 16:58:43.138 14828 14828 E libc    : Access denied finding property "persist.device_config.runtime_native_boot.disable_lock_profiling"
02-06 16:58:43.138 14828 14828 I AndroidRuntime: Leaving lock profiling enabled
02-06 16:58:43.138 14828 14828 E libc    : Access denied finding property "persist.device_config.runtime_native_boot.enable_generational_cc"
02-06 16:58:43.136 14828 14828 W app_process: type=1400 audit(0.0:398): avc: denied { read } for name="u:object_r:device_config_runtime_native_boot_prop:s0" dev="tmpfs" ino=8249 scontext=u:r:shell:s0 tcontext=u:object_r:device_config_runtime_native_boot_prop:s0 tclass=file permissive=0
02-06 16:58:43.169 14828 14828 I app_process: The ClassLoaderContext is a special shared library.
02-06 16:58:43.174 14828 14828 W app_process: JNI RegisterNativeMethods: attempt to register 0 native methods for android.media.AudioAttributes
02-06 16:58:43.217 14848 14850 I cmd     : oneway function results will be dropped but finished with status OK and parcel size 4
02-06 16:58:43.419   493  1367 I system_server: oneway function results will be dropped but finished with status OK and parcel size 4
02-06 16:58:43.483   321   461 W AudioFlinger: createTrack_l(): mismatch between requested flags (00000004) and output flags (00000002)
02-06 16:58:43.502   493  2745 I system_server: oneway function results will be dropped but finished with status OK and parcel size 4
02-06 16:58:43.545   493  2745 I chatty  : uid=1000(system) Binder:493_16 identical 1 line
02-06 16:58:43.636   493  2745 I system_server: oneway function results will be dropped but finished with status OK and parcel size 4
02-06 16:58:43.989   493  1367 I system_server: oneway function results will be dropped but finished with status OK and parcel size 4
02-06 16:58:44.231   493  2745 I system_server: oneway function results will be dropped but finished with status OK and parcel size 4
02-06 16:58:44.236 14872 14874 I cmd     : oneway function results will be dropped but finished with status OK and parcel size 4
02-06 16:58:44.364 13533 13533 E cr_BTSPrefs: No data found for task id: 57
02-06 16:58:44.364 13533 13533 E cr_BkgrdTaskScheduler: Task cannot be canceled because no data was found instorage or data was invalid
02-06 16:58:44.364 13533 13533 E cr_BTSPrefs: No data found for task id: 56
02-06 16:58:44.364 13533 13533 E cr_BkgrdTaskScheduler: Task cannot be canceled because no data was found instorage or data was invalid
02-06 16:58:44.981 14902 14904 I cmd     : oneway function results will be dropped but finished with status OK and parcel size 4
02-06 16:58:45.111   319   319 I android.hardware.vibrator-service.example: Vibrator reporting capabilities
02-06 16:58:45.111   319   319 I android.hardware.vibrator-service.example: Vibrator off
02-06 16:58:45.111   319   319 I android.hardware.vibrator-service.example: Vibrator perform
02-06 16:58:45.111   493   865 E VibratorService: Failed to issue command to vibrator HAL. Retrying.
02-06 16:58:45.111   179   179 I servicemanager: Found android.hardware.vibrator.IVibrator/default in device VINTF manifest.
02-06 16:58:45.112   319   319 I android.hardware.vibrator-service.example: Vibrator perform
02-06 16:58:45.112   493   865 E VibratorService: Failed to issue command to vibrator HAL. Retrying.
02-06 16:58:45.112   179   179 I servicemanager: Found android.hardware.vibrator.IVibrator/default in device VINTF manifest.
02-06 16:58:45.113   319   319 I android.hardware.vibrator-service.example: Vibrator on for timeoutMs: 1
02-06 16:58:45.113   319   319 I android.hardware.vibrator-service.example: Vibrator set amplitude: 1
02-06 16:58:45.135   319   319 I android.hardware.vibrator-service.example: Vibrator on for timeoutMs: 21
02-06 16:58:45.135   319   319 I android.hardware.vibrator-service.example: Vibrator set amplitude: 1
02-06 16:58:45.157   319   319 I android.hardware.vibrator-service.example: Vibrator off
02-06 16:58:45.237 14945 14947 I cmd     : oneway function results will be dropped but finished with status OK and parcel size 4
02-06 16:58:45.338   493  4442 I system_server: oneway function results will be dropped but finished with status OK and parcel size 4
02-06 16:58:45.398 14978 14980 I cmd     : oneway function results will be dropped but finished with status OK and parcel size 4
02-06 16:58:45.471   493   865 I system_server: oneway function results will be dropped but finished with status OK and parcel size 4
02-06 16:58:45.538 15000 15002 I cmd     : oneway function results will be dropped but finished with status OK and parcel size 4
02-06 16:58:45.633 15017 15019 I cmd     : oneway function results will be dropped but finished with status OK and parcel size 4
02-06 16:58:45.729 15032 15034 I cmd     : oneway function results will be dropped but finished with status OK and parcel size 4
02-06 16:58:45.847   493   865 I system_server: oneway function results will be dropped but finished with status OK and parcel size 4
02-06 16:58:45.888 15044 15044 W app_process: type=1400 audit(0.0:402): avc: denied { read } for name="u:object_r:device_config_runtime_native_boot_prop:s0" dev="tmpfs" ino=8249 scontext=u:r:shell:s0 tcontext=u:object_r:device_config_runtime_native_boot_prop:s0 tclass=file permissive=0
02-06 16:58:45.888 15044 15044 I chatty  : uid=2000(shell) app_process identical 1 line
02-06 16:58:45.888 15044 15044 W app_process: type=1400 audit(0.0:404): avc: denied { read } for name="u:object_r:device_config_runtime_native_boot_prop:s0" dev="tmpfs" ino=8249 scontext=u:r:shell:s0 tcontext=u:object_r:device_config_runtime_native_boot_prop:s0 tclass=file permissive=0
02-06 16:58:45.891 15044 15044 E libc    : Access denied finding property "persist.device_config.runtime_native_boot.profilebootclasspath"
02-06 16:58:45.891 15044 15044 E libc    : Access denied finding property "persist.device_config.runtime_native_boot.enable_apex_image"
02-06 16:58:45.891 15044 15044 I AndroidRuntime: Using default boot image
02-06 16:58:45.891 15044 15044 E libc    : Access denied finding property "persist.device_config.runtime_native_boot.disable_lock_profiling"
02-06 16:58:45.891 15044 15044 I AndroidRuntime: Leaving lock profiling enabled
02-06 16:58:45.891 15044 15044 E libc    : Access denied finding property "persist.device_config.runtime_native_boot.enable_generational_cc"
02-06 16:58:45.888 15044 15044 W app_process: type=1400 audit(0.0:405): avc: denied { read } for name="u:object_r:device_config_runtime_native_boot_prop:s0" dev="tmpfs" ino=8249 scontext=u:r:shell:s0 tcontext=u:object_r:device_config_runtime_native_boot_prop:s0 tclass=file permissive=0
02-06 16:58:45.937 15044 15044 I app_process: The ClassLoaderContext is a special shared library.
02-06 16:58:45.948 15044 15044 W app_process: JNI RegisterNativeMethods: attempt to register 0 native methods for android.media.AudioAttributes
02-06 16:58:45.982   493  2655 I system_server: oneway function results will be dropped but finished with status OK and parcel size 4
02-06 16:58:46.066   179   179 I servicemanager: Notifying apexservice they have clients: 0
02-06 16:58:46.067   179   179 I BpBinder: onLastStrongRef automatically unlinking death recipients: <uncached descriptor>
02-06 16:58:46.184   493  1367 I system_server: oneway function results will be dropped but finished with status OK and parcel size 4
02-06 16:58:46.307 15079 15081 I cmd     : oneway function results will be dropped but finished with status OK and parcel size 4
02-06 16:58:46.320   493  1367 I system_server: oneway function results will be dropped but finished with status OK and parcel size 4
02-06 16:58:47.831 15111 15113 I cmd     : oneway function results will be dropped but finished with status OK and parcel size 4
02-06 16:58:48.023 15138 15140 I cmd     : oneway function results will be dropped but finished with status OK and parcel size 4
02-06 16:58:48.284 15180 15182 I cmd     : oneway function results will be dropped but finished with status OK and parcel size 4
02-06 16:58:48.367 15195 15197 I cmd     : oneway function results will be dropped but finished with status OK and parcel size 4
02-06 16:58:48.452 15210 15212 I cmd     : oneway function results will be dropped but finished with status OK and parcel size 4
02-06 16:58:48.572 15222 15222 E libc    : Access denied finding property "persist.device_config.runtime_native_boot.profilebootclasspath"
02-06 16:58:48.572 15222 15222 E libc    : Access denied finding property "persist.device_config.runtime_native_boot.enable_apex_image"
02-06 16:58:48.572 15222 15222 I AndroidRuntime: Using default boot image
02-06 16:58:48.572 15222 15222 E libc    : Access denied finding property "persist.device_config.runtime_native_boot.disable_lock_profiling"
02-06 16:58:48.572 15222 15222 I AndroidRuntime: Leaving lock profiling enabled
02-06 16:58:48.572 15222 15222 E libc    : Access denied finding property "persist.device_config.runtime_native_boot.enable_generational_cc"
02-06 16:58:48.568 15222 15222 W app_process: type=1400 audit(0.0:406): avc: denied { read } for name="u:object_r:device_config_runtime_native_boot_prop:s0" dev="tmpfs" ino=8249 scontext=u:r:shell:s0 tcontext=u:object_r:device_config_runtime_native_boot_prop:s0 tclass=file permissive=0
02-06 16:58:48.609 15222 15222 I app_process: The ClassLoaderContext is a special shared library.
02-06 16:58:48.615 15222 15222 W app_process: JNI RegisterNativeMethods: attempt to register 0 native methods for android.media.AudioAttributes
02-06 16:58:49.123   179   179 I servicemanager: Since 'apexservice' could not be found, trying to start it as a lazy AIDL service
02-06 16:58:49.150   179   179 I BpBinder: onLastStrongRef automatically unlinking death recipients: <uncached descriptor>
02-06 16:58:49.150   179   179 I servicemanager: Tried to unregister apexservice, but there is about to be a client.
02-06 16:58:49.271   493  1367 I system_server: oneway function results will be dropped but finished with status OK and parcel size 4
02-06 16:58:50.438 15265 15267 I cmd     : oneway function results will be dropped but finished with status OK and parcel size 4
02-06 16:58:50.650 15292 15294 I cmd     : oneway function results will be dropped but finished with status OK and parcel size 4
02-06 16:58:50.761  5015  5029 W System  : A resource failed to call close. 
02-06 16:58:50.761  5015  5029 W System  : A resource failed to call close. 
02-06 16:58:50.849 15320 15322 I cmd     : oneway function results will be dropped but finished with status OK and parcel size 4
02-06 16:58:50.934 15337 15339 I cmd     : oneway function results will be dropped but finished with status OK and parcel size 4
02-06 16:58:51.025 15352 15354 I cmd     : oneway function results will be dropped but finished with status OK and parcel size 4
02-06 16:58:51.067   179   179 I servicemanager: Notifying apexservice they have clients: 1
02-06 16:58:51.067   179   179 I servicemanager: Notifying apexservice they have clients: 0
02-06 16:58:51.067   179   179 I BpBinder: onLastStrongRef automatically unlinking death recipients: <uncached descriptor>
02-06 16:58:51.121 15367 15369 I cmd     : oneway function results will be dropped but finished with status OK and parcel size 4
02-06 16:58:51.224 15379 15379 E libc    : Access denied finding property "persist.device_config.runtime_native_boot.profilebootclasspath"
02-06 16:58:51.224 15379 15379 E libc    : Access denied finding property "persist.device_config.runtime_native_boot.enable_apex_image"
02-06 16:58:51.224 15379 15379 I AndroidRuntime: Using default boot image
02-06 16:58:51.224 15379 15379 E libc    : Access denied finding property "persist.device_config.runtime_native_boot.disable_lock_profiling"
02-06 16:58:51.224 15379 15379 I AndroidRuntime: Leaving lock profiling enabled
02-06 16:58:51.220 15379 15379 W app_process: type=1400 audit(0.0:410): avc: denied { read } for name="u:object_r:device_config_runtime_native_boot_prop:s0" dev="tmpfs" ino=8249 scontext=u:r:shell:s0 tcontext=u:object_r:device_config_runtime_native_boot_prop:s0 tclass=file permissive=0
02-06 16:58:51.224 15379 15379 E libc    : Access denied finding property "persist.device_config.runtime_native_boot.enable_generational_cc"
02-06 16:58:51.258 15379 15379 I app_process: The ClassLoaderContext is a special shared library.
02-06 16:58:51.263 15379 15379 W app_process: JNI RegisterNativeMethods: attempt to register 0 native methods for android.media.AudioAttributes
02-06 16:58:51.395 15399 15401 I cmd     : oneway function results will be dropped but finished with status OK and parcel size 4
02-06 16:58:51.510   493  2655 I system_server: oneway function results will be dropped but finished with status OK and parcel size 4
02-06 16:58:51.511   493  2655 I system_server: oneway function results will be dropped but finished with status OK and parcel size 4
02-06 16:58:51.545  6512  6566 W unknown:ReactNative: Attempt to set local data for view with unknown tag: -1
02-06 16:58:51.561  6512  6566 W unknown:ReactNative: Attempt to set local data for view with unknown tag: -1
02-06 16:58:51.655   493  2745 I system_server: oneway function results will be dropped but finished with status OK and parcel size 4
02-06 16:58:53.124 15442 15444 I cmd     : oneway function results will be dropped but finished with status OK and parcel size 4
02-06 16:58:53.299 15469 15471 I cmd     : oneway function results will be dropped but finished with status OK and parcel size 4
02-06 16:58:53.474 15496 15498 I cmd     : oneway function results will be dropped but finished with status OK and parcel size 4
02-06 16:58:53.555 15511 15513 I cmd     : oneway function results will be dropped but finished with status OK and parcel size 4
02-06 16:58:53.649 15526 15528 I cmd     : oneway function results will be dropped but finished with status OK and parcel size 4
02-06 16:58:53.741 15541 15543 I cmd     : oneway function results will be dropped but finished with status OK and parcel size 4
02-06 16:58:53.871 15553 15553 E libc    : Access denied finding property "persist.device_config.runtime_native_boot.profilebootclasspath"
02-06 16:58:53.871 15553 15553 E libc    : Access denied finding property "persist.device_config.runtime_native_boot.enable_apex_image"
02-06 16:58:53.871 15553 15553 I AndroidRuntime: Using default boot image
02-06 16:58:53.871 15553 15553 E libc    : Access denied finding property "persist.device_config.runtime_native_boot.disable_lock_profiling"
02-06 16:58:53.871 15553 15553 I AndroidRuntime: Leaving lock profiling enabled
02-06 16:58:53.868 15553 15553 W app_process: type=1400 audit(0.0:414): avc: denied { read } for name="u:object_r:device_config_runtime_native_boot_prop:s0" dev="tmpfs" ino=8249 scontext=u:r:shell:s0 tcontext=u:object_r:device_config_runtime_native_boot_prop:s0 tclass=file permissive=0
02-06 16:58:53.871 15553 15553 E libc    : Access denied finding property "persist.device_config.runtime_native_boot.enable_generational_cc"
02-06 16:58:53.908 15553 15553 I app_process: The ClassLoaderContext is a special shared library.
02-06 16:58:53.912 15553 15553 W app_process: JNI RegisterNativeMethods: attempt to register 0 native methods for android.media.AudioAttributes
02-06 16:58:54.036 15575 15577 I cmd     : oneway function results will be dropped but finished with status OK and parcel size 4
02-06 16:58:54.167   493   865 I system_server: oneway function results will be dropped but finished with status OK and parcel size 4
02-06 16:58:54.302   493   865 I system_server: oneway function results will be dropped but finished with status OK and parcel size 4
02-06 16:58:55.582  4188  4296 I Finsky  : [378] mst.run(21): Stats for Executor: BlockingExecutor ncj@f742b2f[Running, pool size = 0, active threads = 0, queued tasks = 0, completed tasks = 14]
02-06 16:58:55.582  4188  4296 I Finsky  : [378] mst.run(21): Stats for Executor: LightweightExecutor ncj@ef8e53c[Running, pool size = 3, active threads = 0, queued tasks = 0, completed tasks = 90]
02-06 16:58:55.940 15633 15635 I cmd     : oneway function results will be dropped but finished with status OK and parcel size 4
02-06 16:58:56.066  4188  4296 I Finsky  : [378] mst.run(21): Stats for Executor: bgExecutor ncj@e3a12c5[Running, pool size = 4, active threads = 0, queued tasks = 0, completed tasks = 244]
02-06 16:58:56.243 15677 15679 I cmd     : oneway function results will be dropped but finished with status OK and parcel size 4
02-06 16:58:56.261 13533 13533 E cr_BTSPrefs: No data found for task id: 53
02-06 16:58:56.261 13533 13533 E cr_BkgrdTaskScheduler: Task cannot be canceled because no data was found instorage or data was invalid
02-06 16:58:56.331 15692 15694 I cmd     : oneway function results will be dropped but finished with status OK and parcel size 4
02-06 16:58:56.413 15707 15709 I cmd     : oneway function results will be dropped but finished with status OK and parcel size 4
02-06 16:58:56.528 15719 15719 E libc    : Access denied finding property "persist.device_config.runtime_native_boot.profilebootclasspath"
02-06 16:58:56.528 15719 15719 E libc    : Access denied finding property "persist.device_config.runtime_native_boot.enable_apex_image"
02-06 16:58:56.528 15719 15719 I AndroidRuntime: Using default boot image
02-06 16:58:56.528 15719 15719 E libc    : Access denied finding property "persist.device_config.runtime_native_boot.disable_lock_profiling"
02-06 16:58:56.528 15719 15719 I AndroidRuntime: Leaving lock profiling enabled
02-06 16:58:56.528 15719 15719 E libc    : Access denied finding property "persist.device_config.runtime_native_boot.enable_generational_cc"
02-06 16:58:56.524 15719 15719 W app_process: type=1400 audit(0.0:418): avc: denied { read } for name="u:object_r:device_config_runtime_native_boot_prop:s0" dev="tmpfs" ino=8249 scontext=u:r:shell:s0 tcontext=u:object_r:device_config_runtime_native_boot_prop:s0 tclass=file permissive=0
02-06 16:58:56.564 15719 15719 I app_process: The ClassLoaderContext is a special shared library.
02-06 16:58:56.569 15719 15719 W app_process: JNI RegisterNativeMethods: attempt to register 0 native methods for android.media.AudioAttributes
02-06 16:58:56.803   493  1367 I system_server: oneway function results will be dropped but finished with status OK and parcel size 4
02-06 16:58:56.936   493  4442 I system_server: oneway function results will be dropped but finished with status OK and parcel size 4
02-06 16:58:56.945 15742 15744 I cmd     : oneway function results will be dropped but finished with status OK and parcel size 4
02-06 16:58:58.371 15773 15775 I cmd     : oneway function results will be dropped but finished with status OK and parcel size 4
02-06 16:58:58.540 15800 15802 I cmd     : oneway function results will be dropped but finished with status OK and parcel size 4
02-06 16:58:58.715 15827 15829 I cmd     : oneway function results will be dropped but finished with status OK and parcel size 4
02-06 16:58:58.810 15842 15844 I cmd     : oneway function results will be dropped but finished with status OK and parcel size 4
02-06 16:58:58.908 15857 15859 I cmd     : oneway function results will be dropped but finished with status OK and parcel size 4
02-06 16:58:59.006 15872 15874 I cmd     : oneway function results will be dropped but finished with status OK and parcel size 4
02-06 16:58:59.091   179   179 I servicemanager: Since 'apexservice' could not be found, trying to start it as a lazy AIDL service
02-06 16:58:59.105   179   179 I BpBinder: onLastStrongRef automatically unlinking death recipients: <uncached descriptor>
02-06 16:58:59.105   179   179 I servicemanager: Tried to unregister apexservice, but there is about to be a client.
02-06 16:58:59.122 15887 15887 E libc    : Access denied finding property "persist.device_config.runtime_native_boot.profilebootclasspath"
02-06 16:58:59.122 15887 15887 E libc    : Access denied finding property "persist.device_config.runtime_native_boot.enable_apex_image"
02-06 16:58:59.120 15887 15887 W app_process: type=1400 audit(0.0:422): avc: denied { read } for name="u:object_r:device_config_runtime_native_boot_prop:s0" dev="tmpfs" ino=8249 scontext=u:r:shell:s0 tcontext=u:object_r:device_config_runtime_native_boot_prop:s0 tclass=file permissive=0
02-06 16:58:59.122 15887 15887 I AndroidRuntime: Using default boot image
02-06 16:58:59.120 15887 15887 W app_process: type=1400 audit(0.0:423): avc: denied { read } for name="u:object_r:device_config_runtime_native_boot_prop:s0" dev="tmpfs" ino=8249 scontext=u:r:shell:s0 tcontext=u:object_r:device_config_runtime_native_boot_prop:s0 tclass=file permissive=0
02-06 16:58:59.122 15887 15887 E libc    : Access denied finding property "persist.device_config.runtime_native_boot.disable_lock_profiling"
02-06 16:58:59.122 15887 15887 I AndroidRuntime: Leaving lock profiling enabled
02-06 16:58:59.122 15887 15887 E libc    : Access denied finding property "persist.device_config.runtime_native_boot.enable_generational_cc"
02-06 16:58:59.120 15887 15887 W app_process: type=1400 audit(0.0:424): avc: denied { read } for name="u:object_r:device_config_runtime_native_boot_prop:s0" dev="tmpfs" ino=8249 scontext=u:r:shell:s0 tcontext=u:object_r:device_config_runtime_native_boot_prop:s0 tclass=file permissive=0
02-06 16:58:59.153 15887 15887 I app_process: The ClassLoaderContext is a special shared library.
02-06 16:58:59.158 15887 15887 W app_process: JNI RegisterNativeMethods: attempt to register 0 native methods for android.media.AudioAttributes
02-06 16:58:59.266 15911 15913 I cmd     : oneway function results will be dropped but finished with status OK and parcel size 4
02-06 16:58:59.399   493   989 I ActivityTaskManager: START u0 {act=android.intent.action.VIEW dat=https://auth.expo.io/... flg=0x10000000 cmp=com.android.chrome/com.google.android.apps.chrome.IntentDispatcher (has extras)} from uid 10169
02-06 16:58:59.411   493  4442 I MediaFocusControl: abandonAudioFocus() from uid/pid 10169/6512 clientId=android.media.AudioManager@7792f39expo.modules.av.AVManager@156608b
02-06 16:58:59.414   493  4442 I system_server: oneway function results will be dropped but finished with status OK and parcel size 4
02-06 16:58:59.418   493  4442 W ActivityTaskManager: Tried to set launchTime (0) < mLastActivityLaunchTime (663627)
02-06 16:58:59.419   493  4442 W InputReader: Device virtio_input_multi_touch_10 is associated with display ADISPLAY_ID_NONE.
02-06 16:58:59.419   493  4442 W InputReader: Device virtio_input_multi_touch_6 is associated with display ADISPLAY_ID_NONE.
02-06 16:58:59.419   493  4442 W InputReader: Device virtio_input_multi_touch_8 is associated with display ADISPLAY_ID_NONE.
02-06 16:58:59.419   493  4442 W InputReader: Device virtio_input_multi_touch_9 is associated with display ADISPLAY_ID_NONE.
02-06 16:58:59.419   493  4442 W InputReader: Device virtio_input_multi_touch_4 is associated with display ADISPLAY_ID_NONE.
02-06 16:58:59.419   493  4442 W InputReader: Device virtio_input_multi_touch_5 is associated with display ADISPLAY_ID_NONE.
02-06 16:58:59.419   493  4442 W InputReader: Device virtio_input_multi_touch_11 is associated with display ADISPLAY_ID_NONE.
02-06 16:58:59.419   493  4442 W InputReader: Device virtio_input_multi_touch_7 is associated with display ADISPLAY_ID_NONE.
02-06 16:58:59.419   493  4442 W InputReader: Device virtio_input_multi_touch_2 is associated with display ADISPLAY_ID_NONE.
02-06 16:58:59.419   493  4442 W InputReader: Device virtio_input_multi_touch_3 is associated with display ADISPLAY_ID_NONE.
02-06 16:58:59.420   493  4442 W InputReader: Device virtio_input_multi_touch_10 is associated with display ADISPLAY_ID_NONE.
02-06 16:58:59.420   493  4442 W InputReader: Device virtio_input_multi_touch_6 is associated with display ADISPLAY_ID_NONE.
02-06 16:58:59.420   493  4442 W InputReader: Device virtio_input_multi_touch_8 is associated with display ADISPLAY_ID_NONE.
02-06 16:58:59.420   493  4442 W InputReader: Device virtio_input_multi_touch_9 is associated with display ADISPLAY_ID_NONE.
02-06 16:58:59.420   493  4442 W InputReader: Device virtio_input_multi_touch_4 is associated with display ADISPLAY_ID_NONE.
02-06 16:58:59.420   493  4442 W InputReader: Device virtio_input_multi_touch_5 is associated with display ADISPLAY_ID_NONE.
02-06 16:58:59.420   493  4442 W InputReader: Device virtio_input_multi_touch_11 is associated with display ADISPLAY_ID_NONE.
02-06 16:58:59.420   493  4442 W InputReader: Device virtio_input_multi_touch_7 is associated with display ADISPLAY_ID_NONE.
02-06 16:58:59.420   493  4442 W InputReader: Device virtio_input_multi_touch_2 is associated with display ADISPLAY_ID_NONE.
02-06 16:58:59.420   493  4442 W InputReader: Device virtio_input_multi_touch_3 is associated with display ADISPLAY_ID_NONE.
02-06 16:58:59.520   493  1367 I ActivityTaskManager: START u0 {act=android.intent.action.VIEW dat=https://auth.expo.io/... flg=0x18080000 cmp=com.android.chrome/org.chromium.chrome.browser.customtabs.CustomTabActivity (has extras)} from uid 10148
02-06 16:58:59.549   493  1367 I system_server: oneway function results will be dropped but finished with status OK and parcel size 4
02-06 16:58:59.566   493  1367 W ActivityTaskManager: Tried to set launchTime (0) < mLastActivityLaunchTime (690026)
02-06 16:58:59.567   493  1367 W InputReader: Device virtio_input_multi_touch_10 is associated with display ADISPLAY_ID_NONE.
02-06 16:58:59.567   493  1367 W InputReader: Device virtio_input_multi_touch_6 is associated with display ADISPLAY_ID_NONE.
02-06 16:58:59.567   493  1367 W InputReader: Device virtio_input_multi_touch_8 is associated with display ADISPLAY_ID_NONE.
02-06 16:58:59.567   493  1367 W InputReader: Device virtio_input_multi_touch_9 is associated with display ADISPLAY_ID_NONE.
02-06 16:58:59.567   493  1367 W InputReader: Device virtio_input_multi_touch_4 is associated with display ADISPLAY_ID_NONE.
02-06 16:58:59.567   493  1367 W InputReader: Device virtio_input_multi_touch_5 is associated with display ADISPLAY_ID_NONE.
02-06 16:58:59.567   493  1367 W InputReader: Device virtio_input_multi_touch_11 is associated with display ADISPLAY_ID_NONE.
02-06 16:58:59.567   493  1367 W InputReader: Device virtio_input_multi_touch_7 is associated with display ADISPLAY_ID_NONE.
02-06 16:58:59.567   493  1367 W InputReader: Device virtio_input_multi_touch_2 is associated with display ADISPLAY_ID_NONE.
02-06 16:58:59.567   493  1367 W InputReader: Device virtio_input_multi_touch_3 is associated with display ADISPLAY_ID_NONE.
02-06 16:58:59.567   493  1367 W InputReader: Device virtio_input_multi_touch_10 is associated with display ADISPLAY_ID_NONE.
02-06 16:58:59.567   493  1367 W InputReader: Device virtio_input_multi_touch_6 is associated with display ADISPLAY_ID_NONE.
02-06 16:58:59.567   493  1367 W InputReader: Device virtio_input_multi_touch_8 is associated with display ADISPLAY_ID_NONE.
02-06 16:58:59.567   493  1367 W InputReader: Device virtio_input_multi_touch_9 is associated with display ADISPLAY_ID_NONE.
02-06 16:58:59.567   493  1367 W InputReader: Device virtio_input_multi_touch_4 is associated with display ADISPLAY_ID_NONE.
02-06 16:58:59.567   493  1367 W InputReader: Device virtio_input_multi_touch_5 is associated with display ADISPLAY_ID_NONE.
02-06 16:58:59.567   493  1367 W InputReader: Device virtio_input_multi_touch_11 is associated with display ADISPLAY_ID_NONE.
02-06 16:58:59.567   493  1367 W InputReader: Device virtio_input_multi_touch_7 is associated with display ADISPLAY_ID_NONE.
02-06 16:58:59.567   493  1367 W InputReader: Device virtio_input_multi_touch_2 is associated with display ADISPLAY_ID_NONE.
02-06 16:58:59.567   493  1367 W InputReader: Device virtio_input_multi_touch_3 is associated with display ADISPLAY_ID_NONE.
02-06 16:58:59.635 13533 13533 E cr_CompositorSurfaceMgr: Transitioning to surface with format : -1
02-06 16:58:59.710 13533 13715 I cr_tabmodel: Starting to fetch tab list for tab_state39
02-06 16:58:59.710 13533 13715 I cr_tabmodel: State file does not exist.
02-06 16:58:59.736   661   684 I ndroid.systemu: NativeAlloc concurrent copying GC freed 22229(1074KB) AllocSpace objects, 0(0B) LOS objects, 49% free, 7061KB/13MB, paused 17us total 102.534ms
02-06 16:58:59.759   493   524 I ActivityManager: Start proc 15929:com.android.chrome:sandboxed_process0:org.chromium.content.app.SandboxedProcessService0:3/u0ai3 for  {com.android.chrome/org.chromium.content.app.SandboxedProcessService0:3}
02-06 16:58:59.763 15929 15929 E libc    : SetHeapTaggingLevel: re-enabling tagging after it was disabled is not supported
02-06 16:58:59.764 13533 13571 W OpenGLRenderer: Failed to choose config with EGL_SWAP_BEHAVIOR_PRESERVED, retrying without...
02-06 16:58:59.767 13533 13533 I cr_StartSurfaceConfig: Recorded Startup.Android.FirstDrawCompletedTime.NoInstant = 161 ms
02-06 16:58:59.769 15929 15929 E ocessService0:: Not starting debugger since process cannot load the jdwp agent.
02-06 16:58:59.809 15929 15929 W SystemServiceRegistry: No service published for: uimode
02-06 16:58:59.811 15929 15929 I cr_ChildProcessService: Creating new ChildProcessService pid=15929
02-06 16:58:59.853 13533 13533 E cr_CompositorSurfaceMgr: Transitioning to surface with format : -1
02-06 16:58:59.854 13533 13533 E cr_CompositorSurfaceMgr: surfaceCreated format : 0
02-06 16:58:59.856 13533 13533 I cr_ContextualSearch: Tap suppression enabled: false
02-06 16:58:59.907 15929 15946 I cr_LibraryLoader: Loaded native library version number "91.0.4472.114"
02-06 16:58:59.908 15929 15946 I cr_CachingUmaRecorder: Flushed 1 samples from 1 histograms.
02-06 16:59:00.057 13533 13533 I AssistStructure: Flattened final assist data: 4600 bytes, containing 1 windows, 35 views
02-06 16:59:00.100 14054 14106 E goldfish-address-space: mmap: host memory map failed with size 0x1005000 off 0x1f2ffc000 errno 1
02-06 16:59:00.132  5015  5015 W spz     : Pending fill request while another request in the same session was triggered. [CONTEXT service_id=177 ]
02-06 16:59:00.147 15963 15963 F crashpad: dlopen: dlopen failed: library "libandroidicu.so" not found: needed by /system/lib64/libharfbuzz_ng.so in namespace (default)
02-06 16:59:00.149 14054 14106 F libc    : Fatal signal 11 (SIGSEGV), code 1 (SEGV_MAPERR), fault addr 0x800000 in tid 14106 (CrGpuMain), pid 14054 (ileged_process1)
02-06 16:59:00.270  6512  6565 I ReactNativeJNI: Memory warning (pressure level: TRIM_MEMORY_UI_HIDDEN) received by JS VM, ignoring because it's non-severe
02-06 16:59:00.302 15971 15971 I crash_dump64: obtaining output fd from tombstoned, type: kDebuggerdTombstone
02-06 16:59:00.305   283   283 I tombstoned: received crash request for pid 14106
02-06 16:59:00.310 15971 15971 I crash_dump64: performing dump of process 14054 (target tid = 14106)
02-06 16:59:00.317 15971 15971 F DEBUG   : *** *** *** *** *** *** *** *** *** *** *** *** *** *** *** ***
02-06 16:59:00.317 15971 15971 F DEBUG   : Build fingerprint: 'google/sdk_gphone_arm64/emulator_arm64:11/RSR1.210722.003/7604015:user/release-keys'
02-06 16:59:00.317 15971 15971 F DEBUG   : Revision: '0'
02-06 16:59:00.317 15971 15971 F DEBUG   : ABI: 'arm64'
02-06 16:59:00.322 15971 15971 F DEBUG   : Timestamp: 2023-02-06 16:59:00+0530
02-06 16:59:00.322 15971 15971 F DEBUG   : pid: 14054, tid: 14106, name: CrGpuMain  >>> com.android.chrome:privileged_process1 <<<
02-06 16:59:00.322 15971 15971 F DEBUG   : uid: 10148
02-06 16:59:00.322 15971 15971 F DEBUG   : signal 11 (SIGSEGV), code 1 (SEGV_MAPERR), fault addr 0x800000
02-06 16:59:00.322 15971 15971 F DEBUG   :     x0  0000000000800000  x1  00000075ca93d000  x2  00000000000b6760  x3  0000000000800000
02-06 16:59:00.322 15971 15971 F DEBUG   :     x4  00000075ca9f3760  x5  00000000008b6760  x6  ffffffffffffffff  x7  ffffffffffffffff
02-06 16:59:00.322 15971 15971 F DEBUG   :     x8  00000000000000ad  x9  0000000000000000  x10 0000000000000004  x11 0000000000000003
02-06 16:59:00.322 15971 15971 F DEBUG   :     x12 ffffffffffffffff  x13 ffffffffffffffff  x14 08ffca07ab02e763  x15 b40000765920c850
02-06 16:59:00.322 15971 15971 F DEBUG   :     x16 000000756107bf28  x17 000000786aab5e40  x18 0000007571a1c000  x19 0000007000491a80
02-06 16:59:00.322 15971 15971 F DEBUG   :     x20 00000000000010e0  x21 00000000000000ad  x22 0000000000000000  x23 0000000000000438
02-06 16:59:00.322 15971 15971 F DEBUG   :     x24 0000000000000001  x25 0000000000000018  x26 00000075ca93d000  x27 00000000000010e0
02-06 16:59:00.322 15971 15971 F DEBUG   :     x28 0000000000800000  x29 0000007572638650
02-06 16:59:00.322 15971 15971 F DEBUG   :     lr  000000755f59bbc8  sp  00000075726385d0  pc  000000786aab5dc8  pst 0000000020001000
02-06 16:59:00.325 15971 15971 F DEBUG   : backtrace:
02-06 16:59:00.325 15971 15971 F DEBUG   :       #00 pc 0000000000049dc8  /apex/com.android.runtime/lib64/bionic/libc.so (__memcpy+248) (BuildId: ac8f7173c886715a2f2fec67246e21da)
02-06 16:59:00.325 15971 15971 F DEBUG   :       #01 pc 0000000003898bc4  /product/app/TrichromeLibrary64/TrichromeLibrary64.apk!libmonochrome_64.so (offset 0x646000) (BuildId: 0f5fd58bc519cc4dc381bd1f98b6809b9e0e70d1)
02-06 16:59:00.329   493   493 W AutofillSession: Call to Session#onFillRequestSuccess() rejected - session: 320404003 destroyed
02-06 16:59:00.374   493  6354 W OpenGLRenderer: Failed to choose config with EGL_SWAP_BEHAVIOR_PRESERVED, retrying without...
02-06 16:59:00.434 15981 15982 I cmd     : oneway function results will be dropped but finished with status OK and parcel size 4
02-06 16:59:00.550   283   283 E tombstoned: Tombstone written to: /data/tombstones/tombstone_03
02-06 16:59:00.557   291   291 I Zygote  : Process 14054 exited due to signal 11 (Segmentation fault)
02-06 16:59:00.557 13533 13678 W cr_ChildProcessConn: onServiceDisconnected (crash or killed by oom): pid=14054 bindings:W  S state:3 counts:0,2,0,2,
02-06 16:59:00.557 15929 15946 E chromium: [ERROR:command_buffer_proxy_impl.cc(123)] ContextResult::kTransientFailure: Failed to send GpuChannelMsg_CreateCommandBuffer.
02-06 16:59:00.558 13533 13711 E chromium: [ERROR:gpu_process_host.cc(1002)] GPU process exited unexpectedly: exit_code=0
02-06 16:59:00.558 13533 13711 W chromium: [WARNING:gpu_process_host.cc(1316)] The GPU process has crashed 2 time(s)
02-06 16:59:00.558   493   531 I BootReceiver: Copying /data/tombstones/tombstone_03 to DropBox (SYSTEM_TOMBSTONE)
02-06 16:59:00.559   493   531 I DropBoxManagerService: add tag=SYSTEM_TOMBSTONE isTagEnabled=true flags=0x2
02-06 16:59:00.560 13533 13533 W chromium: [WARNING:compositor_view.cc(341)] Child process died (type=9) pid=14054)
02-06 16:59:00.562   493   989 I ActivityManager: Process com.android.chrome:privileged_process1 (pid 14054) has died: fg  BTOP
02-06 16:59:00.560 13533 13533 W chromium: [WARNING:compositor_view.cc(341)] Child process died (type=9) pid=14054)
02-06 16:59:00.563   493   525 I libprocessgroup: Successfully killed process cgroup uid 10148 pid 14054 in 0ms
02-06 16:59:00.564   493   989 W ActivityManager: Scheduling restart of crashed service com.android.chrome/org.chromium.content.app.PrivilegedProcessService1 in 1000ms for connection
02-06 16:59:00.568 13533 13715 E cr_BrowserInitializer: Missing dump for child 14054
02-06 16:59:00.568 13533 13533 E cr_CompositorSurfaceMgr: SurfaceState : detach from parent : 4
02-06 16:59:00.571 13533 13533 E cr_CompositorSurfaceMgr: surfaceDestroyed format : 4
02-06 16:59:00.577   493 15992 I DropBoxManagerService: add tag=system_app_native_crash isTagEnabled=true flags=0x2
02-06 16:59:00.579  6512  6565 I ReactNativeJNI: Memory warning (pressure level: TRIM_MEMORY_COMPLETE) received by JS VM, running a GC
02-06 16:59:00.581  1572  1572 I A       : Trimming objects from memory, since app is in the background.
02-06 16:59:00.598  4188  4188 I Finsky  : [2] tdj.onTrimMemory(1): Memory trim requested to level 60
02-06 16:59:00.598  4188  4188 I Finsky  : [2] mpq.accept(12): Flushing in-memory image cache
02-06 16:59:00.601  1282  1282 I AppBase : AppBase.onTrimMemory():615 onTrimMemory(): 60
02-06 16:59:00.616   493   523 W BroadcastQueue: Background execution not allowed: receiving Intent { act=android.intent.action.DROPBOX_ENTRY_ADDED flg=0x10 (has extras) } to com.google.android.gms/.stats.service.DropBoxEntryAddedReceiver
02-06 16:59:00.616   493   523 W BroadcastQueue: Background execution not allowed: receiving Intent { act=android.intent.action.DROPBOX_ENTRY_ADDED flg=0x10 (has extras) } to com.google.android.gms/.chimera.GmsIntentOperationService$PersistentTrustedReceiver
02-06 16:59:00.617   493   523 W BroadcastQueue: Background execution not allowed: receiving Intent { act=android.intent.action.DROPBOX_ENTRY_ADDED flg=0x10 (has extras) } to com.google.android.gms/.stats.service.DropBoxEntryAddedReceiver
02-06 16:59:00.617   493   523 W BroadcastQueue: Background execution not allowed: receiving Intent { act=android.intent.action.DROPBOX_ENTRY_ADDED flg=0x10 (has extras) } to com.google.android.gms/.chimera.GmsIntentOperationService$PersistentTrustedReceiver
02-06 16:59:00.618 13533 13533 E cr_CompositorSurfaceMgr: surfaceCreated format : 0
02-06 16:59:00.625   493   522 I ActivityTaskManager: Displayed com.android.chrome/org.chromium.chrome.browser.customtabs.CustomTabActivity: +1s180ms
02-06 16:59:00.641 15994 15994 E ileged_process: Not starting debugger since process cannot load the jdwp agent.
02-06 16:59:00.642 13533 13678 I cr_BindingManager: onTrimMemory: level=15, size=1
02-06 16:59:00.643   493   524 I ActivityManager: Start proc 15994:com.android.chrome:privileged_process2/u0a148 for service {com.android.chrome/org.chromium.content.app.PrivilegedProcessService2}
02-06 16:59:00.660 15994 15994 I ileged_process: The ClassLoaderContext is a special shared library.
02-06 16:59:00.664 15994 15994 I ileged_process: The ClassLoaderContext is a special shared library.
02-06 16:59:00.698 15994 15994 I cr_ChildProcessService: Creating new ChildProcessService pid=15994
02-06 16:59:00.705   493  6354 W OpenGLRenderer: Failed to choose config with EGL_SWAP_BEHAVIOR_PRESERVED, retrying without...
02-06 16:59:00.722 15994 16015 I cr_LibraryLoader: Using linker: org.chromium.base.library_loader.ModernLinker
02-06 16:59:00.725 15994 16019 I cr_LibraryLoader: Loading monochrome_64
02-06 16:59:00.725 15994 16019 I cr_ModernLinker: loadLibraryImplLocked: monochrome_64, relroMode=2
02-06 16:59:00.751 15994 16019 I cr_LibraryLoader: Loaded native library version number "91.0.4472.114"
02-06 16:59:00.752 15994 16019 I cr_CachingUmaRecorder: Flushed 3 samples from 3 histograms.
02-06 16:59:00.785   180   180 I hwservicemanager: getTransport: Cannot find entry android.hardware.configstore@1.0::ISurfaceFlingerConfigs/default in either framework or device manifest.
02-06 16:59:00.810 15994 16019 I chatty  : uid=10148(com.android.chrome) CrGpuMain identical 8 lines
02-06 16:59:00.814 13533 13711 W chromium: [WARNING:gpu_process_host.cc(1030)] Reinitialized the GPU process after a crash. The reported initialization time was 57 ms
02-06 16:59:00.819 15994 16019 I chatty  : uid=10148(com.android.chrome) CrGpuMain identical 2 lines
02-06 16:59:00.910   180   180 I hwservicemanager: getTransport: Cannot find entry android.hardware.graphics.mapper@4.0::IMapper/default in either framework or device manifest.
02-06 16:59:00.910 15994 16019 I Gralloc4: mapper 4.x is not supported
02-06 16:59:00.935   493   502 I system_server: Background young concurrent copying GC freed 325541(14MB) AllocSpace objects, 56(2144KB) LOS objects, 43% free, 19MB/35MB, paused 108us total 115.078ms
02-06 16:59:00.936   493   504 W System  : A resource failed to call release. 
02-06 16:59:00.936   493   504 I chatty  : uid=1000(system) FinalizerDaemon identical 1 line
02-06 16:59:00.936   493   504 W System  : A resource failed to call release. 
02-06 16:59:00.963 15994 16019 E goldfish-address-space: mmap: host memory map failed with size 0x1005000 off 0x1f2ffc000 errno 1
02-06 16:59:00.980 16051 16051 F crashpad: dlopen: dlopen failed: library "libandroidicu.so" not found: needed by /system/lib64/libharfbuzz_ng.so in namespace (default)
02-06 16:59:00.981 15994 16019 F libc    : Fatal signal 11 (SIGSEGV), code 1 (SEGV_MAPERR), fault addr 0x800000 in tid 16019 (CrGpuMain), pid 15994 (ileged_process2)
02-06 16:59:01.003 16056 16056 I crash_dump64: obtaining output fd from tombstoned, type: kDebuggerdTombstone
02-06 16:59:01.004   283   283 I tombstoned: received crash request for pid 16019
02-06 16:59:01.005 16056 16056 I crash_dump64: performing dump of process 15994 (target tid = 16019)
02-06 16:59:01.006 16056 16056 F DEBUG   : *** *** *** *** *** *** *** *** *** *** *** *** *** *** *** ***
02-06 16:59:01.006 16056 16056 F DEBUG   : Build fingerprint: 'google/sdk_gphone_arm64/emulator_arm64:11/RSR1.210722.003/7604015:user/release-keys'
02-06 16:59:01.006 16056 16056 F DEBUG   : Revision: '0'
02-06 16:59:01.006 16056 16056 F DEBUG   : ABI: 'arm64'
02-06 16:59:01.009 16056 16056 F DEBUG   : Timestamp: 2023-02-06 16:59:01+0530
02-06 16:59:01.009 16056 16056 F DEBUG   : pid: 15994, tid: 16019, name: CrGpuMain  >>> com.android.chrome:privileged_process2 <<<
02-06 16:59:01.009 16056 16056 F DEBUG   : uid: 10148
02-06 16:59:01.009 16056 16056 F DEBUG   : signal 11 (SIGSEGV), code 1 (SEGV_MAPERR), fault addr 0x800000
02-06 16:59:01.009 16056 16056 F DEBUG   :     x0  0000000000800000  x1  0000007563e49000  x2  00000000000b6760  x3  0000000000800000
02-06 16:59:01.009 16056 16056 F DEBUG   :     x4  0000007563eff760  x5  00000000008b6760  x6  ffffffffffffffff  x7  ffffffffffffffff
02-06 16:59:01.009 16056 16056 F DEBUG   :     x8  00000000000000ad  x9  0000000000000000  x10 0000000000000004  x11 0000000000000003
02-06 16:59:01.009 16056 16056 F DEBUG   :     x12 ffffffffffffffff  x13 ffffffffffffffff  x14 44dd7ad243833520  x15 b4000076591f1c00
02-06 16:59:01.009 16056 16056 F DEBUG   :     x16 000000756107bf28  x17 000000786aab5e40  x18 00000075711d8000  x19 0000007000495560
02-06 16:59:01.009 16056 16056 F DEBUG   :     x20 00000000000010e0  x21 00000000000000ad  x22 0000000000000000  x23 0000000000000438
02-06 16:59:01.009 16056 16056 F DEBUG   :     x24 0000000000000001  x25 0000000000000018  x26 0000007563e49000  x27 00000000000010e0
02-06 16:59:01.009 16056 16056 F DEBUG   :     x28 0000000000800000  x29 000000757263a650
02-06 16:59:01.009 16056 16056 F DEBUG   :     lr  000000755f59bbc8  sp  000000757263a5d0  pc  000000786aab5dc8  pst 0000000020001000
02-06 16:59:01.010 16056 16056 F DEBUG   : backtrace:
02-06 16:59:01.010 16056 16056 F DEBUG   :       #00 pc 0000000000049dc8  /apex/com.android.runtime/lib64/bionic/libc.so (__memcpy+248) (BuildId: ac8f7173c886715a2f2fec67246e21da)
02-06 16:59:01.010 16056 16056 F DEBUG   :       #01 pc 0000000003898bc4  /product/app/TrichromeLibrary64/TrichromeLibrary64.apk!libmonochrome_64.so (offset 0x646000) (BuildId: 0f5fd58bc519cc4dc381bd1f98b6809b9e0e70d1)
02-06 16:59:01.066   179   179 I servicemanager: Notifying apexservice they have clients: 1
02-06 16:59:01.066   179   179 I servicemanager: Notifying apexservice they have clients: 0
02-06 16:59:01.068   179   179 I BpBinder: onLastStrongRef automatically unlinking death recipients: <uncached descriptor>
02-06 16:59:01.113   283   283 E tombstoned: Tombstone written to: /data/tombstones/tombstone_04
02-06 16:59:01.115   493 16078 I DropBoxManagerService: add tag=system_app_native_crash isTagEnabled=true flags=0x2
02-06 16:59:01.116   493   531 I BootReceiver: Copying /data/tombstones/tombstone_04 to DropBox (SYSTEM_TOMBSTONE)
02-06 16:59:01.116   493   531 I DropBoxManagerService: add tag=SYSTEM_TOMBSTONE isTagEnabled=true flags=0x2
02-06 16:59:01.117   493   523 W BroadcastQueue: Background execution not allowed: receiving Intent { act=android.intent.action.DROPBOX_ENTRY_ADDED flg=0x10 (has extras) } to com.google.android.gms/.stats.service.DropBoxEntryAddedReceiver
02-06 16:59:01.117   493   523 W BroadcastQueue: Background execution not allowed: receiving Intent { act=android.intent.action.DROPBOX_ENTRY_ADDED flg=0x10 (has extras) } to com.google.android.gms/.chimera.GmsIntentOperationService$PersistentTrustedReceiver
02-06 16:59:01.121   493   523 W BroadcastQueue: Background execution not allowed: receiving Intent { act=android.intent.action.DROPBOX_ENTRY_ADDED flg=0x10 (has extras) } to com.google.android.gms/.stats.service.DropBoxEntryAddedReceiver
