02-06 16:58:18.582 12678 12678 I app_process: The ClassLoaderContext is a special shared library.
02-06 16:58:18.587 12678 12678 W app_process: JNI RegisterNativeMethods: attempt to register 0 native methods for android.media.AudioAttributes
02-06 16:58:18.741   493   580 I InputDispatcher: Dropping move event because a pointer for a different device is already active in display 0
02-06 16:58:18.741   493   580 W InputDispatcher: Permission denied, dropping the motion (isPointer=true)
02-06 16:58:16.908   493   493 E RemoteAugmentedAutofillService: Bad service name for flags 1048704: com.google.android.as/com.google.android.apps.miphone.aiai.app.AiAiAugmentedAutofillService
02-06 16:58:18.741   493  4083 W InputManager: Input event injection from pid 12678 permission denied.
02-06 16:58:18.742 12678 12678 I app_process: System.exit called, status: 1
02-06 16:58:18.742 12678 12678 I AndroidRuntime: VM exiting with result code 1.
02-06 16:58:18.812   493  2882 I system_server: oneway function results will be dropped but finished with status OK and parcel size 4
02-06 16:58:18.943   493  2882 I system_server: oneway function results will be dropped but finished with status OK and parcel size 4
02-06 16:58:18.982 12716 12718 I cmd     : oneway function results will be dropped but finished with status OK and parcel size 4
02-06 16:58:19.165 12743 12745 I cmd     : oneway function results will be dropped but finished with status OK and parcel size 4
02-06 16:58:19.243 12758 12760 I cmd     : oneway function results will be dropped but finished with status OK and parcel size 4
02-06 16:58:19.322 12773 12775 I cmd     : oneway function results will be dropped but finished with status OK and parcel size 4
02-06 16:58:19.406 12791 12793 I cmd     : oneway function results will be dropped but finished with status OK and parcel size 4
02-06 16:58:19.416 12796 12798 I cmd     : oneway function results will be dropped but finished with status OK and parcel size 4
02-06 16:58:19.505 12815 12815 E libc    : Access denied finding property "persist.device_config.runtime_native_boot.profilebootclasspath"
02-06 16:58:19.505 12815 12815 E libc    : Access denied finding property "persist.device_config.runtime_native_boot.enable_apex_image"
02-06 16:58:19.505 12815 12815 I AndroidRuntime: Using default boot image
02-06 16:58:19.505 12815 12815 E libc    : Access denied finding property "persist.device_config.runtime_native_boot.disable_lock_profiling"
02-06 16:58:19.505 12815 12815 I AndroidRuntime: Leaving lock profiling enabled
02-06 16:58:19.505 12815 12815 E libc    : Access denied finding property "persist.device_config.runtime_native_boot.enable_generational_cc"
02-06 16:58:19.500 12815 12815 W app_process: type=1400 audit(0.0:348): avc: denied { read } for name="u:object_r:device_config_runtime_native_boot_prop:s0" dev="tmpfs" ino=8249 scontext=u:r:shell:s0 tcontext=u:object_r:device_config_runtime_native_boot_prop:s0 tclass=file permissive=0
02-06 16:58:19.535 12815 12815 I app_process: The ClassLoaderContext is a special shared library.
02-06 16:58:19.539 12815 12815 W app_process: JNI RegisterNativeMethods: attempt to register 0 native methods for android.media.AudioAttributes
02-06 16:58:19.596   493   580 I chatty  : uid=1000(system) InputDispatcher identical 2 lines
02-06 16:58:19.763   493  4083 I system_server: oneway function results will be dropped but finished with status OK and parcel size 4
02-06 16:58:19.888   493  4083 I system_server: oneway function results will be dropped but finished with status OK and parcel size 4
02-06 16:58:20.443 12847 12849 I cmd     : oneway function results will be dropped but finished with status OK and parcel size 4
02-06 16:58:21.192   493   580 I chatty  : uid=1000(system) InputDispatcher identical 5 lines
02-06 16:58:21.333 12891 12893 I cmd     : oneway function results will be dropped but finished with status OK and parcel size 4
02-06 16:58:21.458 12912 12914 I cmd     : oneway function results will be dropped but finished with status OK and parcel size 4
02-06 16:58:21.581 12937 12939 I cmd     : oneway function results will be dropped but finished with status OK and parcel size 4
02-06 16:58:21.758 12964 12966 I cmd     : oneway function results will be dropped but finished with status OK and parcel size 4
02-06 16:58:21.836 12979 12981 I cmd     : oneway function results will be dropped but finished with status OK and parcel size 4
02-06 16:58:21.990   493  2882 I system_server: oneway function results will be dropped but finished with status OK and parcel size 4
02-06 16:58:22.043 13011 13013 I cmd     : oneway function results will be dropped but finished with status OK and parcel size 4
02-06 16:58:22.122   493  2882 I system_server: oneway function results will be dropped but finished with status OK and parcel size 4
02-06 16:58:22.156 13026 13026 W app_process: type=1400 audit(0.0:352): avc: denied { read } for name="u:object_r:device_config_runtime_native_boot_prop:s0" dev="tmpfs" ino=8249 scontext=u:r:shell:s0 tcontext=u:object_r:device_config_runtime_native_boot_prop:s0 tclass=file permissive=0
02-06 16:58:22.160   212   212 W Binder:212_2: type=1400 audit(0.0:356): avc: denied { read } for name="wakeup4" dev="sysfs" ino=16464 scontext=u:r:system_suspend:s0 tcontext=u:object_r:sysfs:s0 tclass=dir permissive=0
02-06 16:58:22.160 13026 13026 E libc    : Access denied finding property "persist.device_config.runtime_native_boot.profilebootclasspath"
02-06 16:58:22.160 13026 13026 E libc    : Access denied finding property "persist.device_config.runtime_native_boot.enable_apex_image"
02-06 16:58:22.160 13026 13026 I AndroidRuntime: Using default boot image
02-06 16:58:22.160 13026 13026 E libc    : Access denied finding property "persist.device_config.runtime_native_boot.disable_lock_profiling"
02-06 16:58:22.160 13026 13026 I AndroidRuntime: Leaving lock profiling enabled
02-06 16:58:22.160 13026 13026 E libc    : Access denied finding property "persist.device_config.runtime_native_boot.enable_generational_cc"
02-06 16:58:22.162   212   216 E android.system.suspend@1.0-service: Error opening kernel wakelock stats for: wakeup4: Permission denied
02-06 16:58:22.162   212   216 E android.system.suspend@1.0-service: Error opening kernel wakelock stats for: wakeup2: Permission denied
02-06 16:58:22.163   212   216 E android.system.suspend@1.0-service: Error opening kernel wakelock stats for: wakeup0: Permission denied
02-06 16:58:22.163   212   216 E android.system.suspend@1.0-service: Error opening kernel wakelock stats for: wakeup5: Permission denied
02-06 16:58:22.163   212   216 E android.system.suspend@1.0-service: Error opening kernel wakelock stats for: wakeup3: Permission denied
02-06 16:58:22.163   212   216 E android.system.suspend@1.0-service: Error opening kernel wakelock stats for: wakeup1: Permission denied
02-06 16:58:22.189 13026 13026 I app_process: The ClassLoaderContext is a special shared library.
02-06 16:58:22.194 13026 13026 W app_process: JNI RegisterNativeMethods: attempt to register 0 native methods for android.media.AudioAttributes
02-06 16:58:22.435   493  2882 I system_server: oneway function results will be dropped but finished with status OK and parcel size 4
02-06 16:58:22.553 13047 13049 I cmd     : oneway function results will be dropped but finished with status OK and parcel size 4
02-06 16:58:22.566   493  2882 I system_server: oneway function results will be dropped but finished with status OK and parcel size 4
02-06 16:58:23.988 13079 13081 I cmd     : oneway function results will be dropped but finished with status OK and parcel size 4
02-06 16:58:24.158 13106 13108 I cmd     : oneway function results will be dropped but finished with status OK and parcel size 4
02-06 16:58:24.335 13135 13137 I cmd     : oneway function results will be dropped but finished with status OK and parcel size 4
02-06 16:58:24.415 13150 13152 I cmd     : oneway function results will be dropped but finished with status OK and parcel size 4
02-06 16:58:24.502 13165 13167 I cmd     : oneway function results will be dropped but finished with status OK and parcel size 4
02-06 16:58:24.586 13180 13182 I cmd     : oneway function results will be dropped but finished with status OK and parcel size 4
02-06 16:58:24.623   493  2882 I system_server: oneway function results will be dropped but finished with status OK and parcel size 4
02-06 16:58:24.645  6512  6566 W unknown:ReactNative: Attempt to set local data for view with unknown tag: -1
02-06 16:58:24.646  6512  6566 W unknown:ReactNative: Attempt to set local data for view with unknown tag: -1
02-06 16:58:24.674 13197 13199 I cmd     : oneway function results will be dropped but finished with status OK and parcel size 4
02-06 16:58:24.708 13200 13200 W app_process: type=1400 audit(0.0:362): avc: denied { read } for name="u:object_r:device_config_runtime_native_boot_prop:s0" dev="tmpfs" ino=8249 scontext=u:r:shell:s0 tcontext=u:object_r:device_config_runtime_native_boot_prop:s0 tclass=file permissive=0
02-06 16:58:24.711 13200 13200 E libc    : Access denied finding property "persist.device_config.runtime_native_boot.profilebootclasspath"
02-06 16:58:24.711 13200 13200 E libc    : Access denied finding property "persist.device_config.runtime_native_boot.enable_apex_image"
02-06 16:58:24.711 13200 13200 I AndroidRuntime: Using default boot image
02-06 16:58:24.711 13200 13200 E libc    : Access denied finding property "persist.device_config.runtime_native_boot.disable_lock_profiling"
02-06 16:58:24.711 13200 13200 I AndroidRuntime: Leaving lock profiling enabled
02-06 16:58:24.711 13200 13200 E libc    : Access denied finding property "persist.device_config.runtime_native_boot.enable_generational_cc"
02-06 16:58:24.756   493  1366 I system_server: oneway function results will be dropped but finished with status OK and parcel size 4
02-06 16:58:24.769 13200 13200 I app_process: The ClassLoaderContext is a special shared library.
02-06 16:58:24.785 13200 13200 W app_process: JNI RegisterNativeMethods: attempt to register 0 native methods for android.media.AudioAttributes
02-06 16:58:24.947  5015 11708 I NetworkScheduler.Stats: Task com.google.android.gms/com.google.android.gms.checkin.CheckinService started execution. cause:4 exec_start_elapsed_seconds: 655 [CONTEXT service_id=218 ]
02-06 16:58:24.952  5015  5084 I NetworkScheduler.Stats: Task com.google.android.gms/com.google.android.gms.checkin.CheckinService finished executing. cause:4 result: 3 elapsed_millis: 15 uptime_millis: 15 exec_start_elapsed_seconds: 655 [CONTEXT service_id=218 ]
02-06 16:58:24.959  5015  5084 I NetworkScheduler.Stats: Task com.google.android.gms/com.google.android.gms.tapandpay.gcmtask.TapAndPayGcmTaskService started execution. cause:4 exec_start_elapsed_seconds: 655 [CONTEXT service_id=218 ]
02-06 16:58:24.965  5015  6811 W TapAndPay: NfcAdapter is null while obtaining CardEmulation instance. [CONTEXT service_id=79 ]
02-06 16:58:24.965  5015  6811 W TapAndPay: java.lang.NullPointerException: NfcAdapter is null
02-06 16:58:24.965  5015  6811 W TapAndPay: 	at android.nfc.cardemulation.CardEmulation.getInstance(CardEmulation.java:150)
02-06 16:58:24.965  5015  6811 W TapAndPay: 	at boql.<init>(:com.google.android.gms@230214037@23.02.14 (150400-503200382):0)
02-06 16:58:24.965  5015  6811 W TapAndPay: 	at com.google.android.gms.tapandpay.hce.task.TapAndPayAidRegistrationTaskOperation.a(:com.google.android.gms@230214037@23.02.14 (150400-503200382):5)
02-06 16:58:24.965  5015  6811 W TapAndPay: 	at com.google.android.gms.tapandpay.gcmtask.TapAndPayGcmTaskChimeraService.a(:com.google.android.gms@230214037@23.02.14 (150400-503200382):4)
02-06 16:58:24.965  5015  6811 W TapAndPay: 	at asoh.call(:com.google.android.gms@230214037@23.02.14 (150400-503200382):4)
02-06 16:58:24.965  5015  6811 W TapAndPay: 	at java.util.concurrent.FutureTask.run(FutureTask.java:266)
02-06 16:58:24.965  5015  6811 W TapAndPay: 	at aahs.c(:com.google.android.gms@230214037@23.02.14 (150400-503200382):6)
02-06 16:58:24.965  5015  6811 W TapAndPay: 	at aahs.run(:com.google.android.gms@230214037@23.02.14 (150400-503200382):7)
02-06 16:58:24.965  5015  6811 W TapAndPay: 	at java.util.concurrent.ThreadPoolExecutor.runWorker(ThreadPoolExecutor.java:1167)
02-06 16:58:24.965  5015  6811 W TapAndPay: 	at java.util.concurrent.ThreadPoolExecutor$Worker.run(ThreadPoolExecutor.java:641)
02-06 16:58:24.965  5015  6811 W TapAndPay: 	at aamx.run(:com.google.android.gms@230214037@23.02.14 (150400-503200382):0)
02-06 16:58:24.965  5015  6811 W TapAndPay: 	at java.lang.Thread.run(Thread.java:923)
02-06 16:58:24.968  5015  5084 I NetworkScheduler.Stats: Task com.google.android.gms/com.google.android.gms.tapandpay.gcmtask.TapAndPayGcmTaskService finished executing. cause:4 result: 3 elapsed_millis: 20 uptime_millis: 20 exec_start_elapsed_seconds: 655 [CONTEXT service_id=218 ]
02-06 16:58:25.467   493  1366 W AppOps  : Noting op not finished: uid 10123 pkg com.google.android.gms code 79 startTime of in progress event=1675682286914
02-06 16:58:25.514   493  1366 I system_server: oneway function results will be dropped but finished with status OK and parcel size 4
02-06 16:58:25.534  6512  6512 I AssistStructure: Flattened final assist data: 2316 bytes, containing 1 windows, 13 views
02-06 16:58:25.538  5015  5015 W spz     : Pending fill request while another request in the same session was triggered. [CONTEXT service_id=177 ]
02-06 16:58:25.469   493  1366 W AppOps  : Noting op not finished: uid 10123 pkg com.google.android.gms code 79 startTime of in progress event=1675682286914
02-06 16:58:25.541   493   493 E RemoteAugmentedAutofillService: Bad service name for flags 1048704: com.google.android.as/com.google.android.apps.miphone.aiai.app.AiAiAugmentedAutofillService
02-06 16:58:25.643   493  2882 I system_server: oneway function results will be dropped but finished with status OK and parcel size 4
02-06 16:58:25.723 13244 13246 I cmd     : oneway function results will be dropped but finished with status OK and parcel size 4
02-06 16:58:26.040   493  4083 I system_server: oneway function results will be dropped but finished with status OK and parcel size 4
02-06 16:58:26.172   493  2882 I system_server: oneway function results will be dropped but finished with status OK and parcel size 4
02-06 16:58:26.771 13307 13309 I cmd     : oneway function results will be dropped but finished with status OK and parcel size 4
02-06 16:58:26.964 13334 13336 I cmd     : oneway function results will be dropped but finished with status OK and parcel size 4
02-06 16:58:27.074   493   580 I chatty  : uid=1000(system) InputDispatcher identical 1 line
02-06 16:58:27.139 13362 13363 I cmd     : oneway function results will be dropped but finished with status OK and parcel size 4
02-06 16:58:27.247 13382 13384 I cmd     : oneway function results will be dropped but finished with status OK and parcel size 4
02-06 16:58:27.440 13412 13412 W app_process: type=1400 audit(0.0:366): avc: denied { read } for name="u:object_r:device_config_runtime_native_boot_prop:s0" dev="tmpfs" ino=8249 scontext=u:r:shell:s0 tcontext=u:object_r:device_config_runtime_native_boot_prop:s0 tclass=file permissive=0
02-06 16:58:27.443 13412 13412 E libc    : Access denied finding property "persist.device_config.runtime_native_boot.profilebootclasspath"
02-06 16:58:27.440 13412 13412 W app_process: type=1400 audit(0.0:367): avc: denied { read } for name="u:object_r:device_config_runtime_native_boot_prop:s0" dev="tmpfs" ino=8249 scontext=u:r:shell:s0 tcontext=u:object_r:device_config_runtime_native_boot_prop:s0 tclass=file permissive=0
02-06 16:58:27.443 13412 13412 E libc    : Access denied finding property "persist.device_config.runtime_native_boot.enable_apex_image"
02-06 16:58:27.443 13412 13412 I AndroidRuntime: Using default boot image
02-06 16:58:27.443 13412 13412 E libc    : Access denied finding property "persist.device_config.runtime_native_boot.disable_lock_profiling"
02-06 16:58:27.443 13412 13412 I AndroidRuntime: Leaving lock profiling enabled
02-06 16:58:27.443 13412 13412 E libc    : Access denied finding property "persist.device_config.runtime_native_boot.enable_generational_cc"
02-06 16:58:27.475 13412 13412 I app_process: The ClassLoaderContext is a special shared library.
02-06 16:58:27.481 13412 13412 W app_process: JNI RegisterNativeMethods: attempt to register 0 native methods for android.media.AudioAttributes
02-06 16:58:27.722   493  1366 I system_server: oneway function results will be dropped but finished with status OK and parcel size 4
02-06 16:58:27.854   493  2882 I system_server: oneway function results will be dropped but finished with status OK and parcel size 4
02-06 16:58:28.161 13437 13439 I cmd     : oneway function results will be dropped but finished with status OK and parcel size 4
02-06 16:58:29.353 13469 13471 I cmd     : oneway function results will be dropped but finished with status OK and parcel size 4
02-06 16:58:29.400 13480 13484 I cmd     : oneway function results will be dropped but finished with status OK and parcel size 4
02-06 16:58:29.591 13513 13515 I cmd     : oneway function results will be dropped but finished with status OK and parcel size 4
02-06 16:58:29.691   493  1366 I system_server: oneway function results will be dropped but finished with status OK and parcel size 4
02-06 16:58:29.712   493  2882 I ActivityTaskManager: START u0 {act=android.intent.action.VIEW dat=https://auth.expo.io/... flg=0x10000000 cmp=com.android.chrome/com.google.android.apps.chrome.IntentDispatcher (has extras)} from uid 10169
02-06 16:58:29.744   493  4083 I MediaFocusControl: abandonAudioFocus() from uid/pid 10169/6512 clientId=android.media.AudioManager@7792f39expo.modules.av.AVManager@156608b
02-06 16:58:29.759   493   524 I ActivityManager: Start proc 13533:com.android.chrome/u0a148 for pre-top-activity {com.android.chrome/com.google.android.apps.chrome.IntentDispatcher}
02-06 16:58:29.794 13533 13533 E .android.chrom: Not starting debugger since process cannot load the jdwp agent.
02-06 16:58:29.799   493  4083 W InputReader: Device virtio_input_multi_touch_10 is associated with display ADISPLAY_ID_NONE.
02-06 16:58:29.799   493  4083 W InputReader: Device virtio_input_multi_touch_6 is associated with display ADISPLAY_ID_NONE.
02-06 16:58:29.799   493  4083 W InputReader: Device virtio_input_multi_touch_8 is associated with display ADISPLAY_ID_NONE.
02-06 16:58:29.799   493  4083 W InputReader: Device virtio_input_multi_touch_9 is associated with display ADISPLAY_ID_NONE.
02-06 16:58:29.799   493  4083 W InputReader: Device virtio_input_multi_touch_4 is associated with display ADISPLAY_ID_NONE.
02-06 16:58:29.799   493  4083 W InputReader: Device virtio_input_multi_touch_5 is associated with display ADISPLAY_ID_NONE.
02-06 16:58:29.799   493  4083 W InputReader: Device virtio_input_multi_touch_11 is associated with display ADISPLAY_ID_NONE.
02-06 16:58:29.799   493  4083 W InputReader: Device virtio_input_multi_touch_7 is associated with display ADISPLAY_ID_NONE.
02-06 16:58:29.799   493  4083 W InputReader: Device virtio_input_multi_touch_2 is associated with display ADISPLAY_ID_NONE.
02-06 16:58:29.799   493  4083 W InputReader: Device virtio_input_multi_touch_3 is associated with display ADISPLAY_ID_NONE.
02-06 16:58:29.799   493  4083 W InputReader: Device virtio_input_multi_touch_10 is associated with display ADISPLAY_ID_NONE.
02-06 16:58:29.799   493  4083 W InputReader: Device virtio_input_multi_touch_6 is associated with display ADISPLAY_ID_NONE.
02-06 16:58:29.799   493  4083 W InputReader: Device virtio_input_multi_touch_8 is associated with display ADISPLAY_ID_NONE.
02-06 16:58:29.799   493  4083 W InputReader: Device virtio_input_multi_touch_9 is associated with display ADISPLAY_ID_NONE.
02-06 16:58:29.799   493  4083 W InputReader: Device virtio_input_multi_touch_4 is associated with display ADISPLAY_ID_NONE.
02-06 16:58:29.799   493  4083 W InputReader: Device virtio_input_multi_touch_5 is associated with display ADISPLAY_ID_NONE.
02-06 16:58:29.799   493  4083 W InputReader: Device virtio_input_multi_touch_11 is associated with display ADISPLAY_ID_NONE.
02-06 16:58:29.799   493  4083 W InputReader: Device virtio_input_multi_touch_7 is associated with display ADISPLAY_ID_NONE.
02-06 16:58:29.799   493  4083 W InputReader: Device virtio_input_multi_touch_2 is associated with display ADISPLAY_ID_NONE.
02-06 16:58:29.799   493  4083 W InputReader: Device virtio_input_multi_touch_3 is associated with display ADISPLAY_ID_NONE.
02-06 16:58:29.807 13533 13533 I .android.chrom: The ClassLoaderContext is a special shared library.
02-06 16:58:29.825   493  4083 I system_server: oneway function results will be dropped but finished with status OK and parcel size 4
02-06 16:58:29.827 13533 13533 I .android.chrom: The ClassLoaderContext is a special shared library.
02-06 16:58:29.852 13563 13566 I cmd     : oneway function results will be dropped but finished with status OK and parcel size 4
02-06 16:58:29.871  5015 13241 I FontLog : Received query Google Sans, URI content://com.google.android.gms.fonts [CONTEXT service_id=132 ]
02-06 16:58:29.871  5015 13241 I FontLog : Query [Google Sans] resolved to {Google Sans, wdth 100.0, wght 400, ital 0.0, bestEffort false} [CONTEXT service_id=132 ]
02-06 16:58:29.874  5015 13241 I FontLog : Font PFD returned from cache for {Google Sans, wdth 100.0, wght 400, ital 0.0, bestEffort false} [CONTEXT service_id=132 ]
02-06 16:58:29.874  5015 13241 I FontLog : Fetch {Google Sans, wdth 100.0, wght 400, ital 0.0, bestEffort false} end status Status{statusCode=SUCCESS, resolution=null} [CONTEXT service_id=132 ]
02-06 16:58:29.879  5015  5037 I FontLog : Pulling font file for id = 4, cache size = 2 [CONTEXT service_id=132 ]
02-06 16:58:29.883  5015 13241 I FontLog : Received query Google Sans:500, URI content://com.google.android.gms.fonts [CONTEXT service_id=132 ]
02-06 16:58:29.883  5015 13241 I FontLog : Query [Google Sans:500] resolved to {Google Sans, wdth 100.0, wght 500, ital 0.0, bestEffort false} [CONTEXT service_id=132 ]
02-06 16:58:29.884  5015 13241 I FontLog : Font PFD returned from cache for {Google Sans, wdth 100.0, wght 500, ital 0.0, bestEffort false} [CONTEXT service_id=132 ]
02-06 16:58:29.885  5015 13241 I FontLog : Fetch {Google Sans, wdth 100.0, wght 500, ital 0.0, bestEffort false} end status Status{statusCode=SUCCESS, resolution=null} [CONTEXT service_id=132 ]
02-06 16:58:29.886  5015  5036 I FontLog : Pulling font file for id = 5, cache size = 3 [CONTEXT service_id=132 ]
02-06 16:58:29.890  5015 13241 I FontLog : Received query Google Sans:700, URI content://com.google.android.gms.fonts [CONTEXT service_id=132 ]
02-06 16:58:29.890  5015 13241 I FontLog : Query [Google Sans:700] resolved to {Google Sans, wdth 100.0, wght 700, ital 0.0, bestEffort false} [CONTEXT service_id=132 ]
02-06 16:58:29.892  5015 13241 I FontLog : Fetch {Google Sans, wdth 100.0, wght 700, ital 0.0, bestEffort false} end status Status{statusCode=SUCCESS, resolution=null} [CONTEXT service_id=132 ]
02-06 16:58:29.893  5015 13241 I FontLog : Pulling font file for id = 6, cache size = 4 [CONTEXT service_id=132 ]
02-06 16:58:29.894   493  4083 I ActivityTaskManager: START u0 {cmp=com.android.chrome/org.chromium.chrome.browser.firstrun.FirstRunActivity (has extras)} from uid 10148
02-06 16:58:29.905   493  4083 W ActivityTaskManager: Tried to set launchTime (0) < mLastActivityLaunchTime (660405)
02-06 16:58:29.905   493  4083 W InputReader: Device virtio_input_multi_touch_10 is associated with display ADISPLAY_ID_NONE.
02-06 16:58:29.905   493  4083 W InputReader: Device virtio_input_multi_touch_6 is associated with display ADISPLAY_ID_NONE.
02-06 16:58:29.905   493  4083 W InputReader: Device virtio_input_multi_touch_8 is associated with display ADISPLAY_ID_NONE.
02-06 16:58:29.905   493  4083 W InputReader: Device virtio_input_multi_touch_9 is associated with display ADISPLAY_ID_NONE.
02-06 16:58:29.905   493  4083 W InputReader: Device virtio_input_multi_touch_4 is associated with display ADISPLAY_ID_NONE.
02-06 16:58:29.905   493  4083 W InputReader: Device virtio_input_multi_touch_5 is associated with display ADISPLAY_ID_NONE.
02-06 16:58:29.905   493  4083 W InputReader: Device virtio_input_multi_touch_11 is associated with display ADISPLAY_ID_NONE.
02-06 16:58:29.905   493  4083 W InputReader: Device virtio_input_multi_touch_7 is associated with display ADISPLAY_ID_NONE.
02-06 16:58:29.905   493  4083 W InputReader: Device virtio_input_multi_touch_2 is associated with display ADISPLAY_ID_NONE.
02-06 16:58:29.905   493  4083 W InputReader: Device virtio_input_multi_touch_3 is associated with display ADISPLAY_ID_NONE.
02-06 16:58:29.905   493  4083 W InputReader: Device virtio_input_multi_touch_10 is associated with display ADISPLAY_ID_NONE.
02-06 16:58:29.905   493  4083 W InputReader: Device virtio_input_multi_touch_6 is associated with display ADISPLAY_ID_NONE.
02-06 16:58:29.905   493  4083 W InputReader: Device virtio_input_multi_touch_8 is associated with display ADISPLAY_ID_NONE.
02-06 16:58:29.905   493  4083 W InputReader: Device virtio_input_multi_touch_9 is associated with display ADISPLAY_ID_NONE.
02-06 16:58:29.905   493  4083 W InputReader: Device virtio_input_multi_touch_4 is associated with display ADISPLAY_ID_NONE.
02-06 16:58:29.905   493  4083 W InputReader: Device virtio_input_multi_touch_5 is associated with display ADISPLAY_ID_NONE.
02-06 16:58:29.905   493  4083 W InputReader: Device virtio_input_multi_touch_11 is associated with display ADISPLAY_ID_NONE.
02-06 16:58:29.905   493  4083 W InputReader: Device virtio_input_multi_touch_7 is associated with display ADISPLAY_ID_NONE.
02-06 16:58:29.905   493  4083 W InputReader: Device virtio_input_multi_touch_2 is associated with display ADISPLAY_ID_NONE.
02-06 16:58:29.905   493  4083 W InputReader: Device virtio_input_multi_touch_3 is associated with display ADISPLAY_ID_NONE.
02-06 16:58:29.921 13533 13564 W DynamiteModule: Local module descriptor class for com.google.android.gms.googlecertificates not found.
02-06 16:58:29.926 13533 13564 I DynamiteModule: Considering local module com.google.android.gms.googlecertificates:0 and remote module com.google.android.gms.googlecertificates:7
02-06 16:58:29.926 13533 13564 I DynamiteModule: Selected remote version of com.google.android.gms.googlecertificates, version >= 7
02-06 16:58:29.928 13533 13584 I cr_LibraryLoader: Using linker: org.chromium.base.library_loader.ModernLinker
02-06 16:58:29.928 13533 13584 I cr_LibraryLoader: Loading monochrome_64
02-06 16:58:29.930 13533 13584 I cr_ModernLinker: loadLibraryImplLocked: monochrome_64, relroMode=1
02-06 16:58:29.944 13533 13564 W System  : ClassLoader referenced unknown path: 
02-06 16:58:29.954 13533 13575 I cr_ADCP : Empty config_id
02-06 16:58:29.955 13533 13575 I cr_ADCP : No customization source found
02-06 16:58:29.977 13533 13533 W RecyclerView: No adapter attached; skipping layout
02-06 16:58:29.979   180   180 I hwservicemanager: getTransport: Cannot find entry android.hardware.configstore@1.0::ISurfaceFlingerConfigs/default in either framework or device manifest.
02-06 16:58:29.980 13533 13571 W OpenGLRenderer: Failed to choose config with EGL_SWAP_BEHAVIOR_PRESERVED, retrying without...
02-06 16:58:29.981   324   374 W ServiceManager: Permission failure: android.permission.ACCESS_SURFACE_FLINGER from uid=10148 pid=13533
02-06 16:58:29.996 13533 13533 I cr_StartSurfaceConfig: Recorded Startup.Android.FirstDrawCompletedTime.NoInstant = 74 ms
02-06 16:58:30.002   180   180 I hwservicemanager: getTransport: Cannot find entry android.hardware.graphics.mapper@4.0::IMapper/default in either framework or device manifest.
02-06 16:58:30.002 13533 13571 I Gralloc4: mapper 4.x is not supported
02-06 16:58:30.011  5015  5047 E bhyt    : Phenotype API error. Event # dhuz@269d96e2, EventCode: 7 [CONTEXT service_id=51 ]
02-06 16:58:30.011  5015  5047 E bhyt    : bhxv: 29505: No config packages for log source, or config package not registered
02-06 16:58:30.011  5015  5047 E bhyt    : 	at bhzp.b(:com.google.android.gms@230214037@23.02.14 (150400-503200382):4)
02-06 16:58:30.011  5015  5047 E bhyt    : 	at bhzm.g(:com.google.android.gms@230214037@23.02.14 (150400-503200382):0)
02-06 16:58:30.011  5015  5047 E bhyt    : 	at bhyt.e(:com.google.android.gms@230214037@23.02.14 (150400-503200382):4)
02-06 16:58:30.011  5015  5047 E bhyt    : 	at bhyt.f(:com.google.android.gms@230214037@23.02.14 (150400-503200382):2)
02-06 16:58:30.011  5015  5047 E bhyt    : 	at asih.er(:com.google.android.gms@230214037@23.02.14 (150400-503200382):1)
02-06 16:58:30.011  5015  5047 E bhyt    : 	at asin.run(:com.google.android.gms@230214037@23.02.14 (150400-503200382):12)
02-06 16:58:30.011  5015  5047 E bhyt    : 	at cmxp.run(:com.google.android.gms@230214037@23.02.14 (150400-503200382):2)
02-06 16:58:30.011  5015  5047 E bhyt    : 	at aahs.c(:com.google.android.gms@230214037@23.02.14 (150400-503200382):6)
02-06 16:58:30.011  5015  5047 E bhyt    : 	at aahs.run(:com.google.android.gms@230214037@23.02.14 (150400-503200382):7)
02-06 16:58:30.011  5015  5047 E bhyt    : 	at java.util.concurrent.ThreadPoolExecutor.runWorker(ThreadPoolExecutor.java:1167)
02-06 16:58:30.011  5015  5047 E bhyt    : 	at java.util.concurrent.ThreadPoolExecutor$Worker.run(ThreadPoolExecutor.java:641)
02-06 16:58:30.011  5015  5047 E bhyt    : 	at aamx.run(:com.google.android.gms@230214037@23.02.14 (150400-503200382):0)
02-06 16:58:30.011  5015  5047 E bhyt    : 	at java.lang.Thread.run(Thread.java:923)
02-06 16:58:30.015 13533 13584 I cr_LibraryLoader: Loaded native library version number "91.0.4472.114"
02-06 16:58:30.016  5015  5047 W AsyncOperation: operation=GetExperimentTokensOperationCall, opStatusCode=29505 [CONTEXT service_id=51 ]
02-06 16:58:30.016  5015  5047 W AsyncOperation: OperationException[Status{statusCode=No config packages for log source, or config package not registered, resolution=null}]
02-06 16:58:30.016  5015  5047 W AsyncOperation: 	at bhyt.e(:com.google.android.gms@230214037@23.02.14 (150400-503200382):6)
02-06 16:58:30.016  5015  5047 W AsyncOperation: 	at bhyt.f(:com.google.android.gms@230214037@23.02.14 (150400-503200382):2)
02-06 16:58:30.016  5015  5047 W AsyncOperation: 	at asih.er(:com.google.android.gms@230214037@23.02.14 (150400-503200382):1)
02-06 16:58:30.016  5015  5047 W AsyncOperation: 	at asin.run(:com.google.android.gms@230214037@23.02.14 (150400-503200382):12)
02-06 16:58:30.016  5015  5047 W AsyncOperation: 	at cmxp.run(:com.google.android.gms@230214037@23.02.14 (150400-503200382):2)
02-06 16:58:30.016  5015  5047 W AsyncOperation: 	at aahs.c(:com.google.android.gms@230214037@23.02.14 (150400-503200382):6)
02-06 16:58:30.016  5015  5047 W AsyncOperation: 	at aahs.run(:com.google.android.gms@230214037@23.02.14 (150400-503200382):7)
02-06 16:58:30.016  5015  5047 W AsyncOperation: 	at java.util.concurrent.ThreadPoolExecutor.runWorker(ThreadPoolExecutor.java:1167)
02-06 16:58:30.016  5015  5047 W AsyncOperation: 	at java.util.concurrent.ThreadPoolExecutor$Worker.run(ThreadPoolExecutor.java:641)
02-06 16:58:30.016  5015  5047 W AsyncOperation: 	at aamx.run(:com.google.android.gms@230214037@23.02.14 (150400-503200382):0)
02-06 16:58:30.016  5015  5047 W AsyncOperation: 	at java.lang.Thread.run(Thread.java:923)
02-06 16:58:30.019 13533 13584 I cr_CachingUmaRecorder: Flushed 29 samples from 29 histograms.
02-06 16:58:30.040   212   216 E android.system.suspend@1.0-service: Error opening kernel wakelock stats for: wakeup4: Permission denied
02-06 16:58:30.036   212   212 W Binder:212_2: type=1400 audit(0.0:370): avc: denied { read } for name="wakeup4" dev="sysfs" ino=16464 scontext=u:r:system_suspend:s0 tcontext=u:object_r:sysfs:s0 tclass=dir permissive=0
02-06 16:58:30.040   212   216 E android.system.suspend@1.0-service: Error opening kernel wakelock stats for: wakeup2: Permission denied
02-06 16:58:30.036   212   212 W Binder:212_2: type=1400 audit(0.0:371): avc: denied { read } for name="wakeup2" dev="sysfs" ino=15902 scontext=u:r:system_suspend:s0 tcontext=u:object_r:sysfs:s0 tclass=dir permissive=0
02-06 16:58:30.040   212   216 E android.system.suspend@1.0-service: Error opening kernel wakelock stats for: wakeup0: Permission denied
02-06 16:58:30.036   212   212 W Binder:212_2: type=1400 audit(0.0:372): avc: denied { read } for name="wakeup0" dev="sysfs" ino=13341 scontext=u:r:system_suspend:s0 tcontext=u:object_r:sysfs:s0 tclass=dir permissive=0
02-06 16:58:30.040   212   216 E android.system.suspend@1.0-service: Error opening kernel wakelock stats for: wakeup5: Permission denied
02-06 16:58:30.036   212   212 W Binder:212_2: type=1400 audit(0.0:374): avc: denied { read } for name="wakeup3" dev="sysfs" ino=15952 scontext=u:r:system_suspend:s0 tcontext=u:object_r:sysfs:s0 tclass=dir permissive=0
02-06 16:58:30.041   212   216 E android.system.suspend@1.0-service: Error opening kernel wakelock stats for: wakeup3: Permission denied
02-06 16:58:30.041   212   216 E android.system.suspend@1.0-service: Error opening kernel wakelock stats for: wakeup1: Permission denied
02-06 16:58:30.036   212   212 W Binder:212_2: type=1400 audit(0.0:375): avc: denied { read } for name="wakeup1" dev="sysfs" ino=13379 scontext=u:r:system_suspend:s0 tcontext=u:object_r:sysfs:s0 tclass=dir permissive=0
02-06 16:58:30.046 13533 13533 I cr_SkipTosPolicy: Supplier early out, <confirmedTosDialogEnabled>=true <confirmedDeviceNotOwned>=false
02-06 16:58:30.102   493   522 I ActivityTaskManager: Displayed com.android.chrome/org.chromium.chrome.browser.firstrun.FirstRunActivity: +374ms
02-06 16:58:30.283 13634 13635 I cmd     : oneway function results will be dropped but finished with status OK and parcel size 4
02-06 16:58:30.369 13649 13651 I cmd     : oneway function results will be dropped but finished with status OK and parcel size 4
02-06 16:58:30.448 13656 13656 W app_process: type=1400 audit(0.0:376): avc: denied { read } for name="u:object_r:device_config_runtime_native_boot_prop:s0" dev="tmpfs" ino=8249 scontext=u:r:shell:s0 tcontext=u:object_r:device_config_runtime_native_boot_prop:s0 tclass=file permissive=0
02-06 16:58:30.451 13656 13656 E libc    : Access denied finding property "persist.device_config.runtime_native_boot.profilebootclasspath"
02-06 16:58:30.451 13656 13656 E libc    : Access denied finding property "persist.device_config.runtime_native_boot.enable_apex_image"
02-06 16:58:30.451 13656 13656 I AndroidRuntime: Using default boot image
02-06 16:58:30.451 13656 13656 E libc    : Access denied finding property "persist.device_config.runtime_native_boot.disable_lock_profiling"
02-06 16:58:30.451 13656 13656 I AndroidRuntime: Leaving lock profiling enabled
02-06 16:58:30.451 13656 13656 E libc    : Access denied finding property "persist.device_config.runtime_native_boot.enable_generational_cc"
02-06 16:58:30.564 13656 13656 I app_process: The ClassLoaderContext is a special shared library.
02-06 16:58:30.572 13656 13656 W app_process: JNI RegisterNativeMethods: attempt to register 0 native methods for android.media.AudioAttributes
02-06 16:58:30.727  6512  6565 I ReactNativeJNI: Memory warning (pressure level: TRIM_MEMORY_UI_HIDDEN) received by JS VM, ignoring because it's non-severe
02-06 16:58:30.738   493  6354 W OpenGLRenderer: Failed to choose config with EGL_SWAP_BEHAVIOR_PRESERVED, retrying without...
02-06 16:58:30.921 13533 13558 I cr_VariationsSeedFetch: Fetched first run seed in 893 ms
02-06 16:58:30.931   493   524 W ZygoteProcess: Got error connecting to zygote, retrying. msg= Connection refused
02-06 16:58:30.932 13679 13679 I libc    : SetHeapTaggingLevel: tag level set to 0
02-06 16:58:30.982   493   524 I AppZygote: Starting application preload.
02-06 16:58:30.983 13679 13679 I AppZygoteInit: Beginning application preload for com.android.chrome
02-06 16:58:30.984 13679 13679 I d.chrome_zygot: The ClassLoaderContext is a special shared library.
02-06 16:58:30.987 13679 13679 I d.chrome_zygot: The ClassLoaderContext is a special shared library.
02-06 16:58:31.009 13679 13679 I AppZygoteInit: Application preload done
02-06 16:58:31.009   493   524 I AppZygote: Application preload done.
02-06 16:58:31.016 13690 13690 E libc    : SetHeapTaggingLevel: re-enabling tagging after it was disabled is not supported
02-06 16:58:31.016   493   524 W ActivityManager: Slow operation: 91ms so far, now at startProcess: returned from zygote!
02-06 16:58:31.016   493   524 W ActivityManager: Slow operation: 91ms so far, now at startProcess: done updating battery stats
02-06 16:58:31.016   493   524 W ActivityManager: Slow operation: 91ms so far, now at startProcess: building log message
02-06 16:58:31.016   493   524 I ActivityManager: Start proc 13690:com.android.chrome:sandboxed_process0:org.chromium.content.app.SandboxedProcessService0:0/u0ai0 for  {com.android.chrome/org.chromium.content.app.SandboxedProcessService0:0}
02-06 16:58:31.016   493   524 W ActivityManager: Slow operation: 91ms so far, now at startProcess: starting to update pids map
02-06 16:58:31.016   493   524 W ActivityManager: Slow operation: 91ms so far, now at startProcess: done updating pids map
02-06 16:58:31.019 13690 13690 E ocessService0:: Not starting debugger since process cannot load the jdwp agent.
02-06 16:58:31.042 13533 13533 I TetheringManager: registerTetheringEventCallback:com.android.chrome
02-06 16:58:31.063 13690 13690 W SystemServiceRegistry: No service published for: uimode
02-06 16:58:31.064 13690 13690 I cr_ChildProcessService: Creating new ChildProcessService pid=13690
02-06 16:58:31.097   493   524 I ActivityManager: Start proc 13722:com.android.chrome:privileged_process0/u0a148 for service {com.android.chrome/org.chromium.content.app.PrivilegedProcessService0}
02-06 16:58:31.102 13722 13722 E ileged_process: Not starting debugger since process cannot load the jdwp agent.
02-06 16:58:31.109 13722 13722 I ileged_process: The ClassLoaderContext is a special shared library.
02-06 16:58:31.110 13722 13722 I ileged_process: The ClassLoaderContext is a special shared library.
02-06 16:58:31.115   493   528 E libprocessgroup: AddTidToCgroup failed to write '13740'; fd=48: Invalid argument
02-06 16:58:31.115   493   528 E libprocessgroup: Failed to add task into cgroup
02-06 16:58:31.115   493   528 W libprocessgroup: ExecuteForTask failed for aggregate profile: Invalid argument
02-06 16:58:31.122 13722 13722 I cr_ChildProcessService: Creating new ChildProcessService pid=13722
02-06 16:58:31.131 13533 13533 I cr_SmsProviderGms: construction successfull null, r63@af26953
02-06 16:58:31.146 13722 13740 I cr_LibraryLoader: Using linker: org.chromium.base.library_loader.ModernLinker
02-06 16:58:31.148 13722 13742 I cr_LibraryLoader: Loading monochrome_64
02-06 16:58:31.148 13722 13742 I cr_ModernLinker: loadLibraryImplLocked: monochrome_64, relroMode=2
02-06 16:58:31.157 13533 13716 W cr_KnoxSettingsProvider: Permission to read device policy denied.
02-06 16:58:31.173 13722 13742 I cr_LibraryLoader: Loaded native library version number "91.0.4472.114"
02-06 16:58:31.173 13722 13742 I cr_CachingUmaRecorder: Flushed 3 samples from 3 histograms.
02-06 16:58:31.214   180   180 I hwservicemanager: getTransport: Cannot find entry android.hardware.configstore@1.0::ISurfaceFlingerConfigs/default in either framework or device manifest.
02-06 16:58:31.263 13722 13742 I chatty  : uid=10148(com.android.chrome) CrGpuMain identical 2 lines
02-06 16:58:31.273 13722 13742 I chatty  : uid=10148(com.android.chrome) CrGpuMain identical 4 lines
02-06 16:58:31.288   493  4083 I system_server: oneway function results will be dropped but finished with status OK and parcel size 4
02-06 16:58:31.308  1618  1653 I PeopleChimeraService: onService. callbacks = asii@262f590, request = com.google.android.gms.common.internal.GetServiceRequest@8549e89
02-06 16:58:31.327  1618  2066 I PeopleChimeraService: onService. callbacks = asii@aa186af, request = com.google.android.gms.common.internal.GetServiceRequest@829dabc
02-06 16:58:31.424   493   865 I system_server: oneway function results will be dropped but finished with status OK and parcel size 4
02-06 16:58:31.452 13772 13773 I cmd     : oneway function results will be dropped but finished with status OK and parcel size 4
02-06 16:58:32.404 13803 13804 I cmd     : oneway function results will be dropped but finished with status OK and parcel size 4
02-06 16:58:32.441 13812 13814 I cmd     : oneway function results will be dropped but finished with status OK and parcel size 4
02-06 16:58:32.719 13845 13847 I cmd     : oneway function results will be dropped but finished with status OK and parcel size 4
02-06 16:58:32.903   493  4083 I system_server: oneway function results will be dropped but finished with status OK and parcel size 4
02-06 16:58:32.905   493   865 I ActivityTaskManager: START u0 {act=android.intent.action.VIEW dat=https://auth.expo.io/... flg=0x10800000 cmp=com.android.chrome/com.google.android.apps.chrome.IntentDispatcher (has extras)} from uid 10148
02-06 16:58:32.949   493  4083 W ActivityTaskManager: Tried to set launchTime (0) < mLastActivityLaunchTime (660511)
02-06 16:58:32.953   493  4083 W InputReader: Device virtio_input_multi_touch_10 is associated with display ADISPLAY_ID_NONE.
02-06 16:58:32.953   493  4083 W InputReader: Device virtio_input_multi_touch_6 is associated with display ADISPLAY_ID_NONE.
02-06 16:58:32.953   493  4083 W InputReader: Device virtio_input_multi_touch_8 is associated with display ADISPLAY_ID_NONE.
02-06 16:58:32.953   493  4083 W InputReader: Device virtio_input_multi_touch_9 is associated with display ADISPLAY_ID_NONE.
02-06 16:58:32.953   493  4083 W InputReader: Device virtio_input_multi_touch_4 is associated with display ADISPLAY_ID_NONE.
02-06 16:58:32.953   493  4083 W InputReader: Device virtio_input_multi_touch_5 is associated with display ADISPLAY_ID_NONE.
02-06 16:58:32.953   493  4083 W InputReader: Device virtio_input_multi_touch_11 is associated with display ADISPLAY_ID_NONE.
02-06 16:58:32.953   493  4083 W InputReader: Device virtio_input_multi_touch_7 is associated with display ADISPLAY_ID_NONE.
02-06 16:58:32.953   493  4083 W InputReader: Device virtio_input_multi_touch_2 is associated with display ADISPLAY_ID_NONE.
02-06 16:58:32.953   493  4083 W InputReader: Device virtio_input_multi_touch_3 is associated with display ADISPLAY_ID_NONE.
02-06 16:58:32.953   493  4083 W InputReader: Device virtio_input_multi_touch_10 is associated with display ADISPLAY_ID_NONE.
02-06 16:58:32.953   493  4083 W InputReader: Device virtio_input_multi_touch_6 is associated with display ADISPLAY_ID_NONE.
02-06 16:58:32.953   493  4083 W InputReader: Device virtio_input_multi_touch_8 is associated with display ADISPLAY_ID_NONE.
02-06 16:58:32.953   493  4083 W InputReader: Device virtio_input_multi_touch_9 is associated with display ADISPLAY_ID_NONE.
02-06 16:58:32.953   493  4083 W InputReader: Device virtio_input_multi_touch_4 is associated with display ADISPLAY_ID_NONE.
02-06 16:58:32.953   493  4083 W InputReader: Device virtio_input_multi_touch_5 is associated with display ADISPLAY_ID_NONE.
02-06 16:58:32.953   493  4083 W InputReader: Device virtio_input_multi_touch_11 is associated with display ADISPLAY_ID_NONE.
02-06 16:58:32.953   493  4083 W InputReader: Device virtio_input_multi_touch_7 is associated with display ADISPLAY_ID_NONE.
02-06 16:58:32.953   493  4083 W InputReader: Device virtio_input_multi_touch_2 is associated with display ADISPLAY_ID_NONE.
02-06 16:58:32.953   493  4083 W InputReader: Device virtio_input_multi_touch_3 is associated with display ADISPLAY_ID_NONE.
02-06 16:58:32.987 13874 13876 I cmd     : oneway function results will be dropped but finished with status OK and parcel size 4
02-06 16:58:32.990   493  4083 I ActivityTaskManager: START u0 {act=android.intent.action.VIEW dat=https://auth.expo.io/... flg=0x18080000 cmp=com.android.chrome/org.chromium.chrome.browser.customtabs.CustomTabActivity (has extras)} from uid 10148
02-06 16:58:33.021   493  4083 W ActivityTaskManager: Tried to set launchTime (0) < mLastActivityLaunchTime (663559)
02-06 16:58:33.021   493  4083 W InputReader: Device virtio_input_multi_touch_10 is associated with display ADISPLAY_ID_NONE.
02-06 16:58:33.021   493  4083 W InputReader: Device virtio_input_multi_touch_6 is associated with display ADISPLAY_ID_NONE.
02-06 16:58:33.021   493  4083 W InputReader: Device virtio_input_multi_touch_8 is associated with display ADISPLAY_ID_NONE.
02-06 16:58:33.021   493  4083 W InputReader: Device virtio_input_multi_touch_9 is associated with display ADISPLAY_ID_NONE.
02-06 16:58:33.021   493  4083 W InputReader: Device virtio_input_multi_touch_4 is associated with display ADISPLAY_ID_NONE.
02-06 16:58:33.021   493  4083 W InputReader: Device virtio_input_multi_touch_5 is associated with display ADISPLAY_ID_NONE.
02-06 16:58:33.021   493  4083 W InputReader: Device virtio_input_multi_touch_11 is associated with display ADISPLAY_ID_NONE.
02-06 16:58:33.021   493  4083 W InputReader: Device virtio_input_multi_touch_7 is associated with display ADISPLAY_ID_NONE.
02-06 16:58:33.021   493  4083 W InputReader: Device virtio_input_multi_touch_2 is associated with display ADISPLAY_ID_NONE.
02-06 16:58:33.021   493  4083 W InputReader: Device virtio_input_multi_touch_3 is associated with display ADISPLAY_ID_NONE.
02-06 16:58:33.021   493  4083 W InputReader: Device virtio_input_multi_touch_10 is associated with display ADISPLAY_ID_NONE.
02-06 16:58:33.021   493  4083 W InputReader: Device virtio_input_multi_touch_6 is associated with display ADISPLAY_ID_NONE.
02-06 16:58:33.021   493  4083 W InputReader: Device virtio_input_multi_touch_8 is associated with display ADISPLAY_ID_NONE.
02-06 16:58:33.021   493  4083 W InputReader: Device virtio_input_multi_touch_9 is associated with display ADISPLAY_ID_NONE.
02-06 16:58:33.021   493  4083 W InputReader: Device virtio_input_multi_touch_4 is associated with display ADISPLAY_ID_NONE.
02-06 16:58:33.021   493  4083 W InputReader: Device virtio_input_multi_touch_5 is associated with display ADISPLAY_ID_NONE.
02-06 16:58:33.021   493  4083 W InputReader: Device virtio_input_multi_touch_11 is associated with display ADISPLAY_ID_NONE.
02-06 16:58:33.021   493  4083 W InputReader: Device virtio_input_multi_touch_7 is associated with display ADISPLAY_ID_NONE.
02-06 16:58:33.021   493  4083 W InputReader: Device virtio_input_multi_touch_2 is associated with display ADISPLAY_ID_NONE.
02-06 16:58:33.021   493  4083 W InputReader: Device virtio_input_multi_touch_3 is associated with display ADISPLAY_ID_NONE.
02-06 16:58:33.040   493  4083 I system_server: oneway function results will be dropped but finished with status OK and parcel size 4
02-06 16:58:33.132 13533 13533 E cr_CompositorSurfaceMgr: Transitioning to surface with format : -1
02-06 16:58:33.174   493  1007 I ActivityTaskManager: START u0 {act=android.intent.action.MAIN cat=[android.intent.category.LAUNCHER] flg=0x10000000 cmp=com.auth.blobitmobile/.MainActivity} from uid 2000
02-06 16:58:33.218 13533 13710 I cr_tabmodel: Starting to fetch tab list for tab_state37
02-06 16:58:33.218 13533 13710 I cr_tabmodel: State file does not exist.
02-06 16:58:33.260 13533 13533 I cr_StartSurfaceConfig: Recorded Startup.Android.FirstDrawCompletedTime.NoInstant = 211 ms
02-06 16:58:33.271   493   522 I ActivityTaskManager: Displayed com.android.chrome/org.chromium.chrome.browser.customtabs.CustomTabActivity: +366ms
02-06 16:58:33.277 13533 13533 E cr_CompositorSurfaceMgr: Transitioning to surface with format : -1
02-06 16:58:33.280 13533 13533 E cr_CompositorSurfaceMgr: surfaceCreated format : 0
02-06 16:58:33.285 13533 13533 I cr_ContextualSearch: Tap suppression enabled: false
02-06 16:58:33.301 13722 13742 I chatty  : uid=10148(com.android.chrome) CrGpuMain identical 2 lines
02-06 16:58:33.324 13690 13714 I cr_LibraryLoader: Loaded native library version number "91.0.4472.114"
02-06 16:58:33.324 13690 13714 I cr_CachingUmaRecorder: Flushed 1 samples from 1 histograms.
02-06 16:58:33.336   493   524 I ActivityManager: Start proc 13894:com.google.android.partnersetup/u0a117 for content provider {com.google.android.partnersetup/com.google.android.partnersetup.RlzAppProvider}
02-06 16:58:33.351 13894 13894 E id.partnersetu: Not starting debugger since process cannot load the jdwp agent.
02-06 16:58:33.381 13533 13709 I cr_VrCoreVersionChecker: Unable to find VrCore.
02-06 16:58:33.396 13894 13894 I id.partnersetu: The ClassLoaderContext is a special shared library.
02-06 16:58:33.396   493   593 W ActivityTaskManager: enqueueAssistContext failed: caller ActivityRecord{9dcb1f u0 com.android.chrome/org.chromium.chrome.browser.customtabs.CustomTabActivity t37} is not current top ActivityRecord{6641aad u0 com.auth.blobitmobile/.MainActivity t34}
02-06 16:58:33.397   493   593 W AutofillSession: failed to request autofill data for Token{f953ebe ActivityRecord{9dcb1f u0 com.android.chrome/org.chromium.chrome.browser.customtabs.CustomTabActivity t37}}
02-06 16:58:33.402 13894 13894 I id.partnersetu: The ClassLoaderContext is a special shared library.
02-06 16:58:33.482 13930 13931 I cmd     : oneway function results will be dropped but finished with status OK and parcel size 4
02-06 16:58:33.516   180   180 I hwservicemanager: getTransport: Cannot find entry android.hardware.graphics.mapper@4.0::IMapper/default in either framework or device manifest.
02-06 16:58:33.521 13722 13742 I Gralloc4: mapper 4.x is not supported
02-06 16:58:33.527   493  4083 W InputReader: Device virtio_input_multi_touch_10 is associated with display ADISPLAY_ID_NONE.
