02-06 16:57:02.545   493  1364 W InputReader: Device virtio_input_multi_touch_10 is associated with display ADISPLAY_ID_NONE.
02-06 16:57:02.545   493  1364 W InputReader: Device virtio_input_multi_touch_6 is associated with display ADISPLAY_ID_NONE.
02-06 16:57:02.545   493  1364 W InputReader: Device virtio_input_multi_touch_8 is associated with display ADISPLAY_ID_NONE.
02-06 16:57:02.545   493  1364 W InputReader: Device virtio_input_multi_touch_9 is associated with display ADISPLAY_ID_NONE.
02-06 16:57:02.545   493  1364 W InputReader: Device virtio_input_multi_touch_4 is associated with display ADISPLAY_ID_NONE.
02-06 16:57:02.545   493  1364 W InputReader: Device virtio_input_multi_touch_5 is associated with display ADISPLAY_ID_NONE.
02-06 16:57:02.545   493  1364 W InputReader: Device virtio_input_multi_touch_11 is associated with display ADISPLAY_ID_NONE.
02-06 16:57:02.545   493  1364 W InputReader: Device virtio_input_multi_touch_7 is associated with display ADISPLAY_ID_NONE.
02-06 16:57:02.545   493  1364 W InputReader: Device virtio_input_multi_touch_2 is associated with display ADISPLAY_ID_NONE.
02-06 16:57:02.545   493  1364 W InputReader: Device virtio_input_multi_touch_3 is associated with display ADISPLAY_ID_NONE.
02-06 16:57:02.591  6536  6538 I cmd     : oneway function results will be dropped but finished with status OK and parcel size 4
02-06 16:57:02.801  6512  6512 I fb-UnpackingSoSource: dso store is up-to-date: /data/user/0/com.auth.blobitmobile/lib-main
02-06 16:57:02.852  6512  6512 E th.blobitmobil: Invalid ID 0x00000000.
02-06 16:57:02.963   180   180 I hwservicemanager: getTransport: Cannot find entry android.hardware.configstore@1.0::ISurfaceFlingerConfigs/default in either framework or device manifest.
02-06 16:57:02.964  6512  6552 W OpenGLRenderer: Failed to choose config with EGL_SWAP_BEHAVIOR_PRESERVED, retrying without...
02-06 16:57:02.974   180   180 I hwservicemanager: getTransport: Cannot find entry android.hardware.graphics.mapper@4.0::IMapper/default in either framework or device manifest.
02-06 16:57:02.974  6512  6552 I Gralloc4: mapper 4.x is not supported
02-06 16:57:03.044   493   522 I ActivityTaskManager: Displayed com.auth.blobitmobile/.MainActivity: +521ms
02-06 16:57:03.045  6512  6555 I ExpoModulesCore:  AppContext was initialized
02-06 16:57:03.054  1572  2426 I PBSessionCacheImpl: (REDACTED) Deleted sessionId[%d] from persistence.
02-06 16:57:03.057  1572  2098 I A       : getLocaleToModelSpecsMap
02-06 16:57:03.057  1572  2098 I A       : getLocaleToModelSpecsMap
02-06 16:57:03.057  1572  2098 W SearchServiceCore: Abort, client detached.
02-06 16:57:03.058  1572  2098 I A       : getLocaleToModelSpecsMap
02-06 16:57:03.058  1572  2098 I A       : getLocaleToModelSpecsMap
02-06 16:57:03.063  1572  2044 I MicroDetectionState: (REDACTED) #takeChangeMicroDetectorMode [mIsBargeInEnabled: %b, mCurrentDetectionMode: %s, isHdmEnabled: %b]
02-06 16:57:03.063  1572  2044 I MicroDetectionState: (REDACTED) Should stop hotword detection immediately - %b
02-06 16:57:03.072  6512  6555 W unknown:ReactContext: initializeMessageQueueThreads() is called.
02-06 16:57:03.115  6512  6566 W unknown:ViewManagerPropertyUpdater: Could not find generated setter for class com.facebook.react.views.drawer.ReactDrawerLayoutManager
02-06 16:57:03.116  6512  6566 W unknown:ViewManagerPropertyUpdater: Could not find generated setter for class com.facebook.react.uimanager.LayoutShadowNode
02-06 16:57:03.117  6512  6566 W unknown:ViewManagerPropertyUpdater: Could not find generated setter for class com.facebook.react.views.scroll.ReactHorizontalScrollViewManager
02-06 16:57:03.117  6512  6566 W unknown:ViewManagerPropertyUpdater: Could not find generated setter for class com.facebook.react.views.scroll.ReactHorizontalScrollContainerViewManager
02-06 16:57:03.117  6512  6566 W unknown:ViewManagerPropertyUpdater: Could not find generated setter for class com.facebook.react.views.progressbar.ReactProgressBarViewManager
02-06 16:57:03.117  6512  6566 W unknown:ViewManagerPropertyUpdater: Could not find generated setter for class com.facebook.react.views.progressbar.ProgressBarShadowNode
02-06 16:57:03.118  6512  6566 W unknown:ViewManagerPropertyUpdater: Could not find generated setter for class com.facebook.react.views.scroll.ReactScrollViewManager
02-06 16:57:03.118  6512  6566 W unknown:ViewManagerPropertyUpdater: Could not find generated setter for class com.facebook.react.views.slider.ReactSliderManager
02-06 16:57:03.118  6512  6566 W unknown:ViewManagerPropertyUpdater: Could not find generated setter for class com.facebook.react.views.slider.ReactSliderManager$ReactSliderShadowNode
02-06 16:57:03.118  6512  6566 W unknown:ViewManagerPropertyUpdater: Could not find generated setter for class com.facebook.react.views.switchview.ReactSwitchManager
02-06 16:57:03.118  6512  6566 W unknown:ViewManagerPropertyUpdater: Could not find generated setter for class com.facebook.react.views.switchview.ReactSwitchManager$ReactSwitchShadowNode
02-06 16:57:03.118  6512  6566 W unknown:ViewManagerPropertyUpdater: Could not find generated setter for class com.facebook.react.views.swiperefresh.SwipeRefreshLayoutManager
02-06 16:57:03.119  6512  6566 W unknown:ViewManagerPropertyUpdater: Could not find generated setter for class com.facebook.react.views.text.frescosupport.FrescoBasedReactTextInlineImageViewManager
02-06 16:57:03.119  6512  6566 W unknown:ViewManagerPropertyUpdater: Could not find generated setter for class com.facebook.react.views.text.frescosupport.FrescoBasedReactTextInlineImageShadowNode
02-06 16:57:03.119  6512  6566 W unknown:ViewManagerPropertyUpdater: Could not find generated setter for class com.facebook.react.views.image.ReactImageManager
02-06 16:57:03.119  6512  6566 W unknown:ViewManagerPropertyUpdater: Could not find generated setter for class com.facebook.react.views.modal.ReactModalHostManager
02-06 16:57:03.119  6512  6566 W unknown:ViewManagerPropertyUpdater: Could not find generated setter for class com.facebook.react.views.modal.ModalHostShadowNode
02-06 16:57:03.119  6512  6566 W unknown:ViewManagerPropertyUpdater: Could not find generated setter for class com.facebook.react.views.text.ReactRawTextManager
02-06 16:57:03.119  6512  6566 W unknown:ViewManagerPropertyUpdater: Could not find generated setter for class com.facebook.react.views.text.ReactRawTextShadowNode
02-06 16:57:03.119  6512  6566 W unknown:ViewManagerPropertyUpdater: Could not find generated setter for class com.facebook.react.views.textinput.ReactTextInputManager
02-06 16:57:03.120  6512  6566 W unknown:ViewManagerPropertyUpdater: Could not find generated setter for class com.facebook.react.views.textinput.ReactTextInputShadowNode
02-06 16:57:03.121  6512  6566 W unknown:ViewManagerPropertyUpdater: Could not find generated setter for class com.facebook.react.views.text.ReactTextViewManager
02-06 16:57:03.121  6512  6566 W unknown:ViewManagerPropertyUpdater: Could not find generated setter for class com.facebook.react.views.text.ReactTextShadowNode
02-06 16:57:03.121  6512  6566 W unknown:ViewManagerPropertyUpdater: Could not find generated setter for class com.facebook.react.views.view.ReactViewManager
02-06 16:57:03.122  6512  6566 W unknown:ViewManagerPropertyUpdater: Could not find generated setter for class com.facebook.react.views.text.ReactVirtualTextViewManager
02-06 16:57:03.122  6512  6566 W unknown:ViewManagerPropertyUpdater: Could not find generated setter for class com.facebook.react.views.text.ReactVirtualTextShadowNode
02-06 16:57:03.122  6512  6566 W unknown:ViewManagerPropertyUpdater: Could not find generated setter for class com.facebook.react.views.unimplementedview.ReactUnimplementedViewManager
02-06 16:57:03.122  6512  6566 W unknown:ViewManagerPropertyUpdater: Could not find generated setter for class expo.modules.kotlin.views.GroupViewManagerWrapper
02-06 16:57:03.122  6512  6566 W unknown:ViewManagerPropertyUpdater: Could not find generated setter for class expo.modules.kotlin.views.SimpleViewManagerWrapper
02-06 16:57:03.122  6512  6566 W unknown:ViewManagerPropertyUpdater: Could not find generated setter for class com.th3rdwave.safeareacontext.SafeAreaProviderManager
02-06 16:57:03.122  6512  6566 W unknown:ViewManagerPropertyUpdater: Could not find generated setter for class com.th3rdwave.safeareacontext.SafeAreaViewManager
02-06 16:57:03.122  6512  6566 W unknown:ViewManagerPropertyUpdater: Could not find generated setter for class com.th3rdwave.safeareacontext.SafeAreaViewShadowNode
02-06 16:57:03.122  6512  6566 W unknown:ViewManagerPropertyUpdater: Could not find generated setter for class com.swmansion.rnscreens.ScreenContainerViewManager
02-06 16:57:03.122  6512  6566 W unknown:ViewManagerPropertyUpdater: Could not find generated setter for class com.swmansion.rnscreens.ScreenViewManager
02-06 16:57:03.122  6512  6566 W unknown:ViewManagerPropertyUpdater: Could not find generated setter for class com.swmansion.rnscreens.ScreenStackViewManager
02-06 16:57:03.122  6512  6566 W unknown:ViewManagerPropertyUpdater: Could not find generated setter for class com.swmansion.rnscreens.ScreenStackHeaderConfigViewManager
02-06 16:57:03.122  6512  6566 W unknown:ViewManagerPropertyUpdater: Could not find generated setter for class com.swmansion.rnscreens.ScreenStackHeaderSubviewManager
02-06 16:57:03.123  6512  6566 W unknown:ViewManagerPropertyUpdater: Could not find generated setter for class com.swmansion.rnscreens.SearchBarManager
02-06 16:57:03.123  6512  6566 W unknown:ViewManagerPropertyUpdater: Could not find generated setter for class com.horcrux.svg.RenderableViewManager$GroupViewManager
02-06 16:57:03.123  6512  6566 W unknown:ViewManagerPropertyUpdater: Could not find generated setter for class com.horcrux.svg.VirtualViewManager$RenderableShadowNode
02-06 16:57:03.123  6512  6566 W unknown:ViewManagerPropertyUpdater: Could not find generated setter for class com.horcrux.svg.RenderableViewManager$PathViewManager
02-06 16:57:03.123  6512  6566 W unknown:ViewManagerPropertyUpdater: Could not find generated setter for class com.horcrux.svg.RenderableViewManager$CircleViewManager
02-06 16:57:03.124  6512  6566 W unknown:ViewManagerPropertyUpdater: Could not find generated setter for class com.horcrux.svg.RenderableViewManager$EllipseViewManager
02-06 16:57:03.124  6512  6566 W unknown:ViewManagerPropertyUpdater: Could not find generated setter for class com.horcrux.svg.RenderableViewManager$LineViewManager
02-06 16:57:03.124  6512  6566 W unknown:ViewManagerPropertyUpdater: Could not find generated setter for class com.horcrux.svg.RenderableViewManager$RectViewManager
02-06 16:57:03.124  6512  6566 W unknown:ViewManagerPropertyUpdater: Could not find generated setter for class com.horcrux.svg.RenderableViewManager$TextViewManager
02-06 16:57:03.124  6512  6566 W unknown:ViewManagerPropertyUpdater: Could not find generated setter for class com.horcrux.svg.RenderableViewManager$TSpanViewManager
02-06 16:57:03.125  6512  6566 W unknown:ViewManagerPropertyUpdater: Could not find generated setter for class com.horcrux.svg.RenderableViewManager$TextPathViewManager
02-06 16:57:03.125  6512  6566 W unknown:ViewManagerPropertyUpdater: Could not find generated setter for class com.horcrux.svg.RenderableViewManager$ImageViewManager
02-06 16:57:03.125  6512  6566 W unknown:ViewManagerPropertyUpdater: Could not find generated setter for class com.horcrux.svg.RenderableViewManager$ClipPathViewManager
02-06 16:57:03.125  6512  6566 W unknown:ViewManagerPropertyUpdater: Could not find generated setter for class com.horcrux.svg.RenderableViewManager$DefsViewManager
02-06 16:57:03.125  6512  6566 W unknown:ViewManagerPropertyUpdater: Could not find generated setter for class com.horcrux.svg.RenderableViewManager$UseViewManager
02-06 16:57:03.125  6512  6566 W unknown:ViewManagerPropertyUpdater: Could not find generated setter for class com.horcrux.svg.RenderableViewManager$SymbolManager
02-06 16:57:03.126  6512  6566 W unknown:ViewManagerPropertyUpdater: Could not find generated setter for class com.horcrux.svg.RenderableViewManager$LinearGradientManager
02-06 16:57:03.126  6512  6566 W unknown:ViewManagerPropertyUpdater: Could not find generated setter for class com.horcrux.svg.RenderableViewManager$RadialGradientManager
02-06 16:57:03.126  6512  6566 W unknown:ViewManagerPropertyUpdater: Could not find generated setter for class com.horcrux.svg.RenderableViewManager$PatternManager
02-06 16:57:03.126  6512  6566 W unknown:ViewManagerPropertyUpdater: Could not find generated setter for class com.horcrux.svg.RenderableViewManager$MaskManager
02-06 16:57:03.127  6512  6566 W unknown:ViewManagerPropertyUpdater: Could not find generated setter for class com.horcrux.svg.RenderableViewManager$ForeignObjectManager
02-06 16:57:03.127  6512  6566 W unknown:ViewManagerPropertyUpdater: Could not find generated setter for class com.horcrux.svg.RenderableViewManager$MarkerManager
02-06 16:57:03.127  6512  6566 W unknown:ViewManagerPropertyUpdater: Could not find generated setter for class com.horcrux.svg.SvgViewManager
02-06 16:57:03.134  6512  6566 W unknown:ReactContext: initializeMessageQueueThreads() is called.
02-06 16:57:03.204  6512  6565 I ExpoModulesCore:  JSI interop was installed
02-06 16:57:03.208  6512  6565 I ExpoModulesCore:  Constants were exported
02-06 16:57:03.381  5015  5036 I FontLog : Received query Noto Color Emoji Compat, URI content://com.google.android.gms.fonts [CONTEXT service_id=132 ]
02-06 16:57:03.382  5015  5036 I FontLog : Query [emojicompat-emoji-font] resolved to {Noto Color Emoji Compat, wdth 100.0, wght 400, ital 0.0, bestEffort false} [CONTEXT service_id=132 ]
02-06 16:57:03.384  5015  5036 I FontLog : Fetch {Noto Color Emoji Compat, wdth 100.0, wght 400, ital 0.0, bestEffort false} end status Status{statusCode=SUCCESS, resolution=null} [CONTEXT service_id=132 ]
02-06 16:57:03.386  5015  5036 I FontLog : Pulling font file for id = 3, cache size = 2 [CONTEXT service_id=132 ]
02-06 16:57:03.389  5015  5036 I FontLog : Pulling font file for id = 3, cache size = 2 [CONTEXT service_id=132 ]
02-06 16:57:03.546  1282  1330 I PeriodicStatsRunner: PeriodicStatsRunner.call():180 call()
02-06 16:57:03.571  1282  1330 I putmethod.lati: Explicit concurrent copying GC freed 14511(717KB) AllocSpace objects, 2(104KB) LOS objects, 24% free, 5775KB/7700KB, paused 1.540ms total 24.068ms
02-06 16:57:03.607  1282  1330 I TiresiasImpl: TiresiasImpl.setupTrainingCache():1431 setupTrainingCache()
02-06 16:57:03.610  1282  1330 I Tiresias: TrainingCache.getCacheConfig():182 getCacheConfig()
02-06 16:57:03.613  6512  6565 I ReactNativeJS: Running "main
02-06 16:57:03.617  1282  1330 I Tiresias: TrainingCache.createMultiCollectionClient():135 createMultiCollectionClient(): Finished in 9 ms
02-06 16:57:03.617  1282  1330 W PeriodicStatsRunner: PeriodicStatsRunner.call():237 call() : Finished in 71 ms
02-06 16:57:03.665  1282  1330 I TrainingCachePoolImpl: TrainingCachePoolImpl$RefCountedTrainingCache.addClient():94 Using cache tiresias for client mrv@6320379, new refcount=1
02-06 16:57:03.694  1282  6595 I SqliteObjectDatabaseHelper: SqliteObjectDatabaseHelper.onCreate():37 [SqliteObjectDatabaseHelper.onCreate] version N/A => 1
02-06 16:57:03.695  1282  6595 I SqliteObjectCollectionManager: SqliteObjectCollectionManager.getStoredSchemaForCollection():220 Table cc doesn't exist and needs to be created
02-06 16:57:03.695  1282  6595 I SqliteObjectCollectionManager: SqliteObjectCollectionManager.createOrMigrateCollection():106 Creating table cc
02-06 16:57:03.695  1282  6595 I SqliteObjectCollectionManager: SqliteObjectCollectionManager.getStoredSchemaForCollection():220 Table kl doesn't exist and needs to be created
02-06 16:57:03.695  1282  6595 I SqliteObjectCollectionManager: SqliteObjectCollectionManager.createOrMigrateCollection():106 Creating table kl
02-06 16:57:03.695  1282  6595 I SqliteObjectCollectionManager: SqliteObjectCollectionManager.getStoredSchemaForCollection():220 Table c doesn't exist and needs to be created
02-06 16:57:03.695  1282  6595 I SqliteObjectCollectionManager: SqliteObjectCollectionManager.createOrMigrateCollection():106 Creating table c
02-06 16:57:03.695  1282  6595 I SqliteObjectCollectionManager: SqliteObjectCollectionManager.getStoredSchemaForCollection():220 Table d doesn't exist and needs to be created
02-06 16:57:03.695  1282  6595 I SqliteObjectCollectionManager: SqliteObjectCollectionManager.createOrMigrateCollection():106 Creating table d
02-06 16:57:03.696  1282  6595 I SqliteObjectCollectionManager: SqliteObjectCollectionManager.getStoredSchemaForCollection():220 Table tpb doesn't exist and needs to be created
02-06 16:57:03.696  1282  6595 I SqliteObjectCollectionManager: SqliteObjectCollectionManager.createOrMigrateCollection():106 Creating table tpb
02-06 16:57:03.696  1282  6595 I SqliteObjectCollectionManager: SqliteObjectCollectionManager.getStoredSchemaForCollection():220 Table nia doesn't exist and needs to be created
02-06 16:57:03.696  1282  6595 I SqliteObjectCollectionManager: SqliteObjectCollectionManager.createOrMigrateCollection():106 Creating table nia
02-06 16:57:03.696  1282  6595 I SqliteObjectCollectionManager: SqliteObjectCollectionManager.getStoredSchemaForCollection():220 Table cm doesn't exist and needs to be created
02-06 16:57:03.696  1282  6595 I SqliteObjectCollectionManager: SqliteObjectCollectionManager.createOrMigrateCollection():106 Creating table cm
02-06 16:57:03.696  1282  6595 I SqliteObjectCollectionManager: SqliteObjectCollectionManager.getStoredSchemaForCollection():220 Table es doesn't exist and needs to be created
02-06 16:57:03.696  1282  6595 I SqliteObjectCollectionManager: SqliteObjectCollectionManager.createOrMigrateCollection():106 Creating table es
02-06 16:57:03.696  1282  6595 I SqliteObjectCollectionManager: SqliteObjectCollectionManager.getStoredSchemaForCollection():220 Table tf doesn't exist and needs to be created
02-06 16:57:03.696  1282  6595 I SqliteObjectCollectionManager: SqliteObjectCollectionManager.createOrMigrateCollection():106 Creating table tf
02-06 16:57:03.696  1282  6595 I SqliteObjectCollectionManager: SqliteObjectCollectionManager.getStoredSchemaForCollection():220 Table s doesn't exist and needs to be created
02-06 16:57:03.696  1282  6595 I SqliteObjectCollectionManager: SqliteObjectCollectionManager.createOrMigrateCollection():106 Creating table s
02-06 16:57:03.697  1282  6595 I SqliteObjectCollectionManager: SqliteObjectCollectionManager.getStoredSchemaForCollection():220 Table tm doesn't exist and needs to be created
02-06 16:57:03.697  1282  6595 I SqliteObjectCollectionManager: SqliteObjectCollectionManager.createOrMigrateCollection():106 Creating table tm
02-06 16:57:03.697  1282  6595 I SqliteObjectCollectionManager: SqliteObjectCollectionManager.getStoredSchemaForCollection():220 Table vo doesn't exist and needs to be created
02-06 16:57:03.697  1282  6595 I SqliteObjectCollectionManager: SqliteObjectCollectionManager.createOrMigrateCollection():106 Creating table vo
02-06 16:57:03.697  1282  6595 I SqliteObjectCollectionManager: SqliteObjectCollectionManager.getStoredSchemaForCollection():220 Table ic doesn't exist and needs to be created
02-06 16:57:03.697  1282  6595 I SqliteObjectCollectionManager: SqliteObjectCollectionManager.createOrMigrateCollection():106 Creating table ic
02-06 16:57:03.697  1282  1465 E Conv2QueryReflectionHelper: Conv2QueryReflectionHelper.getConv2QueryPeriodicMetadata():63 Failed to get Conv2QueryPeriodicMetadata.
02-06 16:57:03.697  1282  1465 E Conv2QueryReflectionHelper: java.lang.NoSuchMethodException: com.google.android.apps.inputmethod.libs.search.sense.Conv2QueryMetadataHelper.getInstance []
02-06 16:57:03.697  1282  1465 E Conv2QueryReflectionHelper: 	at java.lang.Class.getMethod(Class.java:2072)
02-06 16:57:03.697  1282  1465 E Conv2QueryReflectionHelper: 	at java.lang.Class.getDeclaredMethod(Class.java:2050)
02-06 16:57:03.697  1282  1465 E Conv2QueryReflectionHelper: 	at bvn.a(PG:769)
02-06 16:57:03.697  1282  1465 E Conv2QueryReflectionHelper: 	at bvo.a(PG:140)
02-06 16:57:03.697  1282  1465 E Conv2QueryReflectionHelper: 	at kpn.a(PG:3)
02-06 16:57:03.697  1282  1465 E Conv2QueryReflectionHelper: 	at bvn.a(PG:614)
02-06 16:57:03.697  1282  1465 E Conv2QueryReflectionHelper: 	at kqj.a(PG:35)
02-06 16:57:03.697  1282  1465 E Conv2QueryReflectionHelper: 	at kqj.handleMessage(PG:55)
02-06 16:57:03.697  1282  1465 E Conv2QueryReflectionHelper: 	at android.os.Handler.dispatchMessage(Handler.java:102)
02-06 16:57:03.697  1282  1465 E Conv2QueryReflectionHelper: 	at android.os.Looper.loop(Looper.java:223)
02-06 16:57:03.697  1282  1465 E Conv2QueryReflectionHelper: 	at android.os.HandlerThread.run(HandlerThread.java:67)
02-06 16:57:03.697  1282  6595 I SqliteObjectCollectionManager: SqliteObjectCollectionManager.getStoredSchemaForCollection():220 Table tp doesn't exist and needs to be created
02-06 16:57:03.697  1282  6595 I SqliteObjectCollectionManager: SqliteObjectCollectionManager.createOrMigrateCollection():106 Creating table tp
02-06 16:57:03.707  1282  6595 I SqliteObjectDatabaseHelper: SqliteObjectDatabaseHelper.onOpen():52 [SqliteObjectDatabaseHelper.onOpen] version N/A => 1
02-06 16:57:03.707  1282  6595 I SqliteObjectCollectionManager: SqliteObjectCollectionManager.createOrMigrateCollection():109 Table cc up-to-date, skipping.
02-06 16:57:03.708  1282  6595 I SqliteObjectCollectionManager: SqliteObjectCollectionManager.createOrMigrateCollection():109 Table kl up-to-date, skipping.
02-06 16:57:03.708  1282  6595 I SqliteObjectCollectionManager: SqliteObjectCollectionManager.createOrMigrateCollection():109 Table c up-to-date, skipping.
02-06 16:57:03.708  1282  6595 I SqliteObjectCollectionManager: SqliteObjectCollectionManager.createOrMigrateCollection():109 Table d up-to-date, skipping.
02-06 16:57:03.708  1282  6595 I SqliteObjectCollectionManager: SqliteObjectCollectionManager.createOrMigrateCollection():109 Table tpb up-to-date, skipping.
02-06 16:57:03.708  1282  6595 I SqliteObjectCollectionManager: SqliteObjectCollectionManager.createOrMigrateCollection():109 Table nia up-to-date, skipping.
02-06 16:57:03.708  1282  6595 I SqliteObjectCollectionManager: SqliteObjectCollectionManager.createOrMigrateCollection():109 Table cm up-to-date, skipping.
02-06 16:57:03.708  1282  6595 I SqliteObjectCollectionManager: SqliteObjectCollectionManager.createOrMigrateCollection():109 Table es up-to-date, skipping.
02-06 16:57:03.708  1282  6595 I SqliteObjectCollectionManager: SqliteObjectCollectionManager.createOrMigrateCollection():109 Table tf up-to-date, skipping.
02-06 16:57:03.708  1282  6595 I SqliteObjectCollectionManager: SqliteObjectCollectionManager.createOrMigrateCollection():109 Table s up-to-date, skipping.
02-06 16:57:03.709  1282  6595 I SqliteObjectCollectionManager: SqliteObjectCollectionManager.createOrMigrateCollection():109 Table tm up-to-date, skipping.
02-06 16:57:03.709  1282  6595 I SqliteObjectCollectionManager: SqliteObjectCollectionManager.createOrMigrateCollection():109 Table vo up-to-date, skipping.
02-06 16:57:03.709  1282  6595 I SqliteObjectCollectionManager: SqliteObjectCollectionManager.createOrMigrateCollection():109 Table ic up-to-date, skipping.
02-06 16:57:03.709  1282  6595 I SqliteObjectCollectionManager: SqliteObjectCollectionManager.createOrMigrateCollection():109 Table tp up-to-date, skipping.
02-06 16:57:03.737  6607  6608 I cmd     : oneway function results will be dropped but finished with status OK and parcel size 4
02-06 16:57:03.738  5015  5931 I NetworkScheduler.Stats: Task com.google.android.gms/com.google.android.gms.languageprofile.GcmTaskService started execution. cause:7 exec_start_elapsed_seconds: 574 [CONTEXT service_id=218 ]
02-06 16:57:03.760  6512  6566 W unknown:ViewManagerPropertyUpdater: Could not find generated setter for class com.swmansion.rnscreens.ScreensShadowNode
02-06 16:57:03.805  5015  5084 I NetworkScheduler.Stats: Task com.google.android.gms/com.google.android.gms.languageprofile.GcmTaskService finished executing. cause:7 result: 1 elapsed_millis: 82 uptime_millis: 82 exec_start_elapsed_seconds: 574 [CONTEXT service_id=218 ]
02-06 16:57:03.991  6653  6655 I cmd     : oneway function results will be dropped but finished with status OK and parcel size 4
02-06 16:57:04.166  6684  6686 I cmd     : oneway function results will be dropped but finished with status OK and parcel size 4
02-06 16:57:04.244  6699  6701 I cmd     : oneway function results will be dropped but finished with status OK and parcel size 4
02-06 16:57:04.322  6714  6716 I cmd     : oneway function results will be dropped but finished with status OK and parcel size 4
02-06 16:57:04.399  6729  6731 I cmd     : oneway function results will be dropped but finished with status OK and parcel size 4
02-06 16:57:04.512  6741  6741 E libc    : Access denied finding property "persist.device_config.runtime_native_boot.profilebootclasspath"
02-06 16:57:04.512  6741  6741 E libc    : Access denied finding property "persist.device_config.runtime_native_boot.enable_apex_image"
02-06 16:57:04.512  6741  6741 I AndroidRuntime: Using default boot image
02-06 16:57:04.512  6741  6741 E libc    : Access denied finding property "persist.device_config.runtime_native_boot.disable_lock_profiling"
02-06 16:57:04.512  6741  6741 I AndroidRuntime: Leaving lock profiling enabled
02-06 16:57:04.512  6741  6741 E libc    : Access denied finding property "persist.device_config.runtime_native_boot.enable_generational_cc"
02-06 16:57:04.508  6741  6741 W app_process: type=1400 audit(0.0:216): avc: denied { read } for name="u:object_r:device_config_runtime_native_boot_prop:s0" dev="tmpfs" ino=8249 scontext=u:r:shell:s0 tcontext=u:object_r:device_config_runtime_native_boot_prop:s0 tclass=file permissive=0
02-06 16:57:04.558  6741  6741 I app_process: The ClassLoaderContext is a special shared library.
02-06 16:57:04.566  6741  6741 W app_process: JNI RegisterNativeMethods: attempt to register 0 native methods for android.media.AudioAttributes
02-06 16:57:04.970   493  1364 I system_server: oneway function results will be dropped but finished with status OK and parcel size 4
02-06 16:57:04.971   493  1007 I system_server: oneway function results will be dropped but finished with status OK and parcel size 4
02-06 16:57:04.999  6512  6566 W unknown:ReactNative: Attempt to set local data for view with unknown tag: -1
02-06 16:57:05.001  6512  6566 W unknown:ReactNative: Attempt to set local data for view with unknown tag: -1
02-06 16:57:05.010  6764  6766 I cmd     : oneway function results will be dropped but finished with status OK and parcel size 4
02-06 16:57:05.118   493  1007 I system_server: oneway function results will be dropped but finished with status OK and parcel size 4
02-06 16:57:06.067   179   179 I servicemanager: Notifying apexservice they have clients: 0
02-06 16:57:06.070   179   179 I BpBinder: onLastStrongRef automatically unlinking death recipients: <uncached descriptor>
02-06 16:57:06.216   493  1007 I system_server: oneway function results will be dropped but finished with status OK and parcel size 4
02-06 16:57:06.256  6512  6512 I AssistStructure: Flattened final assist data: 2316 bytes, containing 1 windows, 13 views
02-06 16:57:06.293   661  1211 W OpenGLRenderer: Failed to choose config with EGL_SWAP_BEHAVIOR_PRESERVED, retrying without...
02-06 16:57:06.316   180   180 I hwservicemanager: getTransport: Cannot find entry android.hardware.configstore@1.0::ISurfaceFlingerConfigs/default in either framework or device manifest.
02-06 16:57:06.316  6087  6245 W OpenGLRenderer: Failed to choose config with EGL_SWAP_BEHAVIOR_PRESERVED, retrying without...
02-06 16:57:06.332  5015  5015 I GmsCoreXrpcWrapper: Returning a channel provider with trafficStatsTag=18692 trafficStatsUid=-1
02-06 16:57:06.345   493  1364 I system_server: oneway function results will be dropped but finished with status OK and parcel size 4
02-06 16:57:06.346   180   180 I hwservicemanager: getTransport: Cannot find entry android.hardware.graphics.mapper@4.0::IMapper/default in either framework or device manifest.
02-06 16:57:06.346  6087  6245 I Gralloc4: mapper 4.x is not supported
02-06 16:57:06.391   493   504 W System  : A resource failed to call release. 
02-06 16:57:06.439  5015  5015 W spz     : Pending fill request while another request in the same session was triggered. [CONTEXT service_id=177 ]
02-06 16:57:06.484  6825  6827 I cmd     : oneway function results will be dropped but finished with status OK and parcel size 4
02-06 16:57:06.549   493   493 E RemoteAugmentedAutofillService: Bad service name for flags 1048704: com.google.android.as/com.google.android.apps.miphone.aiai.app.AiAiAugmentedAutofillService
02-06 16:57:06.908  6882  6884 I cmd     : oneway function results will be dropped but finished with status OK and parcel size 4
02-06 16:57:07.081  6912  6914 I cmd     : oneway function results will be dropped but finished with status OK and parcel size 4
02-06 16:57:07.165  6927  6929 I cmd     : oneway function results will be dropped but finished with status OK and parcel size 4
02-06 16:57:07.292  6945  6945 W app_process: type=1400 audit(0.0:220): avc: denied { read } for name="u:object_r:device_config_runtime_native_boot_prop:s0" dev="tmpfs" ino=8249 scontext=u:r:shell:s0 tcontext=u:object_r:device_config_runtime_native_boot_prop:s0 tclass=file permissive=0
02-06 16:57:07.292  6945  6945 I chatty  : uid=2000(shell) app_process identical 2 lines
02-06 16:57:07.292  6945  6945 W app_process: type=1400 audit(0.0:223): avc: denied { read } for name="u:object_r:device_config_runtime_native_boot_prop:s0" dev="tmpfs" ino=8249 scontext=u:r:shell:s0 tcontext=u:object_r:device_config_runtime_native_boot_prop:s0 tclass=file permissive=0
02-06 16:57:07.297  6945  6945 E libc    : Access denied finding property "persist.device_config.runtime_native_boot.profilebootclasspath"
02-06 16:57:07.297  6945  6945 E libc    : Access denied finding property "persist.device_config.runtime_native_boot.enable_apex_image"
02-06 16:57:07.297  6945  6945 I AndroidRuntime: Using default boot image
02-06 16:57:07.297  6945  6945 E libc    : Access denied finding property "persist.device_config.runtime_native_boot.disable_lock_profiling"
02-06 16:57:07.297  6945  6945 I AndroidRuntime: Leaving lock profiling enabled
02-06 16:57:07.297  6945  6945 E libc    : Access denied finding property "persist.device_config.runtime_native_boot.enable_generational_cc"
02-06 16:57:07.353  6945  6945 I app_process: The ClassLoaderContext is a special shared library.
02-06 16:57:07.363  6945  6945 W app_process: JNI RegisterNativeMethods: attempt to register 0 native methods for android.media.AudioAttributes
02-06 16:57:07.404  6973  6974 I cmd     : oneway function results will be dropped but finished with status OK and parcel size 4
02-06 16:57:07.606   493  1007 I system_server: oneway function results will be dropped but finished with status OK and parcel size 4
02-06 16:57:07.738   493  1007 I system_server: oneway function results will be dropped but finished with status OK and parcel size 4
02-06 16:57:07.837   493   580 I chatty  : uid=1000(system) InputDispatcher identical 1 line
02-06 16:57:09.044   493  5010 I system_server: oneway function results will be dropped but finished with status OK and parcel size 4
02-06 16:57:09.062  6512  6566 W unknown:ReactNative: Attempt to set local data for view with unknown tag: -1
02-06 16:57:09.080  6512  6566 W unknown:ReactNative: Attempt to set local data for view with unknown tag: -1
02-06 16:57:09.089  7008  7011 I cmd     : oneway function results will be dropped but finished with status OK and parcel size 4
02-06 16:57:09.179   493  1364 I system_server: oneway function results will be dropped but finished with status OK and parcel size 4
02-06 16:57:09.462  7064  7066 I cmd     : oneway function results will be dropped but finished with status OK and parcel size 4
02-06 16:57:09.730  7106  7108 I cmd     : oneway function results will be dropped but finished with status OK and parcel size 4
02-06 16:57:09.786   493   580 I chatty  : uid=1000(system) InputDispatcher identical 3 lines
02-06 16:57:09.824  7122  7124 I cmd     : oneway function results will be dropped but finished with status OK and parcel size 4
02-06 16:57:09.920  7137  7139 I cmd     : oneway function results will be dropped but finished with status OK and parcel size 4
02-06 16:57:10.020  7151  7151 W app_process: type=1400 audit(0.0:224): avc: denied { read } for name="u:object_r:device_config_runtime_native_boot_prop:s0" dev="tmpfs" ino=8249 scontext=u:r:shell:s0 tcontext=u:object_r:device_config_runtime_native_boot_prop:s0 tclass=file permissive=0
02-06 16:57:10.022  7151  7151 E libc    : Access denied finding property "persist.device_config.runtime_native_boot.profilebootclasspath"
02-06 16:57:10.022  7151  7151 E libc    : Access denied finding property "persist.device_config.runtime_native_boot.enable_apex_image"
02-06 16:57:10.022  7151  7151 I AndroidRuntime: Using default boot image
02-06 16:57:10.022  7151  7151 E libc    : Access denied finding property "persist.device_config.runtime_native_boot.disable_lock_profiling"
02-06 16:57:10.022  7151  7151 I AndroidRuntime: Leaving lock profiling enabled
02-06 16:57:10.022  7151  7151 E libc    : Access denied finding property "persist.device_config.runtime_native_boot.enable_generational_cc"
02-06 16:57:10.020  7151  7151 W app_process: type=1400 audit(0.0:225): avc: denied { read } for name="u:object_r:device_config_runtime_native_boot_prop:s0" dev="tmpfs" ino=8249 scontext=u:r:shell:s0 tcontext=u:object_r:device_config_runtime_native_boot_prop:s0 tclass=file permissive=0
02-06 16:57:10.062  7151  7151 I app_process: The ClassLoaderContext is a special shared library.
02-06 16:57:10.067  7151  7151 W app_process: JNI RegisterNativeMethods: attempt to register 0 native methods for android.media.AudioAttributes
02-06 16:57:10.156  7172  7174 I cmd     : oneway function results will be dropped but finished with status OK and parcel size 4
02-06 16:57:10.305   493  1007 I system_server: oneway function results will be dropped but finished with status OK and parcel size 4
02-06 16:57:10.317  6512  6512 I AssistStructure: Flattened final assist data: 2316 bytes, containing 1 windows, 13 views
02-06 16:57:10.325  5015  5015 W spz     : Pending fill request while another request in the same session was triggered. [CONTEXT service_id=177 ]
02-06 16:57:10.439   493  5010 I system_server: oneway function results will be dropped but finished with status OK and parcel size 4
02-06 16:57:10.615   493  1007 I system_server: oneway function results will be dropped but finished with status OK and parcel size 4
02-06 16:57:10.669  4188  4188 I Finsky  : [2] yeq.onStartJob(4): SCH: job service start with id 9778.
02-06 16:57:10.679  4188  6044 I Finsky  : [478] ydv.a(97): SCH: Satisfied jobs for 9778 are: 12-1
02-06 16:57:10.695  4188  7187 I Finsky  : [483] xmi.accept(6): SCH: Job 12-1 starting
02-06 16:57:10.696  4188  4188 I Finsky  : [2] ContentSyncJob.v(3): [ContentSync] job started
02-06 16:57:10.721  4188  6045 I Finsky  : [479] jde.h(1): Completed 0 account content syncs with 0 successful.
02-06 16:57:10.722  4188  4188 I Finsky  : [2] ContentSyncJob.a(1): [ContentSync] Installation state replication succeeded.
02-06 16:57:10.722  4188  4188 I Finsky  : [2] ycz.r(4): SCH: jobFinished: 12-1. TimeElapsed: 26ms.
02-06 16:57:10.735  4188  4355 I Finsky  : [393] xry.accept(56): SCH: Scheduling phonesky job Id: 1-1337, CT: 1675662879709, Constraints: [{ L: 43080472, D: 86280472, C: 1, I: 1, N: 1 }]
02-06 16:57:10.737  4188  4360 I Finsky  : [398] ycu.apply(97): SCH: Scheduling 1 system job(s)
02-06 16:57:10.737  4188  4360 I Finsky  : [398] ycw.d(4): SCH: Scheduling system job Id: 9780, L: 23129444, D: 66329444, C: false, I: false, N: 1
02-06 16:57:10.740  4188  7187 I Finsky  : [483] yeq.a(16): SCH: job service finished with id 9778.
02-06 16:57:10.748   493  1364 I system_server: oneway function results will be dropped but finished with status OK and parcel size 4
02-06 16:57:11.011   493   580 I chatty  : uid=1000(system) InputDispatcher identical 2 lines
02-06 16:57:11.209  7209  7211 I cmd     : oneway function results will be dropped but finished with status OK and parcel size 4
02-06 16:57:11.583   493   580 I chatty  : uid=1000(system) InputDispatcher identical 1 line
02-06 16:57:11.856  7245  7247 I cmd     : oneway function results will be dropped but finished with status OK and parcel size 4
02-06 16:57:12.097  7279  7281 I cmd     : oneway function results will be dropped but finished with status OK and parcel size 4
02-06 16:57:12.207   493   580 I chatty  : uid=1000(system) InputDispatcher identical 1 line
02-06 16:57:12.299  7318  7321 I cmd     : oneway function results will be dropped but finished with status OK and parcel size 4
02-06 16:57:12.304  7322  7324 I cmd     : oneway function results will be dropped but finished with status OK and parcel size 4
02-06 16:57:12.390  7345  7347 I cmd     : oneway function results will be dropped but finished with status OK and parcel size 4
02-06 16:57:12.507  7360  7362 I cmd     : oneway function results will be dropped but finished with status OK and parcel size 4
02-06 16:57:12.587  7377  7379 I cmd     : oneway function results will be dropped but finished with status OK and parcel size 4
02-06 16:57:12.686  7389  7389 E libc    : Access denied finding property "persist.device_config.runtime_native_boot.profilebootclasspath"
02-06 16:57:12.686  7389  7389 E libc    : Access denied finding property "persist.device_config.runtime_native_boot.enable_apex_image"
02-06 16:57:12.686  7389  7389 I AndroidRuntime: Using default boot image
02-06 16:57:12.686  7389  7389 E libc    : Access denied finding property "persist.device_config.runtime_native_boot.disable_lock_profiling"
02-06 16:57:12.686  7389  7389 I AndroidRuntime: Leaving lock profiling enabled
02-06 16:57:12.686  7389  7389 E libc    : Access denied finding property "persist.device_config.runtime_native_boot.enable_generational_cc"
02-06 16:57:12.684  7389  7389 W app_process: type=1400 audit(0.0:228): avc: denied { read } for name="u:object_r:device_config_runtime_native_boot_prop:s0" dev="tmpfs" ino=8249 scontext=u:r:shell:s0 tcontext=u:object_r:device_config_runtime_native_boot_prop:s0 tclass=file permissive=0
02-06 16:57:12.724  7389  7389 I app_process: The ClassLoaderContext is a special shared library.
02-06 16:57:12.735  7389  7389 W app_process: JNI RegisterNativeMethods: attempt to register 0 native methods for android.media.AudioAttributes
02-06 16:57:12.968   493  1364 I system_server: oneway function results will be dropped but finished with status OK and parcel size 4
02-06 16:57:13.096   493  1007 I system_server: oneway function results will be dropped but finished with status OK and parcel size 4
02-06 16:57:13.316  7429  7431 I cmd     : oneway function results will be dropped but finished with status OK and parcel size 4
02-06 16:57:14.311   493  1364 I system_server: oneway function results will be dropped but finished with status OK and parcel size 4
02-06 16:57:14.329  6512  6566 W unknown:ReactNative: Attempt to set local data for view with unknown tag: -1
02-06 16:57:14.330  6512  6566 W unknown:ReactNative: Attempt to set local data for view with unknown tag: -1
02-06 16:57:14.343  7446  7448 I cmd     : oneway function results will be dropped but finished with status OK and parcel size 4
02-06 16:57:14.445   493  1007 I system_server: oneway function results will be dropped but finished with status OK and parcel size 4
02-06 16:57:14.526  7477  7479 I cmd     : oneway function results will be dropped but finished with status OK and parcel size 4
02-06 16:57:14.722  7507  7509 I cmd     : oneway function results will be dropped but finished with status OK and parcel size 4
02-06 16:57:14.887  7534  7536 I cmd     : oneway function results will be dropped but finished with status OK and parcel size 4
02-06 16:57:14.975  7549  7551 I cmd     : oneway function results will be dropped but finished with status OK and parcel size 4
02-06 16:57:15.022   493   580 I chatty  : uid=1000(system) InputDispatcher identical 1 line
02-06 16:57:15.059  7565  7567 I cmd     : oneway function results will be dropped but finished with status OK and parcel size 4
02-06 16:57:15.163  7580  7582 I cmd     : oneway function results will be dropped but finished with status OK and parcel size 4
02-06 16:57:15.265  7594  7594 E libc    : Access denied finding property "persist.device_config.runtime_native_boot.profilebootclasspath"
02-06 16:57:15.265  7594  7594 E libc    : Access denied finding property "persist.device_config.runtime_native_boot.enable_apex_image"
02-06 16:57:15.265  7594  7594 I AndroidRuntime: Using default boot image
02-06 16:57:15.265  7594  7594 E libc    : Access denied finding property "persist.device_config.runtime_native_boot.disable_lock_profiling"
02-06 16:57:15.265  7594  7594 I AndroidRuntime: Leaving lock profiling enabled
02-06 16:57:15.265  7594  7594 E libc    : Access denied finding property "persist.device_config.runtime_native_boot.enable_generational_cc"
02-06 16:57:15.260  7594  7594 W app_process: type=1400 audit(0.0:232): avc: denied { read } for name="u:object_r:device_config_runtime_native_boot_prop:s0" dev="tmpfs" ino=8249 scontext=u:r:shell:s0 tcontext=u:object_r:device_config_runtime_native_boot_prop:s0 tclass=file permissive=0
02-06 16:57:15.293  7594  7594 I app_process: The ClassLoaderContext is a special shared library.
02-06 16:57:15.298  7594  7594 W app_process: JNI RegisterNativeMethods: attempt to register 0 native methods for android.media.AudioAttributes
02-06 16:57:15.530   493  1007 I system_server: oneway function results will be dropped but finished with status OK and parcel size 4
02-06 16:57:15.549  6512  6512 I AssistStructure: Flattened final assist data: 2316 bytes, containing 1 windows, 13 views
02-06 16:57:15.554  5015  5015 W spz     : Pending fill request while another request in the same session was triggered. [CONTEXT service_id=177 ]
02-06 16:57:15.663   493  5010 I system_server: oneway function results will be dropped but finished with status OK and parcel size 4
02-06 16:57:16.463   493  1364 I system_server: oneway function results will be dropped but finished with status OK and parcel size 4
02-06 16:57:10.328   493   493 E RemoteAugmentedAutofillService: Bad service name for flags 1048704: com.google.android.as/com.google.android.apps.miphone.aiai.app.AiAiAugmentedAutofillService
02-06 16:57:16.480   493   901 E RemoteAugmentedAutofillService: Bad service name for flags 1048704: com.google.android.as/com.google.android.apps.miphone.aiai.app.AiAiAugmentedAutofillService
02-06 16:57:16.568  7640  7642 I cmd     : oneway function results will be dropped but finished with status OK and parcel size 4
02-06 16:57:16.592   493   901 I system_server: oneway function results will be dropped but finished with status OK and parcel size 4
02-06 16:57:17.019   493   580 I chatty  : uid=1000(system) InputDispatcher identical 1 line
02-06 16:57:17.094  7669  7671 I cmd     : oneway function results will be dropped but finished with status OK and parcel size 4
02-06 16:57:17.293  7702  7704 I cmd     : oneway function results will be dropped but finished with status OK and parcel size 4
02-06 16:57:17.472  7734  7736 I cmd     : oneway function results will be dropped but finished with status OK and parcel size 4
02-06 16:57:17.576  7757  7759 I cmd     : oneway function results will be dropped but finished with status OK and parcel size 4
02-06 16:57:17.685  7787  7790 I cmd     : oneway function results will be dropped but finished with status OK and parcel size 4
02-06 16:57:17.804  7809  7811 I cmd     : oneway function results will be dropped but finished with status OK and parcel size 4
02-06 16:57:17.901  7824  7824 E libc    : Access denied finding property "persist.device_config.runtime_native_boot.profilebootclasspath"
02-06 16:57:17.901  7824  7824 E libc    : Access denied finding property "persist.device_config.runtime_native_boot.enable_apex_image"
02-06 16:57:17.901  7824  7824 I AndroidRuntime: Using default boot image
02-06 16:57:17.901  7824  7824 E libc    : Access denied finding property "persist.device_config.runtime_native_boot.disable_lock_profiling"
02-06 16:57:17.901  7824  7824 I AndroidRuntime: Leaving lock profiling enabled
02-06 16:57:17.896  7824  7824 W app_process: type=1400 audit(0.0:236): avc: denied { read } for name="u:object_r:device_config_runtime_native_boot_prop:s0" dev="tmpfs" ino=8249 scontext=u:r:shell:s0 tcontext=u:object_r:device_config_runtime_native_boot_prop:s0 tclass=file permissive=0
02-06 16:57:17.901  7824  7824 E libc    : Access denied finding property "persist.device_config.runtime_native_boot.enable_generational_cc"
02-06 16:57:17.929  7824  7824 I app_process: The ClassLoaderContext is a special shared library.
02-06 16:57:17.933  7824  7824 W app_process: JNI RegisterNativeMethods: attempt to register 0 native methods for android.media.AudioAttributes
02-06 16:57:18.180  6512  6566 W unknown:ReactNative: Attempt to set local data for view with unknown tag: 639
02-06 16:57:18.180  6512  6566 W unknown:ReactNative: Attempt to set local data for view with unknown tag: 639
02-06 16:57:18.184   493   901 I system_server: oneway function results will be dropped but finished with status OK and parcel size 4
02-06 16:57:18.317   493   901 I system_server: oneway function results will be dropped but finished with status OK and parcel size 4
02-06 16:57:18.475   493   580 I chatty  : uid=1000(system) InputDispatcher identical 1 line
02-06 16:57:18.619  7856  7858 I cmd     : oneway function results will be dropped but finished with status OK and parcel size 4
02-06 16:57:19.451   493   901 I system_server: oneway function results will be dropped but finished with status OK and parcel size 4
02-06 16:57:19.481  6512  6566 W unknown:ReactNative: Attempt to set local data for view with unknown tag: -1
02-06 16:57:19.481  6512  6566 W unknown:ReactNative: Attempt to set local data for view with unknown tag: -1
02-06 16:57:19.584   493  1364 I system_server: oneway function results will be dropped but finished with status OK and parcel size 4
02-06 16:57:19.670  7881  7884 I cmd     : oneway function results will be dropped but finished with status OK and parcel size 4
02-06 16:57:19.787  7908  7910 I cmd     : oneway function results will be dropped but finished with status OK and parcel size 4
02-06 16:57:19.951  7935  7937 I cmd     : oneway function results will be dropped but finished with status OK and parcel size 4
02-06 16:57:20.011   493   580 I chatty  : uid=1000(system) InputDispatcher identical 1 line
02-06 16:57:20.136  7963  7965 I cmd     : oneway function results will be dropped but finished with status OK and parcel size 4
02-06 16:57:20.230  7978  7980 I cmd     : oneway function results will be dropped but finished with status OK and parcel size 4
02-06 16:57:20.318  7994  7996 I cmd     : oneway function results will be dropped but finished with status OK and parcel size 4
02-06 16:57:20.549  8023  8023 E libc    : Access denied finding property "persist.device_config.runtime_native_boot.profilebootclasspath"
02-06 16:57:20.549  8023  8023 E libc    : Access denied finding property "persist.device_config.runtime_native_boot.enable_apex_image"
02-06 16:57:20.549  8023  8023 I AndroidRuntime: Using default boot image
02-06 16:57:20.549  8023  8023 E libc    : Access denied finding property "persist.device_config.runtime_native_boot.disable_lock_profiling"
02-06 16:57:20.549  8023  8023 I AndroidRuntime: Leaving lock profiling enabled
02-06 16:57:20.549  8023  8023 E libc    : Access denied finding property "persist.device_config.runtime_native_boot.enable_generational_cc"
02-06 16:57:20.544  8023  8023 W app_process: type=1400 audit(0.0:240): avc: denied { read } for name="u:object_r:device_config_runtime_native_boot_prop:s0" dev="tmpfs" ino=8249 scontext=u:r:shell:s0 tcontext=u:object_r:device_config_runtime_native_boot_prop:s0 tclass=file permissive=0
02-06 16:57:20.581  8023  8023 I app_process: The ClassLoaderContext is a special shared library.
02-06 16:57:20.586  8023  8023 W app_process: JNI RegisterNativeMethods: attempt to register 0 native methods for android.media.AudioAttributes
02-06 16:57:20.690   493   580 I InputDispatcher: Dropping move event because a pointer for a different device is already active in display 0
02-06 16:57:20.690   493   580 W InputDispatcher: Permission denied, dropping the motion (isPointer=true)
02-06 16:57:20.691   493  5010 W InputManager: Input event injection from pid 8023 permission denied.
02-06 16:57:20.693  8023  8023 I app_process: System.exit called, status: 1
02-06 16:57:20.693  8023  8023 I AndroidRuntime: VM exiting with result code 1.
02-06 16:57:20.762   493  5010 I system_server: oneway function results will be dropped but finished with status OK and parcel size 4
02-06 16:57:20.781  6512  6512 I AssistStructure: Flattened final assist data: 2316 bytes, containing 1 windows, 13 views
02-06 16:57:20.786  5015  5015 W spz     : Pending fill request while another request in the same session was triggered. [CONTEXT service_id=177 ]
02-06 16:57:20.789   493   493 E RemoteAugmentedAutofillService: Bad service name for flags 1048704: com.google.android.as/com.google.android.apps.miphone.aiai.app.AiAiAugmentedAutofillService
