02-25 14:07:32.180   507  4721 I system_server: oneway function results will be dropped but finished with status OK and parcel size 4
02-25 14:07:32.181  2008  2062 W ReactNativeJS: 'VirtualizedList: missing keys for items, make sure to specify a key or id property on each item or provide a custom keyExtractor.', ''
02-25 14:07:32.187  2008  2064 W unknown:ReactNative: Attempt to set local data for view with unknown tag: -1
02-25 14:07:32.197  2008  2062 I ReactNativeJS: is cancel is cancel res false
02-25 14:07:32.210  2008  2062 W ReactNativeJS: 'VirtualizedList: missing keys for items, make sure to specify a key or id property on each item or provide a custom keyExtractor.', ''
02-25 14:07:32.222  2008  2064 W unknown:ReactNative: Attempt to set local data for view with unknown tag: 23057
02-25 14:07:32.222  2008  2064 W unknown:ReactNative: Attempt to set local data for view with unknown tag: 23057
02-25 14:07:32.222  2008  2062 I ReactNativeJS: is cancel is cancel res false
02-25 14:07:32.223  2008  2062 I ReactNativeJS: is cancel is cancel res false
02-25 14:07:32.223  2008  2062 I ReactNativeJS: 'sdfasdfadfasfasdasd===========', 'Bulgaria'
02-25 14:07:32.223  2008  2062 I ReactNativeJS: is cancel is cancel res false
02-25 14:07:32.224  2008  2064 W unknown:ReactNative: Attempt to set local data for view with unknown tag: -1
02-25 14:07:32.225  2008  2064 W unknown:ReactNative: Attempt to set local data for view with unknown tag: 23057
02-25 14:07:32.227  2008  2062 I ReactNativeJS: is cancel is cancel res false
02-25 14:07:32.231  2008  2062 W ReactNativeJS: 'VirtualizedList: missing keys for items, make sure to specify a key or id property on each item or provide a custom keyExtractor.', ''
02-25 14:07:32.239  2008  2062 I ReactNativeJS: is cancel is cancel res false
02-25 14:07:32.240  2008  2062 I ReactNativeJS: is cancel is cancel res false
02-25 14:07:32.240  2008  2062 I ReactNativeJS: 'sdfasdfadfasfasdasd===========', 'Bulgaria'
02-25 14:07:32.241  2008  2062 I ReactNativeJS: is cancel is cancel res false
02-25 14:07:32.241  2008  2062 I chatty  : uid=10181(com.bhanguz.Paypenny) mqt_js identical 1 line
02-25 14:07:32.242  2008  2062 I ReactNativeJS: is cancel is cancel res false
02-25 14:07:32.243  2008  2064 W unknown:ReactNative: Attempt to set local data for view with unknown tag: -1
02-25 14:07:32.243  2008  2064 W unknown:ReactNative: Attempt to set local data for view with unknown tag: 23593
02-25 14:07:32.245  2008  2062 W ReactNativeJS: 'VirtualizedList: missing keys for items, make sure to specify a key or id property on each item or provide a custom keyExtractor.', ''
02-25 14:07:32.251  2008  2062 I ReactNativeJS: is cancel is cancel res false
02-25 14:07:32.253  2008  2064 W unknown:ReactNative: Attempt to set local data for view with unknown tag: 23913
02-25 14:07:32.255  2008  2064 I chatty  : uid=10181(com.bhanguz.Paypenny) mqt_native_modu identical 3 lines
02-25 14:07:32.255  2008  2064 W unknown:ReactNative: Attempt to set local data for view with unknown tag: 23913
02-25 14:07:32.264  2008  2062 I ReactNativeJS: is cancel is cancel res false
02-25 14:07:32.274  2008  2064 W unknown:ReactNative: Attempt to set local data for view with unknown tag: -1
02-25 14:07:32.309   507  4721 I system_server: oneway function results will be dropped but finished with status OK and parcel size 4
02-25 14:07:32.440  2008  2062 I ReactNativeJS: 'Sdfsdfsdfdsafsdfs', undefined
02-25 14:07:32.440  2008  2062 I ReactNativeJS: 'sdfsdfsdfsdfsdfdsf', 'Goes to set data'
02-25 14:07:32.449   507  4488 I WifiService: getCurrentNetwork uid=10158
02-25 14:07:32.547  2008  2062 W ReactNativeJS: react-native-snap-carousel | Pagination: You must specify prop `carouselRef` when setting `tappableDots` to `true`
02-25 14:07:32.641  2008  2019 I hanguz.Paypenn: Compiler allocated 10MB to compile void com.facebook.react.uimanager.ReactShadowNodeImpl.markUpdated()
02-25 14:07:32.673   289   503 E libnetd_resolv: control message was truncated when receiving file descriptors
02-25 14:07:32.668   289   289 W Binder:289_2: type=1400 audit(0.0:4136): avc: denied { read write } for path="socket:[989210]" dev="sockfs" ino=989210 scontext=u:r:netd:s0 tcontext=u:r:untrusted_app:s0:c181,c256,c512,c768 tclass=unix_stream_socket permissive=0 b/77870037
02-25 14:07:32.762  2008  2062 I ReactNativeJS: 'Sdfsdfsdfdsafsdfs', undefined
02-25 14:07:32.762  2008  2062 I ReactNativeJS: 'sdfsdfsdfsdfsdfdsf', 'Goes to set data'
02-25 14:07:32.953   507   602 I WifiService: getConnectionInfo uid=1000
02-25 14:07:32.974  2008  2062 I ReactNativeJS: 'Sdfsdfsdfdsafsdfs', undefined
02-25 14:07:32.974  2008  2062 I ReactNativeJS: 'sdfsdfsdfsdfsdfdsf', 'Goes to set data'
02-25 14:07:33.000   178   178 I servicemanager: Since 'apexservice' could not be found, trying to start it as a lazy AIDL service
02-25 14:07:33.023   507  4488 I system_server: oneway function results will be dropped but finished with status OK and parcel size 4
02-25 14:07:33.026   178   178 I BpBinder: onLastStrongRef automatically unlinking death recipients: <uncached descriptor>
02-25 14:07:33.026   178   178 I servicemanager: Tried to unregister apexservice, but there is about to be a client.
02-25 14:07:33.040  2008  2062 I ReactNativeJS: is cancel is cancel res false
02-25 14:07:33.054  2008  2062 W ReactNativeJS: react-native-snap-carousel | Pagination: You must specify prop `carouselRef` when setting `tappableDots` to `true`
02-25 14:07:33.055  2008  2062 W ReactNativeJS: 'VirtualizedList: missing keys for items, make sure to specify a key or id property on each item or provide a custom keyExtractor.', ''
02-25 14:07:33.072  2008  2064 W unknown:ReactNative: Attempt to set local data for view with unknown tag: -1
02-25 14:07:33.099  2008  2062 I ReactNativeJS: is cancel is cancel res false
02-25 14:07:33.101  2008  2062 I ReactNativeJS: is cancel is cancel res false
02-25 14:07:33.102  2008  2062 I ReactNativeJS: 'sdfasdfadfasfasdasd===========', 'Bulgaria'
02-25 14:07:33.102  2008  2062 I ReactNativeJS: is cancel is cancel res false
02-25 14:07:33.104  2008  2062 I ReactNativeJS: is cancel is cancel res false
02-25 14:07:33.111  2008  2062 W ReactNativeJS: 'VirtualizedList: missing keys for items, make sure to specify a key or id property on each item or provide a custom keyExtractor.', ''
02-25 14:07:33.117  2008  2062 I ReactNativeJS: is cancel is cancel res false
02-25 14:07:33.123  2008  2064 W unknown:ReactNative: Attempt to set local data for view with unknown tag: 24917
02-25 14:07:33.125  2008  2064 I chatty  : uid=10181(com.bhanguz.Paypenny) mqt_native_modu identical 3 lines
02-25 14:07:33.126  2008  2064 W unknown:ReactNative: Attempt to set local data for view with unknown tag: 24917
02-25 14:07:33.127  2008  2062 W ReactNativeJS: react-native-snap-carousel | Pagination: You must specify prop `carouselRef` when setting `tappableDots` to `true`
02-25 14:07:33.128  2008  2064 W unknown:ReactNative: Attempt to set local data for view with unknown tag: -1
02-25 14:07:33.148   507  4488 I system_server: oneway function results will be dropped but finished with status OK and parcel size 4
02-25 14:07:33.256   289   289 W Binder:289_2: type=1400 audit(0.0:4137): avc: denied { read write } for path="socket:[983426]" dev="sockfs" ino=983426 scontext=u:r:netd:s0 tcontext=u:r:untrusted_app:s0:c181,c256,c512,c768 tclass=unix_stream_socket permissive=0 b/77870037
02-25 14:07:33.259   289   503 E libnetd_resolv: control message was truncated when receiving file descriptors
02-25 14:07:33.471  2008  2019 I hanguz.Paypenn: Compiler allocated 15MB to compile com.facebook.react.uimanager.ReactShadowNodeImpl com.facebook.react.uimanager.ReactShadowNodeImpl.removeChildAt(int)
02-25 14:07:33.489  9643  9646 I cmd     : oneway function results will be dropped but finished with status OK and parcel size 4
02-25 14:07:33.507  2008  2062 I ReactNativeJS: 'Sdfsdfsdfdsafsdfs', undefined
02-25 14:07:33.507  2008  2062 I ReactNativeJS: 'sdfsdfsdfsdfsdfdsf', 'Goes to set data'
02-25 14:07:33.601  9669  9671 I cmd     : oneway function results will be dropped but finished with status OK and parcel size 4
02-25 14:07:33.771  9696  9698 I cmd     : oneway function results will be dropped but finished with status OK and parcel size 4
02-25 14:07:33.810  2008  2062 W ReactNativeJS: 'VirtualizedList: missing keys for items, make sure to specify a key or id property on each item or provide a custom keyExtractor.', ''
02-25 14:07:33.812   507   920 I system_server: oneway function results will be dropped but finished with status OK and parcel size 4
02-25 14:07:33.820  2008  2062 I ReactNativeJS: is cancel is cancel res false
02-25 14:07:33.821  2008  2064 W unknown:ReactNative: Attempt to set local data for view with unknown tag: -1
02-25 14:07:33.842  2008  2062 W ReactNativeJS: 'VirtualizedList: missing keys for items, make sure to specify a key or id property on each item or provide a custom keyExtractor.', ''
02-25 14:07:33.854  2008  2062 I ReactNativeJS: is cancel is cancel res false
02-25 14:07:33.855  2008  2062 I ReactNativeJS: is cancel is cancel res false
02-25 14:07:33.855  2008  2062 I ReactNativeJS: 'sdfasdfadfasfasdasd===========', 'Bulgaria'
02-25 14:07:33.856  2008  2062 I ReactNativeJS: is cancel is cancel res false
02-25 14:07:33.873  2008  2062 I ReactNativeJS: is cancel is cancel res false
02-25 14:07:33.891  2008  2062 W ReactNativeJS: 'VirtualizedList: missing keys for items, make sure to specify a key or id property on each item or provide a custom keyExtractor.', ''
02-25 14:07:33.896  2008  2064 W unknown:ReactNative: Attempt to set local data for view with unknown tag: -1
02-25 14:07:33.909  2008  2062 I ReactNativeJS: is cancel is cancel res false
02-25 14:07:33.909  2008  2062 I ReactNativeJS: is cancel is cancel res false
02-25 14:07:33.910  2008  2062 I ReactNativeJS: 'sdfasdfadfasfasdasd===========', 'Bulgaria'
02-25 14:07:33.910  2008  2062 I ReactNativeJS: is cancel is cancel res false
02-25 14:07:33.920  2008  2062 I chatty  : uid=10181(com.bhanguz.Paypenny) mqt_js identical 1 line
02-25 14:07:33.921  2008  2062 I ReactNativeJS: is cancel is cancel res false
02-25 14:07:33.929  2008  2064 W unknown:ReactNative: Attempt to set local data for view with unknown tag: 26675
02-25 14:07:33.929  2008  2064 I chatty  : uid=10181(com.bhanguz.Paypenny) mqt_native_modu identical 3 lines
02-25 14:07:33.929  2008  2064 W unknown:ReactNative: Attempt to set local data for view with unknown tag: 26675
02-25 14:07:33.934  2008  2062 W ReactNativeJS: 'VirtualizedList: missing keys for items, make sure to specify a key or id property on each item or provide a custom keyExtractor.', ''
02-25 14:07:33.949  2008  2062 I ReactNativeJS: is cancel is cancel res false
02-25 14:07:33.956   507  1211 I system_server: oneway function results will be dropped but finished with status OK and parcel size 4
02-25 14:07:33.962  2008  2064 W unknown:ReactNative: Attempt to set local data for view with unknown tag: -1
02-25 14:07:33.975  2008  2064 W unknown:ReactNative: Attempt to set local data for view with unknown tag: 26995
02-25 14:07:33.977  2008  2064 I chatty  : uid=10181(com.bhanguz.Paypenny) mqt_native_modu identical 3 lines
02-25 14:07:33.977  2008  2064 W unknown:ReactNative: Attempt to set local data for view with unknown tag: 26995
02-25 14:07:33.981  2008  2064 W unknown:ReactNative: Attempt to set local data for view with unknown tag: -1
02-25 14:07:33.996  2008  2062 I ReactNativeJS: is cancel is cancel res false
02-25 14:07:34.014   507   518 W System  : A resource failed to call release. 
02-25 14:07:34.014   507   518 I chatty  : uid=1000(system) FinalizerDaemon identical 73 lines
02-25 14:07:34.014   507   518 W System  : A resource failed to call release. 
02-25 14:07:34.040  2008  2062 I ReactNativeJS: 'Sdfsdfsdfdsafsdfs', undefined
02-25 14:07:34.040  2008  2062 I ReactNativeJS: 'sdfsdfsdfsdfsdfdsf', 'Goes to set data'
02-25 14:07:34.059  2008  2020 I hanguz.Paypenn: Background concurrent copying GC freed 411015(15MB) AllocSpace objects, 0(0B) LOS objects, 49% free, 11MB/22MB, paused 36us total 108.707ms
02-25 14:07:34.082  9726  9728 I cmd     : oneway function results will be dropped but finished with status OK and parcel size 4
02-25 14:07:34.125  2008  2062 W ReactNativeJS: react-native-snap-carousel | Pagination: You must specify prop `carouselRef` when setting `tappableDots` to `true`
02-25 14:07:34.262  9747  9749 I cmd     : oneway function results will be dropped but finished with status OK and parcel size 4
02-25 14:07:34.280   289   289 W Binder:289_2: type=1400 audit(0.0:4138): avc: denied { read write } for path="socket:[983585]" dev="sockfs" ino=983585 scontext=u:r:netd:s0 tcontext=u:r:untrusted_app:s0:c181,c256,c512,c768 tclass=unix_stream_socket permissive=0 b/77870037
02-25 14:07:34.282   289   503 E libnetd_resolv: control message was truncated when receiving file descriptors
02-25 14:07:34.342   507   602 I WifiService: getConnectionInfo uid=1000
02-25 14:07:34.393  2008  2062 I ReactNativeJS: 'Sdfsdfsdfdsafsdfs', undefined
02-25 14:07:34.393  2008  2062 I ReactNativeJS: 'sdfsdfsdfsdfsdfdsf', 'Goes to set data'
02-25 14:07:34.463  9767  9769 I cmd     : oneway function results will be dropped but finished with status OK and parcel size 4
02-25 14:07:34.496  9775  9777 I cmd     : oneway function results will be dropped but finished with status OK and parcel size 4
02-25 14:07:34.558  2008  2062 I ReactNativeJS: 'Sdfsdfsdfdsafsdfs', undefined
02-25 14:07:34.558  2008  2062 I ReactNativeJS: 'sdfsdfsdfsdfsdfdsf', 'Goes to set data'
02-25 14:07:34.613  9804  9806 I cmd     : oneway function results will be dropped but finished with status OK and parcel size 4
02-25 14:07:34.797  9820  9820 E libc    : Access denied finding property "persist.device_config.runtime_native_boot.profilebootclasspath"
02-25 14:07:34.792  9820  9820 W app_process: type=1400 audit(0.0:4139): avc: denied { read } for name="u:object_r:device_config_runtime_native_boot_prop:s0" dev="tmpfs" ino=1132 scontext=u:r:shell:s0 tcontext=u:object_r:device_config_runtime_native_boot_prop:s0 tclass=file permissive=0
02-25 14:07:34.792  9820  9820 W app_process: type=1400 audit(0.0:4140): avc: denied { read } for name="u:object_r:device_config_runtime_native_boot_prop:s0" dev="tmpfs" ino=1132 scontext=u:r:shell:s0 tcontext=u:object_r:device_config_runtime_native_boot_prop:s0 tclass=file permissive=0
02-25 14:07:34.797  9820  9820 E libc    : Access denied finding property "persist.device_config.runtime_native_boot.enable_apex_image"
02-25 14:07:34.797  9820  9820 I AndroidRuntime: Using default boot image
02-25 14:07:34.797  9820  9820 E libc    : Access denied finding property "persist.device_config.runtime_native_boot.disable_lock_profiling"
02-25 14:07:34.797  9820  9820 I AndroidRuntime: Leaving lock profiling enabled
02-25 14:07:34.797  9820  9820 E libc    : Access denied finding property "persist.device_config.runtime_native_boot.enable_generational_cc"
02-25 14:07:34.792  9820  9820 W app_process: type=1400 audit(0.0:4141): avc: denied { read } for name="u:object_r:device_config_runtime_native_boot_prop:s0" dev="tmpfs" ino=1132 scontext=u:r:shell:s0 tcontext=u:object_r:device_config_runtime_native_boot_prop:s0 tclass=file permissive=0
02-25 14:07:34.905  9820  9820 I app_process: The ClassLoaderContext is a special shared library.
02-25 14:07:34.936  9820  9820 W app_process: JNI RegisterNativeMethods: attempt to register 0 native methods for android.media.AudioAttributes
02-25 14:07:35.176  2008  2062 I ReactNativeJS: Partner add details---->{"id":"6bbd17dd-ca12-41d0-b0a7-49a63795a1c8","is_active":true,"is_deleted":false,"title":"Zero Transaction fee","description":"Zero Transaction fee","banner_image":"https://paypenny.s3.amazonaws.com/1674050811104_WhatsAppImage2023-01-18at16.18.26.PNG","video_url":"paypenny.org","duration":2,"is_self":true,"is_partner":false,"partner_id":null,"partner_name":null,"country":"Europe","reference_url":"paypenny.org","createdAt":"2023-01-18T14:06:51.910Z","updatedAt":"2023-01-18T14:06:51.910Z"}
02-25 14:07:35.188   507  1211 I system_server: oneway function results will be dropped but finished with status OK and parcel size 4
02-25 14:07:35.202  2008  2062 I ReactNativeJS: is cancel is cancel res false
02-25 14:07:35.256  2008  2062 W ReactNativeJS: react-native-snap-carousel | Pagination: You must specify prop `carouselRef` when setting `tappableDots` to `true`
02-25 14:07:35.265  2008  2062 W ReactNativeJS: 'VirtualizedList: missing keys for items, make sure to specify a key or id property on each item or provide a custom keyExtractor.', ''
02-25 14:07:35.292  2008  2064 W unknown:ReactNative: Attempt to set local data for view with unknown tag: -1
02-25 14:07:35.299  2008  2062 I ReactNativeJS: is cancel is cancel res false
02-25 14:07:35.302  2008  2062 I ReactNativeJS: is cancel is cancel res false
02-25 14:07:35.302  2008  2062 I ReactNativeJS: 'sdfasdfadfasfasdasd===========', 'Bulgaria'
02-25 14:07:35.302  2008  2062 I ReactNativeJS: is cancel is cancel res false
02-25 14:07:35.307  2008  2062 I ReactNativeJS: is cancel is cancel res false
02-25 14:07:35.315  2008  2062 W ReactNativeJS: 'VirtualizedList: missing keys for items, make sure to specify a key or id property on each item or provide a custom keyExtractor.', ''
02-25 14:07:35.325  2008  2064 W unknown:ReactNative: Attempt to set local data for view with unknown tag: -1
02-25 14:07:35.326   507  1211 I system_server: oneway function results will be dropped but finished with status OK and parcel size 4
02-25 14:07:35.329  2008  2062 I ReactNativeJS: is cancel is cancel res false
02-25 14:07:35.329  2008  2064 W unknown:ReactNative: Attempt to set local data for view with unknown tag: 28097
02-25 14:07:35.335  2008  2064 I chatty  : uid=10181(com.bhanguz.Paypenny) mqt_native_modu identical 3 lines
02-25 14:07:35.335  2008  2064 W unknown:ReactNative: Attempt to set local data for view with unknown tag: 28097
02-25 14:07:35.456  2008  2062 I ReactNativeJS: 'Sdfsdfsdfdsafsdfs', undefined
02-25 14:07:35.456  2008  2062 I ReactNativeJS: 'sdfsdfsdfsdfsdfdsf', 'Goes to set data'
02-25 14:07:35.463   507   920 I WifiService: getCurrentNetwork uid=10158
02-25 14:07:35.494  9845  9846 I cmd     : oneway function results will be dropped but finished with status OK and parcel size 4
02-25 14:07:35.536  2008  2062 W ReactNativeJS: react-native-snap-carousel | Pagination: You must specify prop `carouselRef` when setting `tappableDots` to `true`
02-25 14:07:35.655  9868  9870 I cmd     : oneway function results will be dropped but finished with status OK and parcel size 4
02-25 14:07:35.658   507   602 I WifiService: getConnectionInfo uid=1000
02-25 14:07:36.899  9894  9896 I cmd     : oneway function results will be dropped but finished with status OK and parcel size 4
02-25 14:07:36.911  9899  9901 I cmd     : oneway function results will be dropped but finished with status OK and parcel size 4
02-25 14:07:37.148  9935  9937 I cmd     : oneway function results will be dropped but finished with status OK and parcel size 4
02-25 14:07:37.314  9962  9964 I cmd     : oneway function results will be dropped but finished with status OK and parcel size 4
02-25 14:07:37.394  9977  9979 I cmd     : oneway function results will be dropped but finished with status OK and parcel size 4
02-25 14:07:37.474  9992  9994 I cmd     : oneway function results will be dropped but finished with status OK and parcel size 4
02-25 14:07:37.503   178   178 I servicemanager: Notifying apexservice they have clients: 1
02-25 14:07:37.503   178   178 I servicemanager: Notifying apexservice they have clients: 0
02-25 14:07:37.505   178   178 I BpBinder: onLastStrongRef automatically unlinking death recipients: <uncached descriptor>
02-25 14:07:37.554 10007 10009 I cmd     : oneway function results will be dropped but finished with status OK and parcel size 4
02-25 14:07:37.700 10019 10019 E libc    : Access denied finding property "persist.device_config.runtime_native_boot.profilebootclasspath"
02-25 14:07:37.700 10019 10019 E libc    : Access denied finding property "persist.device_config.runtime_native_boot.enable_apex_image"
02-25 14:07:37.700 10019 10019 I AndroidRuntime: Using default boot image
02-25 14:07:37.700 10019 10019 E libc    : Access denied finding property "persist.device_config.runtime_native_boot.disable_lock_profiling"
02-25 14:07:37.700 10019 10019 I AndroidRuntime: Leaving lock profiling enabled
02-25 14:07:37.696 10019 10019 W app_process: type=1400 audit(0.0:4143): avc: denied { read } for name="u:object_r:device_config_runtime_native_boot_prop:s0" dev="tmpfs" ino=1132 scontext=u:r:shell:s0 tcontext=u:object_r:device_config_runtime_native_boot_prop:s0 tclass=file permissive=0
02-25 14:07:37.700 10019 10019 E libc    : Access denied finding property "persist.device_config.runtime_native_boot.enable_generational_cc"
02-25 14:07:37.696 10019 10019 W app_process: type=1400 audit(0.0:4144): avc: denied { read } for name="u:object_r:device_config_runtime_native_boot_prop:s0" dev="tmpfs" ino=1132 scontext=u:r:shell:s0 tcontext=u:object_r:device_config_runtime_native_boot_prop:s0 tclass=file permissive=0
02-25 14:07:37.792 10019 10019 I app_process: The ClassLoaderContext is a special shared library.
02-25 14:07:37.827 10019 10019 W app_process: JNI RegisterNativeMethods: attempt to register 0 native methods for android.media.AudioAttributes
02-25 14:07:37.981 10041 10043 I cmd     : oneway function results will be dropped but finished with status OK and parcel size 4
02-25 14:07:38.102  2008  2062 I ReactNativeJS: is cancel is cancel res false
02-25 14:07:38.110   507  1211 I system_server: oneway function results will be dropped but finished with status OK and parcel size 4
02-25 14:07:38.159  2008  2062 W ReactNativeJS: react-native-snap-carousel | Pagination: You must specify prop `carouselRef` when setting `tappableDots` to `true`
02-25 14:07:38.164  2008  2062 W ReactNativeJS: 'VirtualizedList: missing keys for items, make sure to specify a key or id property on each item or provide a custom keyExtractor.', ''
02-25 14:07:38.195  2008  2062 I ReactNativeJS: is cancel is cancel res false
02-25 14:07:38.198  2008  2062 I ReactNativeJS: is cancel is cancel res false
02-25 14:07:38.198  2008  2062 I ReactNativeJS: 'sdfasdfadfasfasdasd===========', 'Bulgaria'
02-25 14:07:38.198  2008  2062 I ReactNativeJS: is cancel is cancel res false
02-25 14:07:38.206  2008  2062 I ReactNativeJS: is cancel is cancel res false
02-25 14:07:38.211  2008  2062 W ReactNativeJS: 'VirtualizedList: missing keys for items, make sure to specify a key or id property on each item or provide a custom keyExtractor.', ''
02-25 14:07:38.231  2008  2062 I ReactNativeJS: is cancel is cancel res false
02-25 14:07:38.277   507   920 I system_server: oneway function results will be dropped but finished with status OK and parcel size 4
02-25 14:07:38.310  2008  2064 W unknown:ReactNative: Attempt to set local data for view with unknown tag: -1
02-25 14:07:38.330  2008  2064 W unknown:ReactNative: Attempt to set local data for view with unknown tag: 29393
02-25 14:07:38.335  2008  2064 I chatty  : uid=10181(com.bhanguz.Paypenny) mqt_native_modu identical 3 lines
02-25 14:07:38.335  2008  2064 W unknown:ReactNative: Attempt to set local data for view with unknown tag: 29393
02-25 14:07:38.344  2008  2064 W unknown:ReactNative: Attempt to set local data for view with unknown tag: -1
02-25 14:07:38.402  2008  2062 I ReactNativeJS: 'Sdfsdfsdfdsafsdfs', undefined
02-25 14:07:38.402  2008  2062 I ReactNativeJS: 'sdfsdfsdfsdfsdfdsf', 'Goes to set data'
02-25 14:07:38.459  2008  2062 W ReactNativeJS: react-native-snap-carousel | Pagination: You must specify prop `carouselRef` when setting `tappableDots` to `true`
02-25 14:07:38.498   507  4488 I WifiService: getCurrentNetwork uid=10158
02-25 14:07:38.616   289   289 W Binder:289_2: type=1400 audit(0.0:4147): avc: denied { read write } for path="socket:[998908]" dev="sockfs" ino=998908 scontext=u:r:netd:s0 tcontext=u:r:untrusted_app:s0:c181,c256,c512,c768 tclass=unix_stream_socket permissive=0 b/77870037
02-25 14:07:38.621   289   503 E libnetd_resolv: control message was truncated when receiving file descriptors
02-25 14:07:39.143 10074 10076 I cmd     : oneway function results will be dropped but finished with status OK and parcel size 4
02-25 14:07:39.742   507   518 W System  : A resource failed to call release. 
02-25 14:07:39.743   507   518 I chatty  : uid=1000(system) FinalizerDaemon identical 70 lines
02-25 14:07:39.743   507   518 W System  : A resource failed to call release. 
02-25 14:07:39.772   507   602 I WifiService: getConnectionInfo uid=1000
02-25 14:07:39.815 10101 10103 I cmd     : oneway function results will be dropped but finished with status OK and parcel size 4
02-25 14:07:40.033 10128 10130 I cmd     : oneway function results will be dropped but finished with status OK and parcel size 4
02-25 14:07:40.126 10146 10148 I cmd     : oneway function results will be dropped but finished with status OK and parcel size 4
02-25 14:07:40.253 10173 10175 I cmd     : oneway function results will be dropped but finished with status OK and parcel size 4
02-25 14:07:40.347 10188 10190 I cmd     : oneway function results will be dropped but finished with status OK and parcel size 4
02-25 14:07:40.433 10203 10205 I cmd     : oneway function results will be dropped but finished with status OK and parcel size 4
02-25 14:07:40.514 10218 10220 I cmd     : oneway function results will be dropped but finished with status OK and parcel size 4
02-25 14:07:40.684 10230 10230 E libc    : Access denied finding property "persist.device_config.runtime_native_boot.profilebootclasspath"
02-25 14:07:40.684 10230 10230 E libc    : Access denied finding property "persist.device_config.runtime_native_boot.enable_apex_image"
02-25 14:07:40.684 10230 10230 I AndroidRuntime: Using default boot image
02-25 14:07:40.684 10230 10230 E libc    : Access denied finding property "persist.device_config.runtime_native_boot.disable_lock_profiling"
02-25 14:07:40.684 10230 10230 I AndroidRuntime: Leaving lock profiling enabled
02-25 14:07:40.680 10230 10230 W app_process: type=1400 audit(0.0:4148): avc: denied { read } for name="u:object_r:device_config_runtime_native_boot_prop:s0" dev="tmpfs" ino=1132 scontext=u:r:shell:s0 tcontext=u:object_r:device_config_runtime_native_boot_prop:s0 tclass=file permissive=0
02-25 14:07:40.680 10230 10230 I chatty  : uid=2000(shell) app_process identical 2 lines
02-25 14:07:40.680 10230 10230 W app_process: type=1400 audit(0.0:4151): avc: denied { read } for name="u:object_r:device_config_runtime_native_boot_prop:s0" dev="tmpfs" ino=1132 scontext=u:r:shell:s0 tcontext=u:object_r:device_config_runtime_native_boot_prop:s0 tclass=file permissive=0
02-25 14:07:40.684 10230 10230 E libc    : Access denied finding property "persist.device_config.runtime_native_boot.enable_generational_cc"
02-25 14:07:40.869 10230 10230 I app_process: The ClassLoaderContext is a special shared library.
02-25 14:07:40.908 10230 10230 W app_process: JNI RegisterNativeMethods: attempt to register 0 native methods for android.media.AudioAttributes
02-25 14:07:41.175   507  4488 I system_server: oneway function results will be dropped but finished with status OK and parcel size 4
02-25 14:07:41.211  2008  2008 E unknown:ReactModalHost: Creating new dialog from context: com.bhanguz.Paypenny.MainActivity@ca4aa1c@212118044
02-25 14:07:41.299   507  4488 I system_server: oneway function results will be dropped but finished with status OK and parcel size 4
02-25 14:07:41.324  2008  2008 E unknown:ReactModalHost: Updating existing dialog with context: com.bhanguz.Paypenny.MainActivity@ca4aa1c@212118044
02-25 14:07:41.502   507  4488 I WifiService: getCurrentNetwork uid=10158
02-25 14:07:42.280 10282 10285 I cmd     : oneway function results will be dropped but finished with status OK and parcel size 4
02-25 14:07:42.773 10310 10312 I cmd     : oneway function results will be dropped but finished with status OK and parcel size 4
02-25 14:07:43.016   178   178 I servicemanager: Since 'apexservice' could not be found, trying to start it as a lazy AIDL service
02-25 14:07:43.044   178   178 I BpBinder: onLastStrongRef automatically unlinking death recipients: <uncached descriptor>
02-25 14:07:43.044   178   178 I servicemanager: Tried to unregister apexservice, but there is about to be a client.
02-25 14:07:43.779 10355 10357 I cmd     : oneway function results will be dropped but finished with status OK and parcel size 4
02-25 14:07:44.059   507   602 I WifiService: getConnectionInfo uid=1000
02-25 14:07:44.264   507  4721 I system_server: oneway function results will be dropped but finished with status OK and parcel size 4
02-25 14:07:44.492   507  4721 I WifiService: getCurrentNetwork uid=10158
02-25 14:07:44.786 10376 10378 I cmd     : oneway function results will be dropped but finished with status OK and parcel size 4
02-25 14:07:46.141 10401 10403 I cmd     : oneway function results will be dropped but finished with status OK and parcel size 4
02-25 14:07:47.178 10426 10428 I cmd     : oneway function results will be dropped but finished with status OK and parcel size 4
02-25 14:07:47.498   507  4488 I WifiService: getCurrentNetwork uid=10158
02-25 14:07:47.503   178   178 I servicemanager: Notifying apexservice they have clients: 1
02-25 14:07:47.786  2008  2062 I ReactNativeJS: Partner add details---->{"id":"851a8d5c-206b-46fe-8254-fe04d21647a7","is_active":true,"is_deleted":false,"title":"bannerthree","description":"refer and earn","banner_image":"https://paypenny.s3.amazonaws.com/1663491369894_Paypenny_AppBanner03_17Sep'22.PNG","video_url":"paypenny.io","duration":6,"is_self":true,"is_partner":false,"partner_id":null,"partner_name":null,"country":"Europe","reference_url":"paypenny.io","createdAt":"2022-09-18T08:56:11.182Z","updatedAt":"2022-09-18T09:03:56.441Z"}
02-25 14:07:47.790   507  4488 I system_server: oneway function results will be dropped but finished with status OK and parcel size 4
02-25 14:07:47.792   507  4488 I system_server: oneway function results will be dropped but finished with status OK and parcel size 4
02-25 14:07:47.821  2008  2062 I ReactNativeJS: is cancel is cancel res false
02-25 14:07:47.865   507   602 I WifiService: getConnectionInfo uid=1000
02-25 14:07:47.874  2008  2062 W ReactNativeJS: react-native-snap-carousel | Pagination: You must specify prop `carouselRef` when setting `tappableDots` to `true`
02-25 14:07:47.877  2008  2062 W ReactNativeJS: 'VirtualizedList: missing keys for items, make sure to specify a key or id property on each item or provide a custom keyExtractor.', ''
02-25 14:07:47.913  2008  2064 W unknown:ReactNative: Attempt to set local data for view with unknown tag: -1
02-25 14:07:47.916  2008  2062 I ReactNativeJS: is cancel is cancel res false
02-25 14:07:47.921  2008  2062 I ReactNativeJS: is cancel is cancel res false
02-25 14:07:47.921  2008  2062 I ReactNativeJS: 'sdfasdfadfasfasdasd===========', 'Bulgaria'
02-25 14:07:47.921  2008  2062 I ReactNativeJS: is cancel is cancel res false
02-25 14:07:47.927  2008  2062 I ReactNativeJS: is cancel is cancel res false
02-25 14:07:47.931   507   920 I system_server: oneway function results will be dropped but finished with status OK and parcel size 4
02-25 14:07:47.942  2008  2062 W ReactNativeJS: 'VirtualizedList: missing keys for items, make sure to specify a key or id property on each item or provide a custom keyExtractor.', ''
02-25 14:07:47.949  2008  2062 I ReactNativeJS: is cancel is cancel res false
02-25 14:07:47.966  2008  2022 W System  : A resource failed to call release. 
02-25 14:07:47.966  2008  2022 I chatty  : uid=10181(com.bhanguz.Paypenny) FinalizerDaemon identical 1 line
02-25 14:07:47.966  2008  2022 W System  : A resource failed to call release. 
02-25 14:07:47.971  2008  2064 W unknown:ReactNative: Attempt to set local data for view with unknown tag: 30863
02-25 14:07:47.975  2008  2064 I chatty  : uid=10181(com.bhanguz.Paypenny) mqt_native_modu identical 3 lines
02-25 14:07:47.975  2008  2064 W unknown:ReactNative: Attempt to set local data for view with unknown tag: 30863
02-25 14:07:47.986  2008  2064 W unknown:ReactNative: Attempt to set local data for view with unknown tag: -1
02-25 14:07:48.081  2008  2062 I ReactNativeJS: 'Sdfsdfsdfdsafsdfs', undefined
02-25 14:07:48.081  2008  2062 I ReactNativeJS: 'sdfsdfsdfsdfsdfdsf', 'Goes to set data'
02-25 14:07:48.154 10455 10457 I cmd     : oneway function results will be dropped but finished with status OK and parcel size 4
02-25 14:07:48.173  2008  2062 W ReactNativeJS: react-native-snap-carousel | Pagination: You must specify prop `carouselRef` when setting `tappableDots` to `true`
02-25 14:07:48.312 10486 10487 I cmd     : oneway function results will be dropped but finished with status OK and parcel size 4
02-25 14:07:48.476 10496 10496 W app_process: type=1400 audit(0.0:4152): avc: denied { read } for name="u:object_r:device_config_runtime_native_boot_prop:s0" dev="tmpfs" ino=1132 scontext=u:r:shell:s0 tcontext=u:object_r:device_config_runtime_native_boot_prop:s0 tclass=file permissive=0
02-25 14:07:48.479 10496 10496 E libc    : Access denied finding property "persist.device_config.runtime_native_boot.profilebootclasspath"
02-25 14:07:48.476 10496 10496 W app_process: type=1400 audit(0.0:4153): avc: denied { read } for name="u:object_r:device_config_runtime_native_boot_prop:s0" dev="tmpfs" ino=1132 scontext=u:r:shell:s0 tcontext=u:object_r:device_config_runtime_native_boot_prop:s0 tclass=file permissive=0
02-25 14:07:48.476 10496 10496 I chatty  : uid=2000(shell) app_process identical 1 line
02-25 14:07:48.476 10496 10496 W app_process: type=1400 audit(0.0:4155): avc: denied { read } for name="u:object_r:device_config_runtime_native_boot_prop:s0" dev="tmpfs" ino=1132 scontext=u:r:shell:s0 tcontext=u:object_r:device_config_runtime_native_boot_prop:s0 tclass=file permissive=0
02-25 14:07:48.479 10496 10496 E libc    : Access denied finding property "persist.device_config.runtime_native_boot.enable_apex_image"
02-25 14:07:48.479 10496 10496 I AndroidRuntime: Using default boot image
02-25 14:07:48.479 10496 10496 E libc    : Access denied finding property "persist.device_config.runtime_native_boot.disable_lock_profiling"
02-25 14:07:48.479 10496 10496 I AndroidRuntime: Leaving lock profiling enabled
02-25 14:07:48.479 10496 10496 E libc    : Access denied finding property "persist.device_config.runtime_native_boot.enable_generational_cc"
02-25 14:07:48.593 10496 10496 I app_process: The ClassLoaderContext is a special shared library.
02-25 14:07:48.613 10496 10496 W app_process: JNI RegisterNativeMethods: attempt to register 0 native methods for android.media.AudioAttributes
02-25 14:07:48.637   507   527 E RemoteAugmentedAutofillService: Bad service name for flags 1048704: com.google.android.as/com.google.android.apps.miphone.aiai.app.AiAiAugmentedAutofillService
02-25 14:07:48.676  2008  2062 I ReactNativeJS: is cancel is cancel res false
02-25 14:07:48.727  2008  2062 W ReactNativeJS: react-native-snap-carousel | Pagination: You must specify prop `carouselRef` when setting `tappableDots` to `true`
02-25 14:07:48.732  2008  2062 W ReactNativeJS: 'VirtualizedList: missing keys for items, make sure to specify a key or id property on each item or provide a custom keyExtractor.', ''
02-25 14:07:48.774  2008  2062 I ReactNativeJS: is cancel is cancel res false
02-25 14:07:48.776  2008  2062 I ReactNativeJS: is cancel is cancel res false
02-25 14:07:48.776  2008  2062 I ReactNativeJS: 'sdfasdfadfasfasdasd===========', 'Bulgaria'
02-25 14:07:48.776  2008  2062 I ReactNativeJS: is cancel is cancel res false
02-25 14:07:48.783  2008  2062 I ReactNativeJS: is cancel is cancel res false
02-25 14:07:48.792  2008  2062 W ReactNativeJS: 'VirtualizedList: missing keys for items, make sure to specify a key or id property on each item or provide a custom keyExtractor.', ''
02-25 14:07:48.797  2008  2062 I ReactNativeJS: is cancel is cancel res false
02-25 14:07:48.842  2008  2064 W unknown:ReactNative: Attempt to set local data for view with unknown tag: -1
02-25 14:07:48.842  2008  2064 W unknown:ReactNative: Attempt to set local data for view with unknown tag: -1
02-25 14:07:48.846  2008  2064 W unknown:ReactNative: Attempt to set local data for view with unknown tag: 32157
02-25 14:07:48.855  2008  2064 I chatty  : uid=10181(com.bhanguz.Paypenny) mqt_native_modu identical 3 lines
02-25 14:07:48.855  2008  2064 W unknown:ReactNative: Attempt to set local data for view with unknown tag: 32157
02-25 14:07:48.990  2008  2062 I ReactNativeJS: 'Sdfsdfsdfdsafsdfs', undefined
02-25 14:07:48.991  2008  2062 I ReactNativeJS: 'sdfsdfsdfsdfsdfdsf', 'Goes to set data'
02-25 14:07:49.092  2008  2062 W ReactNativeJS: react-native-snap-carousel | Pagination: You must specify prop `carouselRef` when setting `tappableDots` to `true`
02-25 14:07:49.236 10523 10525 I cmd     : oneway function results will be dropped but finished with status OK and parcel size 4
02-25 14:07:49.276   289   503 E libnetd_resolv: control message was truncated when receiving file descriptors
02-25 14:07:49.272   289   289 W Binder:289_2: type=1400 audit(0.0:4156): avc: denied { read write } for path="socket:[1010106]" dev="sockfs" ino=1010106 scontext=u:r:netd:s0 tcontext=u:r:untrusted_app:s0:c181,c256,c512,c768 tclass=unix_stream_socket permissive=0 b/77870037
02-25 14:07:49.654  2008  2062 I ReactNativeJS: Partner add details---->{"id":"6bbd17dd-ca12-41d0-b0a7-49a63795a1c8","is_active":true,"is_deleted":false,"title":"Zero Transaction fee","description":"Zero Transaction fee","banner_image":"https://paypenny.s3.amazonaws.com/1674050811104_WhatsAppImage2023-01-18at16.18.26.PNG","video_url":"paypenny.org","duration":2,"is_self":true,"is_partner":false,"partner_id":null,"partner_name":null,"country":"Europe","reference_url":"paypenny.org","createdAt":"2023-01-18T14:06:51.910Z","updatedAt":"2023-01-18T14:06:51.910Z"}
02-25 14:07:49.671   507  4488 I system_server: oneway function results will be dropped but finished with status OK and parcel size 4
02-25 14:07:49.699  2008  2062 I ReactNativeJS: is cancel is cancel res false
02-25 14:07:49.719  2008  2062 W ReactNativeJS: react-native-snap-carousel | Pagination: You must specify prop `carouselRef` when setting `tappableDots` to `true`
02-25 14:07:49.724  2008  2062 W ReactNativeJS: 'VirtualizedList: missing keys for items, make sure to specify a key or id property on each item or provide a custom keyExtractor.', ''
02-25 14:07:49.756  2008  2064 W unknown:ReactNative: Attempt to set local data for view with unknown tag: -1
02-25 14:07:49.757  2008  2062 I ReactNativeJS: is cancel is cancel res false
02-25 14:07:49.757  2008  2062 I ReactNativeJS: is cancel is cancel res false
02-25 14:07:49.757  2008  2062 I ReactNativeJS: 'sdfasdfadfasfasdasd===========', 'Bulgaria'
02-25 14:07:49.757  2008  2062 I ReactNativeJS: is cancel is cancel res false
02-25 14:07:49.762  2008  2062 I ReactNativeJS: is cancel is cancel res false
02-25 14:07:49.766  2008  2062 W ReactNativeJS: 'VirtualizedList: missing keys for items, make sure to specify a key or id property on each item or provide a custom keyExtractor.', ''
02-25 14:07:49.778  2008  2062 I ReactNativeJS: is cancel is cancel res false
02-25 14:07:49.792  2008  2064 W unknown:ReactNative: Attempt to set local data for view with unknown tag: -1
02-25 14:07:49.792   507  4488 I system_server: oneway function results will be dropped but finished with status OK and parcel size 4
02-25 14:07:49.797  2008  2064 W unknown:ReactNative: Attempt to set local data for view with unknown tag: 33549
02-25 14:07:49.801  2008  2064 I chatty  : uid=10181(com.bhanguz.Paypenny) mqt_native_modu identical 3 lines
02-25 14:07:49.804  2008  2064 W unknown:ReactNative: Attempt to set local data for view with unknown tag: 33549
02-25 14:07:49.930  2008  2062 I ReactNativeJS: 'Sdfsdfsdfdsafsdfs', undefined
02-25 14:07:49.930  2008  2062 I ReactNativeJS: 'sdfsdfsdfsdfsdfdsf', 'Goes to set data'
02-25 14:07:49.984  2008  2062 W ReactNativeJS: react-native-snap-carousel | Pagination: You must specify prop `carouselRef` when setting `tappableDots` to `true`
02-25 14:07:50.179 10568 10570 I cmd     : oneway function results will be dropped but finished with status OK and parcel size 4
02-25 14:07:50.291   507   602 I WifiService: getConnectionInfo uid=1000
02-25 14:07:50.418   507   920 I system_server: oneway function results will be dropped but finished with status OK and parcel size 4
02-25 14:07:50.425   507  4488 I ActivityTaskManager: START u0 {act=android.intent.action.VIEW dat=paypenny.org flg=0x10000000} from uid 10181
02-25 14:07:50.427   507   518 W System  : A resource failed to call release. 
02-25 14:07:50.427   507   518 I chatty  : uid=1000(system) FinalizerDaemon identical 52 lines
02-25 14:07:50.427   507   518 W System  : A resource failed to call release. 
02-25 14:07:50.495 10619 10621 I cmd     : oneway function results will be dropped but finished with status OK and parcel size 4
02-25 14:07:50.513   507  2884 I WifiService: getCurrentNetwork uid=10158
02-25 14:07:50.543   507  2884 I system_server: oneway function results will be dropped but finished with status OK and parcel size 4
02-25 14:07:50.686 10648 10650 I cmd     : oneway function results will be dropped but finished with status OK and parcel size 4
02-25 14:07:50.769 10663 10665 I cmd     : oneway function results will be dropped but finished with status OK and parcel size 4
02-25 14:07:50.852 10678 10680 I cmd     : oneway function results will be dropped but finished with status OK and parcel size 4
02-25 14:07:50.933 10693 10695 I cmd     : oneway function results will be dropped but finished with status OK and parcel size 4
02-25 14:07:51.090 10705 10705 E libc    : Access denied finding property "persist.device_config.runtime_native_boot.profilebootclasspath"
02-25 14:07:51.090 10705 10705 E libc    : Access denied finding property "persist.device_config.runtime_native_boot.enable_apex_image"
02-25 14:07:51.090 10705 10705 I AndroidRuntime: Using default boot image
02-25 14:07:51.090 10705 10705 E libc    : Access denied finding property "persist.device_config.runtime_native_boot.disable_lock_profiling"
02-25 14:07:51.090 10705 10705 I AndroidRuntime: Leaving lock profiling enabled
02-25 14:07:51.090 10705 10705 E libc    : Access denied finding property "persist.device_config.runtime_native_boot.enable_generational_cc"
02-25 14:07:51.088 10705 10705 W app_process: type=1400 audit(0.0:4157): avc: denied { read } for name="u:object_r:device_config_runtime_native_boot_prop:s0" dev="tmpfs" ino=1132 scontext=u:r:shell:s0 tcontext=u:object_r:device_config_runtime_native_boot_prop:s0 tclass=file permissive=0
02-25 14:07:51.186 10705 10705 I app_process: The ClassLoaderContext is a special shared library.
02-25 14:07:51.216 10705 10705 W app_process: JNI RegisterNativeMethods: attempt to register 0 native methods for android.media.AudioAttributes
02-25 14:07:51.429 10725 10727 I cmd     : oneway function results will be dropped but finished with status OK and parcel size 4
02-25 14:07:52.223   507  2884 I ActivityTaskManager: START u0 {act=android.intent.action.VIEW dat=paypenny.org flg=0x10000000} from uid 10181
02-25 14:07:52.227   507  4488 I system_server: oneway function results will be dropped but finished with status OK and parcel size 4
02-25 14:07:52.359   507  4488 I system_server: oneway function results will be dropped but finished with status OK and parcel size 4
02-25 14:07:52.503   178   178 I servicemanager: Notifying apexservice they have clients: 0
02-25 14:07:52.506   178   178 I BpBinder: onLastStrongRef automatically unlinking death recipients: <uncached descriptor>
02-25 14:07:53.037   178   178 I servicemanager: Since 'apexservice' could not be found, trying to start it as a lazy AIDL service
02-25 14:07:53.060   178   178 I BpBinder: onLastStrongRef automatically unlinking death recipients: <uncached descriptor>
02-25 14:07:53.060   178   178 I servicemanager: Tried to unregister apexservice, but there is about to be a client.
02-25 14:07:53.369 10763 10765 I cmd     : oneway function results will be dropped but finished with status OK and parcel size 4
02-25 14:07:53.527   507  4488 I WifiService: getCurrentNetwork uid=10158
02-25 14:07:53.583 10790 10792 I cmd     : oneway function results will be dropped but finished with status OK and parcel size 4
02-25 14:07:53.762 10817 10819 I cmd     : oneway function results will be dropped but finished with status OK and parcel size 4
02-25 14:07:53.847 10834 10836 I cmd     : oneway function results will be dropped but finished with status OK and parcel size 4
02-25 14:07:53.933 10849 10851 I cmd     : oneway function results will be dropped but finished with status OK and parcel size 4
02-25 14:07:54.015 10864 10866 I cmd     : oneway function results will be dropped but finished with status OK and parcel size 4
02-25 14:07:54.180 10876 10876 E libc    : Access denied finding property "persist.device_config.runtime_native_boot.profilebootclasspath"
02-25 14:07:54.180 10876 10876 E libc    : Access denied finding property "persist.device_config.runtime_native_boot.enable_apex_image"
02-25 14:07:54.176 10876 10876 W app_process: type=1400 audit(0.0:4161): avc: denied { read } for name="u:object_r:device_config_runtime_native_boot_prop:s0" dev="tmpfs" ino=1132 scontext=u:r:shell:s0 tcontext=u:object_r:device_config_runtime_native_boot_prop:s0 tclass=file permissive=0
02-25 14:07:54.176 10876 10876 W app_process: type=1400 audit(0.0:4162): avc: denied { read } for name="u:object_r:device_config_runtime_native_boot_prop:s0" dev="tmpfs" ino=1132 scontext=u:r:shell:s0 tcontext=u:object_r:device_config_runtime_native_boot_prop:s0 tclass=file permissive=0
02-25 14:07:54.180 10876 10876 I AndroidRuntime: Using default boot image
02-25 14:07:54.181 10876 10876 E libc    : Access denied finding property "persist.device_config.runtime_native_boot.disable_lock_profiling"
02-25 14:07:54.181 10876 10876 I AndroidRuntime: Leaving lock profiling enabled
02-25 14:07:54.181 10876 10876 E libc    : Access denied finding property "persist.device_config.runtime_native_boot.enable_generational_cc"
02-25 14:07:54.176 10876 10876 W app_process: type=1400 audit(0.0:4163): avc: denied { read } for name="u:object_r:device_config_runtime_native_boot_prop:s0" dev="tmpfs" ino=1132 scontext=u:r:shell:s0 tcontext=u:object_r:device_config_runtime_native_boot_prop:s0 tclass=file permissive=0
02-25 14:07:54.271 10876 10876 I app_process: The ClassLoaderContext is a special shared library.
02-25 14:07:54.294 10876 10876 W app_process: JNI RegisterNativeMethods: attempt to register 0 native methods for android.media.AudioAttributes
02-25 14:07:54.476 10896 10898 I cmd     : oneway function results will be dropped but finished with status OK and parcel size 4
02-25 14:07:55.326   507  4488 I system_server: oneway function results will be dropped but finished with status OK and parcel size 4
02-25 14:07:55.506 10913 10915 I cmd     : oneway function results will be dropped but finished with status OK and parcel size 4
02-25 14:07:55.513   507  4488 I ActivityTaskManager: START u0 {act=android.intent.action.VIEW dat=paypenny.org flg=0x10000000} from uid 10181
02-25 14:07:55.515   507   920 I system_server: oneway function results will be dropped but finished with status OK and parcel size 4
02-25 14:07:55.517   507   920 I system_server: oneway function results will be dropped but finished with status OK and parcel size 4
02-25 14:07:55.652   507   920 I system_server: oneway function results will be dropped but finished with status OK and parcel size 4
02-25 14:07:56.464 10943 10945 I cmd     : oneway function results will be dropped but finished with status OK and parcel size 4
02-25 14:07:56.504   507  4488 I system_server: oneway function results will be dropped but finished with status OK and parcel size 4
02-25 14:07:56.537   507  4488 I WifiService: getCurrentNetwork uid=10158
02-25 14:07:56.626   507  4488 I system_server: oneway function results will be dropped but finished with status OK and parcel size 4
02-25 14:07:56.667 10970 10972 I cmd     : oneway function results will be dropped but finished with status OK and parcel size 4
02-25 14:07:56.834 10997 10999 I cmd     : oneway function results will be dropped but finished with status OK and parcel size 4
02-25 14:07:56.921 11012 11014 I cmd     : oneway function results will be dropped but finished with status OK and parcel size 4
02-25 14:07:57.007 11029 11031 I cmd     : oneway function results will be dropped but finished with status OK and parcel size 4
02-25 14:07:57.090 11044 11046 I cmd     : oneway function results will be dropped but finished with status OK and parcel size 4
02-25 14:07:57.254 11056 11056 E libc    : Access denied finding property "persist.device_config.runtime_native_boot.profilebootclasspath"
02-25 14:07:57.254 11056 11056 E libc    : Access denied finding property "persist.device_config.runtime_native_boot.enable_apex_image"
02-25 14:07:57.254 11056 11056 I AndroidRuntime: Using default boot image
02-25 14:07:57.254 11056 11056 E libc    : Access denied finding property "persist.device_config.runtime_native_boot.disable_lock_profiling"
02-25 14:07:57.254 11056 11056 I AndroidRuntime: Leaving lock profiling enabled
02-25 14:07:57.254 11056 11056 E libc    : Access denied finding property "persist.device_config.runtime_native_boot.enable_generational_cc"
