02-25 14:06:52.288   212   212 W Binder:212_2: type=1400 audit(0.0:4049): avc: denied { read } for name="wakeup0" dev="sysfs" ino=13341 scontext=u:r:system_suspend:s0 tcontext=u:object_r:sysfs:s0 tclass=dir permissive=0
02-25 14:06:52.292   212   219 E android.system.suspend@1.0-service: Error opening kernel wakelock stats for: wakeup3: Permission denied
02-25 14:06:52.293   212   219 E android.system.suspend@1.0-service: Error opening kernel wakelock stats for: wakeup1: Permission denied
02-25 14:06:52.582  6872  6874 I cmd     : oneway function results will be dropped but finished with status OK and parcel size 4
02-25 14:06:52.775  6901  6903 I cmd     : oneway function results will be dropped but finished with status OK and parcel size 4
02-25 14:06:52.940  6928  6930 I cmd     : oneway function results will be dropped but finished with status OK and parcel size 4
02-25 14:06:53.004   178   178 I servicemanager: Since 'apexservice' could not be found, trying to start it as a lazy AIDL service
02-25 14:06:53.025  6948  6950 I cmd     : oneway function results will be dropped but finished with status OK and parcel size 4
02-25 14:06:53.030   178   178 I BpBinder: onLastStrongRef automatically unlinking death recipients: <uncached descriptor>
02-25 14:06:53.030   178   178 I servicemanager: Tried to unregister apexservice, but there is about to be a client.
02-25 14:06:53.106  6965  6967 I cmd     : oneway function results will be dropped but finished with status OK and parcel size 4
02-25 14:06:53.190  6980  6982 I cmd     : oneway function results will be dropped but finished with status OK and parcel size 4
02-25 14:06:53.271   507  1525 I WifiService: getCurrentNetwork uid=10158
02-25 14:06:53.339  6992  6992 E libc    : Access denied finding property "persist.device_config.runtime_native_boot.profilebootclasspath"
02-25 14:06:53.339  6992  6992 E libc    : Access denied finding property "persist.device_config.runtime_native_boot.enable_apex_image"
02-25 14:06:53.339  6992  6992 I AndroidRuntime: Using default boot image
02-25 14:06:53.339  6992  6992 E libc    : Access denied finding property "persist.device_config.runtime_native_boot.disable_lock_profiling"
02-25 14:06:53.339  6992  6992 I AndroidRuntime: Leaving lock profiling enabled
02-25 14:06:53.339  6992  6992 E libc    : Access denied finding property "persist.device_config.runtime_native_boot.enable_generational_cc"
02-25 14:06:53.336  6992  6992 W app_process: type=1400 audit(0.0:4053): avc: denied { read } for name="u:object_r:device_config_runtime_native_boot_prop:s0" dev="tmpfs" ino=1132 scontext=u:r:shell:s0 tcontext=u:object_r:device_config_runtime_native_boot_prop:s0 tclass=file permissive=0
02-25 14:06:53.431  6992  6992 I app_process: The ClassLoaderContext is a special shared library.
02-25 14:06:53.457  6992  6992 W app_process: JNI RegisterNativeMethods: attempt to register 0 native methods for android.media.AudioAttributes
02-25 14:06:53.547  2008  2022 W System  : A resource failed to call release. 
02-25 14:06:53.549  2008  2022 I chatty  : uid=10181(com.bhanguz.Paypenny) FinalizerDaemon identical 7 lines
02-25 14:06:53.549  2008  2022 W System  : A resource failed to call release. 
02-25 14:06:53.630  7012  7014 I cmd     : oneway function results will be dropped but finished with status OK and parcel size 4
02-25 14:06:53.686  2008  2062 I ReactNativeJS: 'sdfasfasfasfasf', 'userCountry', 'Czechia'
02-25 14:06:53.686  2008  2062 I ReactNativeJS: 'sdfasfasfasfasf', 'countryFlag', 'https://paypenny.s3.amazonaws.com/1661248728357_czech-republic.png'
02-25 14:06:53.686  2008  2062 I ReactNativeJS: 'sdfasfasfasfasf', 'countryCode', '+420'
02-25 14:06:53.687  2008  2062 I ReactNativeJS: 'asdasdasdasdasd', 'Other country'
02-25 14:06:53.699  2008  2062 I ReactNativeJS: 'Is connected?', { details: 
02-25 14:06:53.699  2008  2062 I ReactNativeJS:    { isConnectionExpensive: false,
02-25 14:06:53.699  2008  2062 I ReactNativeJS:      subnet: '255.255.255.255',
02-25 14:06:53.699  2008  2062 I ReactNativeJS:      ipAddress: '10.0.2.16',
02-25 14:06:53.699  2008  2062 I ReactNativeJS:      frequency: 2447,
02-25 14:06:53.699  2008  2062 I ReactNativeJS:      strength: 99,
02-25 14:06:53.699  2008  2062 I ReactNativeJS:      bssid: '02:00:00:00:00:00' },
02-25 14:06:53.699  2008  2062 I ReactNativeJS:   isConnected: true,
02-25 14:06:53.699  2008  2062 I ReactNativeJS:   type: 'wifi',
02-25 14:06:53.699  2008  2062 I ReactNativeJS:   isInternetReachable: true,
02-25 14:06:53.699  2008  2062 I ReactNativeJS:   isWifiEnabled: true }
02-25 14:06:53.701  2008  2062 I ReactNativeJS: 'Is connected?', { details: 
02-25 14:06:53.701  2008  2062 I ReactNativeJS:    { isConnectionExpensive: false,
02-25 14:06:53.701  2008  2062 I ReactNativeJS:      subnet: '255.255.255.255',
02-25 14:06:53.701  2008  2062 I ReactNativeJS:      ipAddress: '10.0.2.16',
02-25 14:06:53.701  2008  2062 I ReactNativeJS:      frequency: 2447,
02-25 14:06:53.701  2008  2062 I ReactNativeJS:      strength: 99,
02-25 14:06:53.701  2008  2062 I ReactNativeJS:      bssid: '02:00:00:00:00:00' },
02-25 14:06:53.701  2008  2062 I ReactNativeJS:   isConnected: true,
02-25 14:06:53.701  2008  2062 I ReactNativeJS:   type: 'wifi',
02-25 14:06:53.701  2008  2062 I ReactNativeJS:   isInternetReachable: true,
02-25 14:06:53.701  2008  2062 I ReactNativeJS:   isWifiEnabled: true }
02-25 14:06:53.703   507   598 I system_server: oneway function results will be dropped but finished with status OK and parcel size 4
02-25 14:06:53.703   507   598 I system_server: oneway function results will be dropped but finished with status OK and parcel size 4
02-25 14:06:53.845   507  1525 I system_server: oneway function results will be dropped but finished with status OK and parcel size 4
02-25 14:06:55.305   507   518 W System  : A resource failed to call release. 
02-25 14:06:55.305   507   518 W System  : A resource failed to call release. 
02-25 14:06:55.351  7049  7051 I cmd     : oneway function results will be dropped but finished with status OK and parcel size 4
02-25 14:06:55.541  7076  7078 I cmd     : oneway function results will be dropped but finished with status OK and parcel size 4
02-25 14:06:55.705  7103  7105 I cmd     : oneway function results will be dropped but finished with status OK and parcel size 4
02-25 14:06:55.785  7118  7120 I cmd     : oneway function results will be dropped but finished with status OK and parcel size 4
02-25 14:06:55.866  7133  7135 I cmd     : oneway function results will be dropped but finished with status OK and parcel size 4
02-25 14:06:55.959  7150  7152 I cmd     : oneway function results will be dropped but finished with status OK and parcel size 4
02-25 14:06:56.096  7162  7162 E libc    : Access denied finding property "persist.device_config.runtime_native_boot.profilebootclasspath"
02-25 14:06:56.092  7162  7162 W app_process: type=1400 audit(0.0:4057): avc: denied { read } for name="u:object_r:device_config_runtime_native_boot_prop:s0" dev="tmpfs" ino=1132 scontext=u:r:shell:s0 tcontext=u:object_r:device_config_runtime_native_boot_prop:s0 tclass=file permissive=0
02-25 14:06:56.092  7162  7162 W app_process: type=1400 audit(0.0:4058): avc: denied { read } for name="u:object_r:device_config_runtime_native_boot_prop:s0" dev="tmpfs" ino=1132 scontext=u:r:shell:s0 tcontext=u:object_r:device_config_runtime_native_boot_prop:s0 tclass=file permissive=0
02-25 14:06:56.096  7162  7162 E libc    : Access denied finding property "persist.device_config.runtime_native_boot.enable_apex_image"
02-25 14:06:56.096  7162  7162 I AndroidRuntime: Using default boot image
02-25 14:06:56.096  7162  7162 E libc    : Access denied finding property "persist.device_config.runtime_native_boot.disable_lock_profiling"
02-25 14:06:56.092  7162  7162 W app_process: type=1400 audit(0.0:4059): avc: denied { read } for name="u:object_r:device_config_runtime_native_boot_prop:s0" dev="tmpfs" ino=1132 scontext=u:r:shell:s0 tcontext=u:object_r:device_config_runtime_native_boot_prop:s0 tclass=file permissive=0
02-25 14:06:56.092  7162  7162 W app_process: type=1400 audit(0.0:4060): avc: denied { read } for name="u:object_r:device_config_runtime_native_boot_prop:s0" dev="tmpfs" ino=1132 scontext=u:r:shell:s0 tcontext=u:object_r:device_config_runtime_native_boot_prop:s0 tclass=file permissive=0
02-25 14:06:56.096  7162  7162 I AndroidRuntime: Leaving lock profiling enabled
02-25 14:06:56.096  7162  7162 E libc    : Access denied finding property "persist.device_config.runtime_native_boot.enable_generational_cc"
02-25 14:06:56.205  7162  7162 I app_process: The ClassLoaderContext is a special shared library.
02-25 14:06:56.227  7162  7162 W app_process: JNI RegisterNativeMethods: attempt to register 0 native methods for android.media.AudioAttributes
02-25 14:06:56.281   507   598 I WifiService: getCurrentNetwork uid=10158
02-25 14:06:56.371  7182  7184 I cmd     : oneway function results will be dropped but finished with status OK and parcel size 4
02-25 14:06:56.463   507  1525 I system_server: oneway function results will be dropped but finished with status OK and parcel size 4
02-25 14:06:56.477  2008  2062 I ReactNativeJS: 'Is connected?', { details: 
02-25 14:06:56.477  2008  2062 I ReactNativeJS:    { isConnectionExpensive: false,
02-25 14:06:56.477  2008  2062 I ReactNativeJS:      subnet: '255.255.255.255',
02-25 14:06:56.477  2008  2062 I ReactNativeJS:      ipAddress: '10.0.2.16',
02-25 14:06:56.477  2008  2062 I ReactNativeJS:      frequency: 2447,
02-25 14:06:56.477  2008  2062 I ReactNativeJS:      strength: 99,
02-25 14:06:56.477  2008  2062 I ReactNativeJS:      bssid: '02:00:00:00:00:00' },
02-25 14:06:56.477  2008  2062 I ReactNativeJS:   isConnected: true,
02-25 14:06:56.477  2008  2062 I ReactNativeJS:   type: 'wifi',
02-25 14:06:56.477  2008  2062 I ReactNativeJS:   isInternetReachable: true,
02-25 14:06:56.477  2008  2062 I ReactNativeJS:   isWifiEnabled: true }
02-25 14:06:56.479  2008  2062 I ReactNativeJS: 'Is connected?', { details: 
02-25 14:06:56.479  2008  2062 I ReactNativeJS:    { isConnectionExpensive: false,
02-25 14:06:56.479  2008  2062 I ReactNativeJS:      subnet: '255.255.255.255',
02-25 14:06:56.479  2008  2062 I ReactNativeJS:      ipAddress: '10.0.2.16',
02-25 14:06:56.479  2008  2062 I ReactNativeJS:      frequency: 2447,
02-25 14:06:56.479  2008  2062 I ReactNativeJS:      strength: 99,
02-25 14:06:56.479  2008  2062 I ReactNativeJS:      bssid: '02:00:00:00:00:00' },
02-25 14:06:56.479  2008  2062 I ReactNativeJS:   isConnected: true,
02-25 14:06:56.479  2008  2062 I ReactNativeJS:   type: 'wifi',
02-25 14:06:56.479  2008  2062 I ReactNativeJS:   isInternetReachable: true,
02-25 14:06:56.479  2008  2062 I ReactNativeJS:   isWifiEnabled: true }
02-25 14:06:56.491  2008  2008 E unknown:ReactModalHost: Creating new dialog from context: com.bhanguz.Paypenny.MainActivity@ca4aa1c@212118044
02-25 14:06:56.521  2008  2008 E unknown:ReactModalHost: Updating existing dialog with context: com.bhanguz.Paypenny.MainActivity@ca4aa1c@212118044
02-25 14:06:56.598   507   598 I system_server: oneway function results will be dropped but finished with status OK and parcel size 4
02-25 14:06:57.503   178   178 I servicemanager: Notifying apexservice they have clients: 1
02-25 14:06:57.503   178   178 I servicemanager: Notifying apexservice they have clients: 0
02-25 14:06:57.508   178   178 I BpBinder: onLastStrongRef automatically unlinking death recipients: <uncached descriptor>
02-25 14:06:58.116  7220  7222 I cmd     : oneway function results will be dropped but finished with status OK and parcel size 4
02-25 14:06:58.180  7233  7235 I cmd     : oneway function results will be dropped but finished with status OK and parcel size 4
02-25 14:06:58.413  7263  7265 I cmd     : oneway function results will be dropped but finished with status OK and parcel size 4
02-25 14:06:58.660  7305  7307 I cmd     : oneway function results will be dropped but finished with status OK and parcel size 4
02-25 14:06:58.740  7320  7322 I cmd     : oneway function results will be dropped but finished with status OK and parcel size 4
02-25 14:06:58.817  7335  7337 I cmd     : oneway function results will be dropped but finished with status OK and parcel size 4
02-25 14:06:58.952  7347  7347 W app_process: type=1400 audit(0.0:4061): avc: denied { read } for name="u:object_r:device_config_runtime_native_boot_prop:s0" dev="tmpfs" ino=1132 scontext=u:r:shell:s0 tcontext=u:object_r:device_config_runtime_native_boot_prop:s0 tclass=file permissive=0
02-25 14:06:58.955  7347  7347 E libc    : Access denied finding property "persist.device_config.runtime_native_boot.profilebootclasspath"
02-25 14:06:58.952  7347  7347 W app_process: type=1400 audit(0.0:4062): avc: denied { read } for name="u:object_r:device_config_runtime_native_boot_prop:s0" dev="tmpfs" ino=1132 scontext=u:r:shell:s0 tcontext=u:object_r:device_config_runtime_native_boot_prop:s0 tclass=file permissive=0
02-25 14:06:58.952  7347  7347 W app_process: type=1400 audit(0.0:4063): avc: denied { read } for name="u:object_r:device_config_runtime_native_boot_prop:s0" dev="tmpfs" ino=1132 scontext=u:r:shell:s0 tcontext=u:object_r:device_config_runtime_native_boot_prop:s0 tclass=file permissive=0
02-25 14:06:58.955  7347  7347 E libc    : Access denied finding property "persist.device_config.runtime_native_boot.enable_apex_image"
02-25 14:06:58.955  7347  7347 I AndroidRuntime: Using default boot image
02-25 14:06:58.955  7347  7347 E libc    : Access denied finding property "persist.device_config.runtime_native_boot.disable_lock_profiling"
02-25 14:06:58.955  7347  7347 I AndroidRuntime: Leaving lock profiling enabled
02-25 14:06:58.956  7347  7347 E libc    : Access denied finding property "persist.device_config.runtime_native_boot.enable_generational_cc"
02-25 14:06:58.952  7347  7347 W app_process: type=1400 audit(0.0:4064): avc: denied { read } for name="u:object_r:device_config_runtime_native_boot_prop:s0" dev="tmpfs" ino=1132 scontext=u:r:shell:s0 tcontext=u:object_r:device_config_runtime_native_boot_prop:s0 tclass=file permissive=0
02-25 14:06:59.043  7347  7347 I app_process: The ClassLoaderContext is a special shared library.
02-25 14:06:59.061  7347  7347 W app_process: JNI RegisterNativeMethods: attempt to register 0 native methods for android.media.AudioAttributes
02-25 14:06:59.199  7369  7371 I cmd     : oneway function results will be dropped but finished with status OK and parcel size 4
02-25 14:06:59.289   507  1211 I WifiService: getCurrentNetwork uid=10158
02-25 14:06:59.554   507  1211 I system_server: oneway function results will be dropped but finished with status OK and parcel size 4
02-25 14:06:59.589  2008  2062 I ReactNativeJS: 'sdfasfasfasfasf', 'userCountry', 'Bulgaria'
02-25 14:06:59.590  2008  2062 I ReactNativeJS: 'sdfasfasfasfasf', 'countryFlag', 'https://paypenny.s3.amazonaws.com/1661248562652_bulgaria.png'
02-25 14:06:59.590  2008  2062 I ReactNativeJS: 'sdfasfasfasfasf', 'countryCode', '+359'
02-25 14:06:59.591  2008  2062 I ReactNativeJS: 'asdasdasdasdasd', 'Other country'
02-25 14:06:59.603   507   598 I system_server: oneway function results will be dropped but finished with status OK and parcel size 4
02-25 14:06:59.604   507   598 I system_server: oneway function results will be dropped but finished with status OK and parcel size 4
02-25 14:06:59.612  2008  2062 I ReactNativeJS: 'Is connected?', { details: 
02-25 14:06:59.612  2008  2062 I ReactNativeJS:    { isConnectionExpensive: false,
02-25 14:06:59.612  2008  2062 I ReactNativeJS:      subnet: '255.255.255.255',
02-25 14:06:59.612  2008  2062 I ReactNativeJS:      ipAddress: '10.0.2.16',
02-25 14:06:59.612  2008  2062 I ReactNativeJS:      frequency: 2447,
02-25 14:06:59.612  2008  2062 I ReactNativeJS:      strength: 99,
02-25 14:06:59.612  2008  2062 I ReactNativeJS:      bssid: '02:00:00:00:00:00' },
02-25 14:06:59.612  2008  2062 I ReactNativeJS:   isConnected: true,
02-25 14:06:59.612  2008  2062 I ReactNativeJS:   type: 'wifi',
02-25 14:06:59.612  2008  2062 I ReactNativeJS:   isInternetReachable: true,
02-25 14:06:59.612  2008  2062 I ReactNativeJS:   isWifiEnabled: true }
02-25 14:06:59.614  2008  2062 I ReactNativeJS: 'Is connected?', { details: 
02-25 14:06:59.614  2008  2062 I ReactNativeJS:    { isConnectionExpensive: false,
02-25 14:06:59.614  2008  2062 I ReactNativeJS:      subnet: '255.255.255.255',
02-25 14:06:59.614  2008  2062 I ReactNativeJS:      ipAddress: '10.0.2.16',
02-25 14:06:59.614  2008  2062 I ReactNativeJS:      frequency: 2447,
02-25 14:06:59.614  2008  2062 I ReactNativeJS:      strength: 99,
02-25 14:06:59.614  2008  2062 I ReactNativeJS:      bssid: '02:00:00:00:00:00' },
02-25 14:06:59.614  2008  2062 I ReactNativeJS:   isConnected: true,
02-25 14:06:59.614  2008  2062 I ReactNativeJS:   type: 'wifi',
02-25 14:06:59.614  2008  2062 I ReactNativeJS:   isInternetReachable: true,
02-25 14:06:59.614  2008  2062 I ReactNativeJS:   isWifiEnabled: true }
02-25 14:06:59.769   507  1211 I system_server: oneway function results will be dropped but finished with status OK and parcel size 4
02-25 14:07:01.214  7410  7412 I cmd     : oneway function results will be dropped but finished with status OK and parcel size 4
02-25 14:07:01.395  7437  7439 I cmd     : oneway function results will be dropped but finished with status OK and parcel size 4
02-25 14:07:01.557  7464  7466 I cmd     : oneway function results will be dropped but finished with status OK and parcel size 4
02-25 14:07:01.636  7479  7481 I cmd     : oneway function results will be dropped but finished with status OK and parcel size 4
02-25 14:07:01.641 28364 28466 I PlayCommon: [1578] alcc.i(22): Preparing logs for uploading
02-25 14:07:01.644 28364 28466 W PlayCommon: [1578] alcc.l(1): No account for auth token provided
02-25 14:07:01.644 28364 28466 I PlayCommon: [1578] alcc.i(176): Connecting to server: https://play.googleapis.com/play/log?format=raw&proto_v2=true
02-25 14:07:01.696   507   542 I WifiService: getSupportedFeatures uid=1000
02-25 14:07:01.708   212   219 E android.system.suspend@1.0-service: Error opening kernel wakelock stats for: wakeup4: Permission denied
02-25 14:07:01.709   212   219 E android.system.suspend@1.0-service: Error opening kernel wakelock stats for: wakeup2: Permission denied
02-25 14:07:01.709   212   219 E android.system.suspend@1.0-service: Error opening kernel wakelock stats for: wakeup0: Permission denied
02-25 14:07:01.709   212   219 E android.system.suspend@1.0-service: Error opening kernel wakelock stats for: wakeup5: Permission denied
02-25 14:07:01.709   212   219 E android.system.suspend@1.0-service: Error opening kernel wakelock stats for: wakeup3: Permission denied
02-25 14:07:01.710   212   219 E android.system.suspend@1.0-service: Error opening kernel wakelock stats for: wakeup1: Permission denied
02-25 14:07:01.704   212   212 W Binder:212_2: type=1400 audit(0.0:4065): avc: denied { read } for name="wakeup4" dev="sysfs" ino=16464 scontext=u:r:system_suspend:s0 tcontext=u:object_r:sysfs:s0 tclass=dir permissive=0
02-25 14:07:01.704   212   212 W Binder:212_2: type=1400 audit(0.0:4066): avc: denied { read } for name="wakeup2" dev="sysfs" ino=15902 scontext=u:r:system_suspend:s0 tcontext=u:object_r:sysfs:s0 tclass=dir permissive=0
02-25 14:07:01.704   212   212 W Binder:212_2: type=1400 audit(0.0:4067): avc: denied { read } for name="wakeup0" dev="sysfs" ino=13341 scontext=u:r:system_suspend:s0 tcontext=u:object_r:sysfs:s0 tclass=dir permissive=0
02-25 14:07:01.704   212   212 W Binder:212_2: type=1400 audit(0.0:4068): avc: denied { read } for name="wakeup5" dev="sysfs" ino=16527 scontext=u:r:system_suspend:s0 tcontext=u:object_r:sysfs:s0 tclass=dir permissive=0
02-25 14:07:01.704   212   212 W Binder:212_2: type=1400 audit(0.0:4069): avc: denied { read } for name="wakeup3" dev="sysfs" ino=15952 scontext=u:r:system_suspend:s0 tcontext=u:object_r:sysfs:s0 tclass=dir permissive=0
02-25 14:07:01.704   212   212 W Binder:212_2: type=1400 audit(0.0:4070): avc: denied { read } for name="wakeup1" dev="sysfs" ino=13379 scontext=u:r:system_suspend:s0 tcontext=u:object_r:sysfs:s0 tclass=dir permissive=0
02-25 14:07:01.727  7494  7496 I cmd     : oneway function results will be dropped but finished with status OK and parcel size 4
02-25 14:07:01.730   507   518 W System  : A resource failed to call release. 
02-25 14:07:01.730   507   518 W System  : A resource failed to call release. 
02-25 14:07:01.743 28364 28466 I PlayCommon: [1578] alcc.i(210): Successfully uploaded logs.
02-25 14:07:01.806  7509  7511 I cmd     : oneway function results will be dropped but finished with status OK and parcel size 4
02-25 14:07:01.939  7521  7521 E libc    : Access denied finding property "persist.device_config.runtime_native_boot.profilebootclasspath"
02-25 14:07:01.939  7521  7521 E libc    : Access denied finding property "persist.device_config.runtime_native_boot.enable_apex_image"
02-25 14:07:01.939  7521  7521 I AndroidRuntime: Using default boot image
02-25 14:07:01.936  7521  7521 W app_process: type=1400 audit(0.0:4071): avc: denied { read } for name="u:object_r:device_config_runtime_native_boot_prop:s0" dev="tmpfs" ino=1132 scontext=u:r:shell:s0 tcontext=u:object_r:device_config_runtime_native_boot_prop:s0 tclass=file permissive=0
02-25 14:07:01.939  7521  7521 E libc    : Access denied finding property "persist.device_config.runtime_native_boot.disable_lock_profiling"
02-25 14:07:01.939  7521  7521 I AndroidRuntime: Leaving lock profiling enabled
02-25 14:07:01.939  7521  7521 E libc    : Access denied finding property "persist.device_config.runtime_native_boot.enable_generational_cc"
02-25 14:07:01.936  7521  7521 W app_process: type=1400 audit(0.0:4072): avc: denied { read } for name="u:object_r:device_config_runtime_native_boot_prop:s0" dev="tmpfs" ino=1132 scontext=u:r:shell:s0 tcontext=u:object_r:device_config_runtime_native_boot_prop:s0 tclass=file permissive=0
02-25 14:07:02.019  7521  7521 I app_process: The ClassLoaderContext is a special shared library.
02-25 14:07:02.031  7521  7521 W app_process: JNI RegisterNativeMethods: attempt to register 0 native methods for android.media.AudioAttributes
02-25 14:07:02.273   507  1211 I system_server: oneway function results will be dropped but finished with status OK and parcel size 4
02-25 14:07:02.299   507   598 I WifiService: getCurrentNetwork uid=10158
02-25 14:07:02.313  2008  2008 I AssistStructure: Flattened final assist data: 2256 bytes, containing 1 windows, 13 views
02-25 14:07:02.407   507  1525 I system_server: oneway function results will be dropped but finished with status OK and parcel size 4
02-25 14:07:02.438 15786 15786 W sps     : Pending fill request while another request in the same session was triggered. [CONTEXT service_id=177 ]
02-25 14:07:02.453  7545  7547 I cmd     : oneway function results will be dropped but finished with status OK and parcel size 4
02-25 14:07:02.556   177   177 I lowmemorykiller: Kill 'com.google.android.packageinstaller' (1493), uid 10087, oom_adj 965 to free 38804kB; reason: device is in direct reclaim and thrashing (1328%)
02-25 14:07:02.564   507  1211 I ActivityManager: Process com.google.android.packageinstaller (pid 1493) has died: cch+65 CEM 
02-25 14:07:02.565   290   290 I Zygote  : Process 1493 exited due to signal 9 (Killed)
02-25 14:07:02.599 28683 28683 I AppBase : AppBase.onTrimMemory():498 onTrimMemory(): 80
02-25 14:07:02.604 28364 28364 I Finsky  : [2] tdw.onTrimMemory(1): Memory trim requested to level 80
02-25 14:07:02.607 28364 28364 I Finsky  : [2] mpv.accept(12): Flushing in-memory image cache
02-25 14:07:02.611  2008  2062 I ReactNativeJS: 'asdasdasdasdasd', 'Other country'
02-25 14:07:02.616   507   537 I libprocessgroup: Successfully killed process cgroup uid 10087 pid 1493 in 0ms
02-25 14:07:02.621 21493 21493 I A       : Trimming objects from memory, since app is in the background.
02-25 14:07:02.644  2008  2062 I ReactNativeJS: 'asdasdasdasdasd', 'Other country'
02-25 14:07:02.645  2008  2062 I ReactNativeJS: 'Is connected?', { details: 
02-25 14:07:02.645  2008  2062 I ReactNativeJS:    { isConnectionExpensive: false,
02-25 14:07:02.645  2008  2062 I ReactNativeJS:      subnet: '255.255.255.255',
02-25 14:07:02.645  2008  2062 I ReactNativeJS:      ipAddress: '10.0.2.16',
02-25 14:07:02.645  2008  2062 I ReactNativeJS:      frequency: 2447,
02-25 14:07:02.645  2008  2062 I ReactNativeJS:      strength: 99,
02-25 14:07:02.645  2008  2062 I ReactNativeJS:      bssid: '02:00:00:00:00:00' },
02-25 14:07:02.645  2008  2062 I ReactNativeJS:   isConnected: true,
02-25 14:07:02.645  2008  2062 I ReactNativeJS:   type: 'wifi',
02-25 14:07:02.645  2008  2062 I ReactNativeJS:   isInternetReachable: true,
02-25 14:07:02.645  2008  2062 I ReactNativeJS:   isWifiEnabled: true }
02-25 14:07:02.671  2008  2062 I ReactNativeJNI: Memory warning (pressure level: TRIM_MEMORY_RUNNING_MODERATE) received by JS VM, ignoring because it's non-severe
02-25 14:07:02.718  1568  1590 I mit.droidbotap: Background young concurrent copying GC freed 23915(981KB) AllocSpace objects, 46(1568KB) LOS objects, 0% free, 5396KB/5396KB, paused 11.505ms total 168.841ms
02-25 14:07:02.918   507  1211 I AssistStructure: Flattened final assist data: 1668 bytes, containing 1 windows, 13 views
02-25 14:07:02.920 15786 15824 W shx     : Infinite Data has no result for com.bhanguz.Paypenny [CONTEXT service_id=177 ]
02-25 14:07:03.007   178   178 I servicemanager: Since 'apexservice' could not be found, trying to start it as a lazy AIDL service
02-25 14:07:03.033   178   178 I BpBinder: onLastStrongRef automatically unlinking death recipients: <uncached descriptor>
02-25 14:07:03.033   178   178 I servicemanager: Tried to unregister apexservice, but there is about to be a client.
02-25 14:07:03.076 15786 15825 W rhx     : Failed to retrieve prediction data. [CONTEXT service_id=177 ]
02-25 14:07:03.076 15786 15825 W rhx     : java.util.concurrent.TimeoutException: Waited 150 milliseconds (plus 1 milliseconds, 869125 nanoseconds delay) for ctqv@7d9d751[status=PENDING, info=[inputFuture=[ctqv@1018bb6[status=PENDING, setFuture=[ctqw@afe20b7[status=PENDING, info=[inputFuture=[ctqv@b5e024[status=PENDING, setFuture=[ctqw@793978d[status=PENDING, info=[inputFuture=[ctqv@612ad42[status=PENDING, setFuture=[ctqw@9ca1153[status=PENDING, info=[inputFuture=[ctqv@582da90[status=PENDING, info=[inputFuture=[ctsg@2af1f89[status=PENDING, info=[futures=[ctqw@d225b8e[status=SUCCESS, result=[null]], cttd@d5a6faf[status=PENDING, info=[delegate=[ctuq@de30fbc[status=PENDING, setFuture=[ctsg@fe12b45[status=PENDING, info=[futures=[ctqv@a6ca29a[status=PENDING, info=[inputFuture=[ctqv@6e857cb[status=PENDING, setFuture=[ctqw@daf6ba8[status=PENDING, info=[inputFuture=[djlp@26e36c1[status=PENDING, info=[delegate=[djls@7e24e66[status=PENDING, setFuture=[ctqv@822a5a7[status=PENDING, info=[inputFuture=[ctqb@b639a54[status=PENDING, info=[inputFuture=[ctqw@3667dfd[status=PENDING, info=[inputFuture=[djlp@bb4eaf2[status=PENDING, info=[delegate=[djls@4c9f543[status=PENDING, setFuture=[ctqv@78a07c0[status=PENDING, info=[inputFuture=[djlp@2a1fcf9[status=PENDING, info=[delegate=[djls@ba2c43e[status=PENDING, setFuture=[ctqv@20ca29f[status=PENDING, setFuture=[dtah@ee7dfec[status=PENDING, info=[dtah{clientCall=dsqq{realCall=dskl{method=dsfm{fullMethodName=mdi.InfiniteData/Lookup, type=UNARY, idempotent=false, safe=false, sampledToLocalTracing=true, requestMarshaller=dszy@b7c6fb5, responseMarshaller=dszy@902e64a}}}}]]]]]]]]]], function=[casn@fa2c9bb]]]]]]]]], function=[djlz@3690ed8]]]], exceptionType=[class java.lang.Throwable], fallback=[djma@9515231]]]], function=[caso@1911d16]]]]]]]]], function=[propagating=[catx@6aa4697]]]]]]], function=[propagating=[cauf@7cc4084]]]], ctqb@7b7e06d[status=PENDING, info=[inputFuture=[ctqv@6e857cb[status=PENDING, setFuture=[ctqw@daf6ba8[status=PENDING, info=[inputFuture=[djlp@26e36c1[status=PENDING, info=[delegate=[djls@7e24e66[status=PENDING, setFuture=[ctqv@822a5a7[status=PENDING, info=[inputFuture=[ctqb@b639a54[status=PENDING, info=[inputFuture=[ctqw@3667dfd[status=PENDING, info=[inputFuture=[djlp@bb4eaf2[status=PENDING, info=[delegate=[djls@4c9f543[status=PENDING, setFuture=[ctqv@78a07c0[status=PENDING, info=[inputFuture=[djlp@2a1fcf9[status=PENDING, info=[delegate=[djls@ba2c43e[status=PENDING, setFuture=[ctqv@20ca29f[status=PENDING, setFuture=[dtah@ee7dfec[status=PENDING, info=[dtah{clientCall=dsqq{realCall=dskl{method=dsfm{fullMethodName=mdi.InfiniteData/Lookup, type=UNARY, idempotent=false, safe=false, sampledToLocalTracing=true, requestMarshaller=dszy@b7c6fb5, responseMarshaller=dszy@902e64a}}}}]]]]]]]]]], function=[casn@fa2c9bb]]]]]]]]], function=[djlz@3690ed8]]]], exceptionType=[class java.lang.Throwable], fallback=[djma@9515231]]]], function=[caso@1911d16]]]]]]]]], function=[propagating=[catx@6aa4697]]]]]]], exceptionType=[class java.lang.Exception], fallback=[propagating=[caug@f9f4a2]]]]]]]]]]]]]]]], function=[cara@a42b533]]]], function=[card@a0ee0f0]]]]]], function=[shp@a7f1669]]]]]], function=[shq@f26b8ee]]]]]], function=[shl@5e9718f]]]
02-25 14:07:03.076 15786 15825 W rhx     : 	at ctqt.get(:com.google.android.gms@230514037@23.05.14 (150400-509319212):34)
02-25 14:07:03.076 15786 15825 W rhx     : 	at rhx.e(:com.google.android.gms@230514037@23.05.14 (150400-509319212):6)
02-25 14:07:03.076 15786 15825 W rhx     : 	at rhx.a(:com.google.android.gms@230514037@23.05.14 (150400-509319212):18)
02-25 14:07:03.076 15786 15825 W rhx     : 	at rfk.call(:com.google.android.gms@230514037@23.05.14 (150400-509319212):0)
02-25 14:07:03.076 15786 15825 W rhx     : 	at java.util.concurrent.FutureTask.run(FutureTask.java:266)
02-25 14:07:03.076 15786 15825 W rhx     : 	at aaiq.c(:com.google.android.gms@230514037@23.05.14 (150400-509319212):6)
02-25 14:07:03.076 15786 15825 W rhx     : 	at aaiq.run(:com.google.android.gms@230514037@23.05.14 (150400-509319212):7)
02-25 14:07:03.076 15786 15825 W rhx     : 	at java.util.concurrent.ThreadPoolExecutor.runWorker(ThreadPoolExecutor.java:1167)
02-25 14:07:03.076 15786 15825 W rhx     : 	at java.util.concurrent.ThreadPoolExecutor$Worker.run(ThreadPoolExecutor.java:641)
02-25 14:07:03.076 15786 15825 W rhx     : 	at aanw.run(:com.google.android.gms@230514037@23.05.14 (150400-509319212):0)
02-25 14:07:03.076 15786 15825 W rhx     : 	at java.lang.Thread.run(Thread.java:923)
02-25 14:07:03.090   507   507 E RemoteAugmentedAutofillService: Bad service name for flags 1048704: com.google.android.as/com.google.android.apps.miphone.aiai.app.AiAiAugmentedAutofillService
02-25 14:07:03.128 15786 15824 W shx     : Infinite Data has no result for com.bhanguz.Paypenny [CONTEXT service_id=177 ]
02-25 14:07:03.928  7598  7600 I cmd     : oneway function results will be dropped but finished with status OK and parcel size 4
02-25 14:07:03.999  7616  7618 I cmd     : oneway function results will be dropped but finished with status OK and parcel size 4
02-25 14:07:04.205  7644  7646 I cmd     : oneway function results will be dropped but finished with status OK and parcel size 4
02-25 14:07:04.382  7673  7675 I cmd     : oneway function results will be dropped but finished with status OK and parcel size 4
02-25 14:07:04.460  7688  7690 I cmd     : oneway function results will be dropped but finished with status OK and parcel size 4
02-25 14:07:04.543  7703  7705 I cmd     : oneway function results will be dropped but finished with status OK and parcel size 4
02-25 14:07:04.621  7718  7720 I cmd     : oneway function results will be dropped but finished with status OK and parcel size 4
02-25 14:07:04.784  7730  7730 E libc    : Access denied finding property "persist.device_config.runtime_native_boot.profilebootclasspath"
02-25 14:07:04.784  7730  7730 E libc    : Access denied finding property "persist.device_config.runtime_native_boot.enable_apex_image"
02-25 14:07:04.784  7730  7730 I AndroidRuntime: Using default boot image
02-25 14:07:04.784  7730  7730 E libc    : Access denied finding property "persist.device_config.runtime_native_boot.disable_lock_profiling"
02-25 14:07:04.784  7730  7730 I AndroidRuntime: Leaving lock profiling enabled
02-25 14:07:04.784  7730  7730 E libc    : Access denied finding property "persist.device_config.runtime_native_boot.enable_generational_cc"
02-25 14:07:04.780  7730  7730 W app_process: type=1400 audit(0.0:4075): avc: denied { read } for name="u:object_r:device_config_runtime_native_boot_prop:s0" dev="tmpfs" ino=1132 scontext=u:r:shell:s0 tcontext=u:object_r:device_config_runtime_native_boot_prop:s0 tclass=file permissive=0
02-25 14:07:04.861  7730  7730 I app_process: The ClassLoaderContext is a special shared library.
02-25 14:07:04.893  7730  7730 W app_process: JNI RegisterNativeMethods: attempt to register 0 native methods for android.media.AudioAttributes
02-25 14:07:04.974   507   608 I chatty  : uid=1000(system) WifiScanningSer identical 2 lines
02-25 14:07:04.974   507   608 I chatty  : uid=1000(system) WifiScanningSer identical 1 line
02-25 14:07:05.052  7750  7752 I cmd     : oneway function results will be dropped but finished with status OK and parcel size 4
02-25 14:07:05.150   507  4488 I system_server: oneway function results will be dropped but finished with status OK and parcel size 4
02-25 14:07:05.153  2008  2062 I ReactNativeJS: 'Is connected?', { details: 
02-25 14:07:05.153  2008  2062 I ReactNativeJS:    { isConnectionExpensive: false,
02-25 14:07:05.153  2008  2062 I ReactNativeJS:      subnet: '255.255.255.255',
02-25 14:07:05.153  2008  2062 I ReactNativeJS:      ipAddress: '10.0.2.16',
02-25 14:07:05.153  2008  2062 I ReactNativeJS:      frequency: 2447,
02-25 14:07:05.153  2008  2062 I ReactNativeJS:      strength: 99,
02-25 14:07:05.153  2008  2062 I ReactNativeJS:      bssid: '02:00:00:00:00:00' },
02-25 14:07:05.153  2008  2062 I ReactNativeJS:   isConnected: true,
02-25 14:07:05.153  2008  2062 I ReactNativeJS:   type: 'wifi',
02-25 14:07:05.153  2008  2062 I ReactNativeJS:   isInternetReachable: true,
02-25 14:07:05.153  2008  2062 I ReactNativeJS:   isWifiEnabled: true }
02-25 14:07:05.153  2008  2062 I ReactNativeJS: 'Is connected?', { details: 
02-25 14:07:05.153  2008  2062 I ReactNativeJS:    { isConnectionExpensive: false,
02-25 14:07:05.153  2008  2062 I ReactNativeJS:      subnet: '255.255.255.255',
02-25 14:07:05.153  2008  2062 I ReactNativeJS:      ipAddress: '10.0.2.16',
02-25 14:07:05.153  2008  2062 I ReactNativeJS:      frequency: 2447,
02-25 14:07:05.153  2008  2062 I ReactNativeJS:      strength: 99,
02-25 14:07:05.153  2008  2062 I ReactNativeJS:      bssid: '02:00:00:00:00:00' },
02-25 14:07:05.153  2008  2062 I ReactNativeJS:   isConnected: true,
02-25 14:07:05.153  2008  2062 I ReactNativeJS:   type: 'wifi',
02-25 14:07:05.153  2008  2062 I ReactNativeJS:   isInternetReachable: true,
02-25 14:07:05.153  2008  2062 I ReactNativeJS:   isWifiEnabled: true }
02-25 14:07:05.179  2008  2008 E unknown:ReactModalHost: Creating new dialog from context: com.bhanguz.Paypenny.MainActivity@ca4aa1c@212118044
02-25 14:07:05.231  2008  2008 E unknown:ReactModalHost: Updating existing dialog with context: com.bhanguz.Paypenny.MainActivity@ca4aa1c@212118044
02-25 14:07:05.280   507  1211 I system_server: oneway function results will be dropped but finished with status OK and parcel size 4
02-25 14:07:05.329   507  4488 I WifiService: getCurrentNetwork uid=10158
02-25 14:07:05.525  2008  2062 I ReactNativeJS: 'asdasdasdasdasd', 'Other country'
02-25 14:07:05.539  2008  2062 I ReactNativeJS: 'asdasdasdasdasd', 'Other country'
02-25 14:07:05.539  2008  2062 I ReactNativeJS: 'Is connected?', { details: 
02-25 14:07:05.539  2008  2062 I ReactNativeJS:    { isConnectionExpensive: false,
02-25 14:07:05.539  2008  2062 I ReactNativeJS:      subnet: '255.255.255.255',
02-25 14:07:05.539  2008  2062 I ReactNativeJS:      ipAddress: '10.0.2.16',
02-25 14:07:05.539  2008  2062 I ReactNativeJS:      frequency: 2447,
02-25 14:07:05.539  2008  2062 I ReactNativeJS:      strength: 99,
02-25 14:07:05.539  2008  2062 I ReactNativeJS:      bssid: '02:00:00:00:00:00' },
02-25 14:07:05.539  2008  2062 I ReactNativeJS:   isConnected: true,
02-25 14:07:05.539  2008  2062 I ReactNativeJS:   type: 'wifi',
02-25 14:07:05.539  2008  2062 I ReactNativeJS:   isInternetReachable: true,
02-25 14:07:05.539  2008  2062 I ReactNativeJS:   isWifiEnabled: true }
02-25 14:07:06.548   507   602 I WifiService: getConnectionInfo uid=1000
02-25 14:07:06.647   507   518 W System  : A resource failed to call release. 
02-25 14:07:06.647   507   518 I chatty  : uid=1000(system) FinalizerDaemon identical 1 line
02-25 14:07:06.647   507   518 W System  : A resource failed to call release. 
02-25 14:07:06.717  7789  7791 I cmd     : oneway function results will be dropped but finished with status OK and parcel size 4
02-25 14:07:06.762  7802  7804 I cmd     : oneway function results will be dropped but finished with status OK and parcel size 4
02-25 14:07:07.174  7858  7860 I cmd     : oneway function results will be dropped but finished with status OK and parcel size 4
02-25 14:07:07.260  7873  7875 I cmd     : oneway function results will be dropped but finished with status OK and parcel size 4
02-25 14:07:07.339  7888  7890 I cmd     : oneway function results will be dropped but finished with status OK and parcel size 4
02-25 14:07:07.417  7903  7905 I cmd     : oneway function results will be dropped but finished with status OK and parcel size 4
02-25 14:07:07.503   178   178 I servicemanager: Notifying apexservice they have clients: 1
02-25 14:07:07.503   178   178 I servicemanager: Notifying apexservice they have clients: 0
02-25 14:07:07.505   178   178 I BpBinder: onLastStrongRef automatically unlinking death recipients: <uncached descriptor>
02-25 14:07:07.557  7917  7917 E libc    : Access denied finding property "persist.device_config.runtime_native_boot.profilebootclasspath"
02-25 14:07:07.557  7917  7917 E libc    : Access denied finding property "persist.device_config.runtime_native_boot.enable_apex_image"
02-25 14:07:07.557  7917  7917 I AndroidRuntime: Using default boot image
02-25 14:07:07.557  7917  7917 E libc    : Access denied finding property "persist.device_config.runtime_native_boot.disable_lock_profiling"
02-25 14:07:07.557  7917  7917 I AndroidRuntime: Leaving lock profiling enabled
02-25 14:07:07.557  7917  7917 E libc    : Access denied finding property "persist.device_config.runtime_native_boot.enable_generational_cc"
02-25 14:07:07.552  7917  7917 W app_process: type=1400 audit(0.0:4079): avc: denied { read } for name="u:object_r:device_config_runtime_native_boot_prop:s0" dev="tmpfs" ino=1132 scontext=u:r:shell:s0 tcontext=u:object_r:device_config_runtime_native_boot_prop:s0 tclass=file permissive=0
02-25 14:07:07.648  7917  7917 I app_process: The ClassLoaderContext is a special shared library.
02-25 14:07:07.673  7917  7917 W app_process: JNI RegisterNativeMethods: attempt to register 0 native methods for android.media.AudioAttributes
02-25 14:07:08.249   507  1211 I system_server: oneway function results will be dropped but finished with status OK and parcel size 4
02-25 14:07:08.340   507  1211 I WifiService: getCurrentNetwork uid=10158
02-25 14:07:08.351  7938  7940 I cmd     : oneway function results will be dropped but finished with status OK and parcel size 4
02-25 14:07:10.036  7998  8000 I cmd     : oneway function results will be dropped but finished with status OK and parcel size 4
02-25 14:07:10.197  8025  8027 I cmd     : oneway function results will be dropped but finished with status OK and parcel size 4
02-25 14:07:10.356  8055  8057 I cmd     : oneway function results will be dropped but finished with status OK and parcel size 4
02-25 14:07:10.435  8070  8072 I cmd     : oneway function results will be dropped but finished with status OK and parcel size 4
02-25 14:07:10.558  8082  8082 E libc    : Access denied finding property "persist.device_config.runtime_native_boot.profilebootclasspath"
02-25 14:07:10.556  8082  8082 W app_process: type=1400 audit(0.0:4083): avc: denied { read } for name="u:object_r:device_config_runtime_native_boot_prop:s0" dev="tmpfs" ino=1132 scontext=u:r:shell:s0 tcontext=u:object_r:device_config_runtime_native_boot_prop:s0 tclass=file permissive=0
02-25 14:07:10.558  8082  8082 E libc    : Access denied finding property "persist.device_config.runtime_native_boot.enable_apex_image"
02-25 14:07:10.558  8082  8082 I AndroidRuntime: Using default boot image
02-25 14:07:10.558  8082  8082 E libc    : Access denied finding property "persist.device_config.runtime_native_boot.disable_lock_profiling"
02-25 14:07:10.558  8082  8082 I AndroidRuntime: Leaving lock profiling enabled
02-25 14:07:10.558  8082  8082 E libc    : Access denied finding property "persist.device_config.runtime_native_boot.enable_generational_cc"
02-25 14:07:10.637  8082  8082 I app_process: The ClassLoaderContext is a special shared library.
02-25 14:07:10.652  8082  8082 W app_process: JNI RegisterNativeMethods: attempt to register 0 native methods for android.media.AudioAttributes
02-25 14:07:11.344   507  1211 I WifiService: getCurrentNetwork uid=10158
02-25 14:07:12.546  8118  8120 I cmd     : oneway function results will be dropped but finished with status OK and parcel size 4
02-25 14:07:12.747  8147  8149 I cmd     : oneway function results will be dropped but finished with status OK and parcel size 4
02-25 14:07:12.920  8174  8176 I cmd     : oneway function results will be dropped but finished with status OK and parcel size 4
02-25 14:07:13.006   178   178 I servicemanager: Since 'apexservice' could not be found, trying to start it as a lazy AIDL service
02-25 14:07:13.033   178   178 I BpBinder: onLastStrongRef automatically unlinking death recipients: <uncached descriptor>
02-25 14:07:13.033   178   178 I servicemanager: Tried to unregister apexservice, but there is about to be a client.
02-25 14:07:13.085  8213  8215 I cmd     : oneway function results will be dropped but finished with status OK and parcel size 4
02-25 14:07:13.164  8228  8230 I cmd     : oneway function results will be dropped but finished with status OK and parcel size 4
02-25 14:07:13.278  8240  8240 E libc    : Access denied finding property "persist.device_config.runtime_native_boot.profilebootclasspath"
02-25 14:07:13.278  8240  8240 E libc    : Access denied finding property "persist.device_config.runtime_native_boot.enable_apex_image"
02-25 14:07:13.278  8240  8240 I AndroidRuntime: Using default boot image
02-25 14:07:13.278  8240  8240 E libc    : Access denied finding property "persist.device_config.runtime_native_boot.disable_lock_profiling"
02-25 14:07:13.278  8240  8240 I AndroidRuntime: Leaving lock profiling enabled
02-25 14:07:13.278  8240  8240 E libc    : Access denied finding property "persist.device_config.runtime_native_boot.enable_generational_cc"
02-25 14:07:13.276  8240  8240 W app_process: type=1400 audit(0.0:4087): avc: denied { read } for name="u:object_r:device_config_runtime_native_boot_prop:s0" dev="tmpfs" ino=1132 scontext=u:r:shell:s0 tcontext=u:object_r:device_config_runtime_native_boot_prop:s0 tclass=file permissive=0
02-25 14:07:13.357  8240  8240 I app_process: The ClassLoaderContext is a special shared library.
02-25 14:07:13.376  8240  8240 W app_process: JNI RegisterNativeMethods: attempt to register 0 native methods for android.media.AudioAttributes
02-25 14:07:13.521  8260  8262 I cmd     : oneway function results will be dropped but finished with status OK and parcel size 4
02-25 14:07:13.617  2008  2062 I ReactNativeJS: 'Is connected?', { details: 
02-25 14:07:13.617  2008  2062 I ReactNativeJS:    { isConnectionExpensive: false,
02-25 14:07:13.617  2008  2062 I ReactNativeJS:      subnet: '255.255.255.255',
02-25 14:07:13.617  2008  2062 I ReactNativeJS:      ipAddress: '10.0.2.16',
02-25 14:07:13.617  2008  2062 I ReactNativeJS:      frequency: 2447,
02-25 14:07:13.617  2008  2062 I ReactNativeJS:      strength: 99,
02-25 14:07:13.617  2008  2062 I ReactNativeJS:      bssid: '02:00:00:00:00:00' },
02-25 14:07:13.617  2008  2062 I ReactNativeJS:   isConnected: true,
02-25 14:07:13.617  2008  2062 I ReactNativeJS:   type: 'wifi',
02-25 14:07:13.617  2008  2062 I ReactNativeJS:   isInternetReachable: true,
02-25 14:07:13.617  2008  2062 I ReactNativeJS:   isWifiEnabled: true }
02-25 14:07:13.619  2008  2062 I ReactNativeJS: 'Is connected?', { details: 
02-25 14:07:13.619  2008  2062 I ReactNativeJS:    { isConnectionExpensive: false,
02-25 14:07:13.619  2008  2062 I ReactNativeJS:      subnet: '255.255.255.255',
02-25 14:07:13.619  2008  2062 I ReactNativeJS:      ipAddress: '10.0.2.16',
02-25 14:07:13.619  2008  2062 I ReactNativeJS:      frequency: 2447,
02-25 14:07:13.619  2008  2062 I ReactNativeJS:      strength: 99,
02-25 14:07:13.619  2008  2062 I ReactNativeJS:      bssid: '02:00:00:00:00:00' },
02-25 14:07:13.619  2008  2062 I ReactNativeJS:   isConnected: true,
02-25 14:07:13.619  2008  2062 I ReactNativeJS:   type: 'wifi',
02-25 14:07:13.619  2008  2062 I ReactNativeJS:   isInternetReachable: true,
02-25 14:07:13.619  2008  2062 I ReactNativeJS:   isWifiEnabled: true }
02-25 14:07:13.623   507  5036 I system_server: oneway function results will be dropped but finished with status OK and parcel size 4
02-25 14:07:13.624   507  5036 I chatty  : uid=1000(system) Binder:507_1E identical 1 line
02-25 14:07:13.767   507  5036 I system_server: oneway function results will be dropped but finished with status OK and parcel size 4
02-25 14:07:14.367   507  5036 I WifiService: getCurrentNetwork uid=10158
02-25 14:07:15.434  8322  8324 I cmd     : oneway function results will be dropped but finished with status OK and parcel size 4
02-25 14:07:15.595  8349  8351 I cmd     : oneway function results will be dropped but finished with status OK and parcel size 4
02-25 14:07:15.674  8364  8366 I cmd     : oneway function results will be dropped but finished with status OK and parcel size 4
02-25 14:07:15.754  8379  8381 I cmd     : oneway function results will be dropped but finished with status OK and parcel size 4
02-25 14:07:15.845  8394  8396 I cmd     : oneway function results will be dropped but finished with status OK and parcel size 4
02-25 14:07:15.987  8408  8408 E libc    : Access denied finding property "persist.device_config.runtime_native_boot.profilebootclasspath"
02-25 14:07:15.987  8408  8408 E libc    : Access denied finding property "persist.device_config.runtime_native_boot.enable_apex_image"
02-25 14:07:15.987  8408  8408 I AndroidRuntime: Using default boot image
02-25 14:07:15.987  8408  8408 E libc    : Access denied finding property "persist.device_config.runtime_native_boot.disable_lock_profiling"
02-25 14:07:15.987  8408  8408 I AndroidRuntime: Leaving lock profiling enabled
02-25 14:07:15.987  8408  8408 E libc    : Access denied finding property "persist.device_config.runtime_native_boot.enable_generational_cc"
02-25 14:07:15.984  8408  8408 W app_process: type=1400 audit(0.0:4091): avc: denied { read } for name="u:object_r:device_config_runtime_native_boot_prop:s0" dev="tmpfs" ino=1132 scontext=u:r:shell:s0 tcontext=u:object_r:device_config_runtime_native_boot_prop:s0 tclass=file permissive=0
02-25 14:07:16.074  8408  8408 I app_process: The ClassLoaderContext is a special shared library.
02-25 14:07:16.094  8408  8408 W app_process: JNI RegisterNativeMethods: attempt to register 0 native methods for android.media.AudioAttributes
02-25 14:07:16.231   457   457 E netmgr  : qemu_pipe_open_ns:62: Could not connect to the 'pipe:qemud:network' service: Invalid argument
02-25 14:07:16.231   457   457 E netmgr  : Failed to open QEMU pipe 'qemud:network': Invalid argument
02-25 14:07:16.719   459   459 E wifi_forwarder: qemu_pipe_open_ns:62: Could not connect to the 'pipe:qemud:wififorward' service: Invalid argument
02-25 14:07:16.721   459   459 E wifi_forwarder: RemoteConnection failed to initialize: RemoteConnection failed to open pipe
02-25 14:07:16.723   507  5036 I system_server: oneway function results will be dropped but finished with status OK and parcel size 4
02-25 14:07:17.369   507  5036 I WifiService: getCurrentNetwork uid=10158
02-25 14:07:17.503   178   178 I servicemanager: Notifying apexservice they have clients: 1
02-25 14:07:17.955  8442  8444 I cmd     : oneway function results will be dropped but finished with status OK and parcel size 4
02-25 14:07:18.140  8471  8473 I cmd     : oneway function results will be dropped but finished with status OK and parcel size 4
02-25 14:07:18.309  8498  8500 I cmd     : oneway function results will be dropped but finished with status OK and parcel size 4
02-25 14:07:18.377   507   542 I WifiService: getSupportedFeatures uid=1000
02-25 14:07:18.384   212   212 W Binder:212_2: type=1400 audit(0.0:4095): avc: denied { read } for name="wakeup4" dev="sysfs" ino=16464 scontext=u:r:system_suspend:s0 tcontext=u:object_r:sysfs:s0 tclass=dir permissive=0
02-25 14:07:18.387   212   219 E android.system.suspend@1.0-service: Error opening kernel wakelock stats for: wakeup4: Permission denied
02-25 14:07:18.387   212   219 E android.system.suspend@1.0-service: Error opening kernel wakelock stats for: wakeup2: Permission denied
02-25 14:07:18.387   212   219 E android.system.suspend@1.0-service: Error opening kernel wakelock stats for: wakeup0: Permission denied
02-25 14:07:18.384   212   212 W Binder:212_2: type=1400 audit(0.0:4098): avc: denied { read } for name="wakeup5" dev="sysfs" ino=16527 scontext=u:r:system_suspend:s0 tcontext=u:object_r:sysfs:s0 tclass=dir permissive=0
