02-25 14:08:30.711   507   598 W InputReader: Device virtio_input_multi_touch_10 is associated with display ADISPLAY_ID_NONE.
02-25 14:08:30.711   507   598 W InputReader: Device virtio_input_multi_touch_6 is associated with display ADISPLAY_ID_NONE.
02-25 14:08:30.711   507   598 W InputReader: Device virtio_input_multi_touch_8 is associated with display ADISPLAY_ID_NONE.
02-25 14:08:30.711   507   598 W InputReader: Device virtio_input_multi_touch_9 is associated with display ADISPLAY_ID_NONE.
02-25 14:08:30.711   507   598 W InputReader: Device virtio_input_multi_touch_4 is associated with display ADISPLAY_ID_NONE.
02-25 14:08:30.711   507   598 W InputReader: Device virtio_input_multi_touch_2 is associated with display ADISPLAY_ID_NONE.
02-25 14:08:30.711   507   598 W InputReader: Device virtio_input_multi_touch_11 is associated with display ADISPLAY_ID_NONE.
02-25 14:08:30.711   507   598 W InputReader: Device virtio_input_multi_touch_7 is associated with display ADISPLAY_ID_NONE.
02-25 14:08:30.711   507   598 W InputReader: Device virtio_input_multi_touch_5 is associated with display ADISPLAY_ID_NONE.
02-25 14:08:30.711   507   598 W InputReader: Device virtio_input_multi_touch_3 is associated with display ADISPLAY_ID_NONE.
02-25 14:08:30.717 13454 13456 I cmd     : oneway function results will be dropped but finished with status OK and parcel size 4
02-25 14:08:30.760 28364 28364 W Finsky  : [2] ifl.g(1): Null bundle, which breaks event chain!. Creating a new logging context.
02-25 14:08:30.761 28364 28364 W Finsky  : [2] ifl.g(1): Null bundle, which breaks event chain!. Creating a new logging context.
02-25 14:08:30.806   507   598 I system_server: oneway function results will be dropped but finished with status OK and parcel size 4
02-25 14:08:30.859 28364 28364 W Wrapper : Could not access isDebugInspectorInfoEnabled. Please set explicitly.
02-25 14:08:30.893 28364 30161 W OpenGLRenderer: Failed to choose config with EGL_SWAP_BEHAVIOR_PRESERVED, retrying without...
02-25 14:08:31.005 13479 13480 I cmd     : oneway function results will be dropped but finished with status OK and parcel size 4
02-25 14:08:31.225 28364 28364 W Wrapper : Could not access isDebugInspectorInfoEnabled. Please set explicitly.
02-25 14:08:31.256 28364 28386 W Finsky  : [1511] ltf.e(8): Neither static app details field mask nor cache & sync app details field mask:FieldMask[typeSpecificFields={1, 2, 3, 4, 5, 8, 9, 10, 11, 12, 13, 14, 15, 16, 17, 20, 21, 22, 23, 24, 25, 26, 27, 28, 29, 30, 31, 32, 33, 34, 35, 36, 37, 39, 40, 41, 42, 43, 44, 45, 46, 47, 48, 49, 51, 57, 58, 63}, sharedFields={1, 2, 6, 7, 8, 9, 10, 11, 12, 13, 14, 15, 16, 17, 18, 19, 21, 23, 24, 25, 26, 27, 28, 29, 30, 31, 32, 33, 34}] contains partial field mask:FieldMask[typeSpecificFields={1, 2, 4, 8, 11, 14, 27, 28, 29, 30, 31, 34, 35, 66}, sharedFields={1, 2, 6, 10, 11, 12, 21}].
02-25 14:08:31.277 13492 13492 E libc    : Access denied finding property "persist.device_config.runtime_native_boot.profilebootclasspath"
02-25 14:08:31.277 13492 13492 E libc    : Access denied finding property "persist.device_config.runtime_native_boot.enable_apex_image"
02-25 14:08:31.277 13492 13492 I AndroidRuntime: Using default boot image
02-25 14:08:31.277 13492 13492 E libc    : Access denied finding property "persist.device_config.runtime_native_boot.disable_lock_profiling"
02-25 14:08:31.277 13492 13492 I AndroidRuntime: Leaving lock profiling enabled
02-25 14:08:31.277 13492 13492 E libc    : Access denied finding property "persist.device_config.runtime_native_boot.enable_generational_cc"
02-25 14:08:31.272 13492 13492 W app_process: type=1400 audit(0.0:4212): avc: denied { read } for name="u:object_r:device_config_runtime_native_boot_prop:s0" dev="tmpfs" ino=1132 scontext=u:r:shell:s0 tcontext=u:object_r:device_config_runtime_native_boot_prop:s0 tclass=file permissive=0
02-25 14:08:31.340 28364 28375 I android.vendin: Compiler allocated 4157KB to compile java.lang.Object ows.b()
02-25 14:08:31.345 28364 28411 I Finsky  : [1531] nfx.run(15): Capture referrer for com.whatsapp (empty)
02-25 14:08:31.415 28364 28410 W Finsky  : [1530] yym.a(16): Sequence has events with different pageTypes: [5, 2]
02-25 14:08:31.429 13492 13492 I app_process: The ClassLoaderContext is a special shared library.
02-25 14:08:31.475 28364 28410 W Finsky  : [1530] yym.a(16): Sequence has events with different pageTypes: [5, 2]
02-25 14:08:31.475 28364 28410 W Finsky  : [1530] yym.a(16): Sequence has events with different pageTypes: [5, 2]
02-25 14:08:31.482 13492 13492 W app_process: JNI RegisterNativeMethods: attempt to register 0 native methods for android.media.AudioAttributes
02-25 14:08:31.598  2008  2062 I ReactNativeJNI: Memory warning (pressure level: TRIM_MEMORY_UI_HIDDEN) received by JS VM, ignoring because it's non-severe
02-25 14:08:31.630 13528 13532 I cmd     : oneway function results will be dropped but finished with status OK and parcel size 4
02-25 14:08:31.673 28364 28410 W Finsky  : [1530] yym.a(16): Sequence has events with different pageTypes: [5, 2]
02-25 14:08:32.504   178   178 I servicemanager: Notifying apexservice they have clients: 0
02-25 14:08:32.508   178   178 I BpBinder: onLastStrongRef automatically unlinking death recipients: <uncached descriptor>
02-25 14:08:32.556 13586 13588 I cmd     : oneway function results will be dropped but finished with status OK and parcel size 4
02-25 14:08:32.744   507  1211 I WifiService: getCurrentNetwork uid=10158
02-25 14:08:32.766   507   602 I WifiService: getConnectionInfo uid=1000
02-25 14:08:33.011   178   178 I servicemanager: Since 'apexservice' could not be found, trying to start it as a lazy AIDL service
02-25 14:08:33.045   178   178 I BpBinder: onLastStrongRef automatically unlinking death recipients: <uncached descriptor>
02-25 14:08:33.045   178   178 I servicemanager: Tried to unregister apexservice, but there is about to be a client.
02-25 14:08:33.312 13622 13624 I cmd     : oneway function results will be dropped but finished with status OK and parcel size 4
02-25 14:08:33.497 13649 13651 I cmd     : oneway function results will be dropped but finished with status OK and parcel size 4
02-25 14:08:33.504   674   674 I KeyButtonView: Back button event: ACTION_DOWN
02-25 14:08:33.506   318   318 I android.hardware.vibrator-service.example: Vibrator reporting capabilities
02-25 14:08:33.506   318   318 I android.hardware.vibrator-service.example: Vibrator off
02-25 14:08:33.507   318   318 I android.hardware.vibrator-service.example: Vibrator perform
02-25 14:08:33.507   318 13652 I android.hardware.vibrator-service.example: Starting perform on another thread
02-25 14:08:33.510   507  1523 I system_server: oneway function results will be dropped but finished with status OK and parcel size 4
02-25 14:08:33.586   674   674 I KeyButtonView: Back button event: ACTION_UP
02-25 14:08:33.601   507   527 E RemoteAugmentedAutofillService: Bad service name for flags 1048704: com.google.android.as/com.google.android.apps.miphone.aiai.app.AiAiAugmentedAutofillService
02-25 14:08:33.607   318 13652 I android.hardware.vibrator-service.example: Notifying perform complete
02-25 14:08:33.609   318   318 I android.hardware.vibrator-service.example: Vibrator off
02-25 14:08:33.619   507  1211 W InputReader: Device virtio_input_multi_touch_10 is associated with display ADISPLAY_ID_NONE.
02-25 14:08:33.619   507  1211 W InputReader: Device virtio_input_multi_touch_6 is associated with display ADISPLAY_ID_NONE.
02-25 14:08:33.619   507  1211 W InputReader: Device virtio_input_multi_touch_8 is associated with display ADISPLAY_ID_NONE.
02-25 14:08:33.619   507  1211 W InputReader: Device virtio_input_multi_touch_9 is associated with display ADISPLAY_ID_NONE.
02-25 14:08:33.619   507  1211 W InputReader: Device virtio_input_multi_touch_4 is associated with display ADISPLAY_ID_NONE.
02-25 14:08:33.619   507  1211 W InputReader: Device virtio_input_multi_touch_2 is associated with display ADISPLAY_ID_NONE.
02-25 14:08:33.619   507  1211 W InputReader: Device virtio_input_multi_touch_11 is associated with display ADISPLAY_ID_NONE.
02-25 14:08:33.620   507  1211 W InputReader: Device virtio_input_multi_touch_7 is associated with display ADISPLAY_ID_NONE.
02-25 14:08:33.620   507  1211 W InputReader: Device virtio_input_multi_touch_5 is associated with display ADISPLAY_ID_NONE.
02-25 14:08:33.620   507  1211 W InputReader: Device virtio_input_multi_touch_3 is associated with display ADISPLAY_ID_NONE.
02-25 14:08:33.620   507  1211 W InputReader: Device virtio_input_multi_touch_10 is associated with display ADISPLAY_ID_NONE.
02-25 14:08:33.620   507  1211 W InputReader: Device virtio_input_multi_touch_6 is associated with display ADISPLAY_ID_NONE.
02-25 14:08:33.620   507  1211 W InputReader: Device virtio_input_multi_touch_8 is associated with display ADISPLAY_ID_NONE.
02-25 14:08:33.620   507  1211 W InputReader: Device virtio_input_multi_touch_9 is associated with display ADISPLAY_ID_NONE.
02-25 14:08:33.620   507  1211 W InputReader: Device virtio_input_multi_touch_4 is associated with display ADISPLAY_ID_NONE.
02-25 14:08:33.620   507  1211 W InputReader: Device virtio_input_multi_touch_2 is associated with display ADISPLAY_ID_NONE.
02-25 14:08:33.620   507  1211 W InputReader: Device virtio_input_multi_touch_11 is associated with display ADISPLAY_ID_NONE.
02-25 14:08:33.620   507  1211 W InputReader: Device virtio_input_multi_touch_7 is associated with display ADISPLAY_ID_NONE.
02-25 14:08:33.620   507  1211 W InputReader: Device virtio_input_multi_touch_5 is associated with display ADISPLAY_ID_NONE.
02-25 14:08:33.620   507  1211 W InputReader: Device virtio_input_multi_touch_3 is associated with display ADISPLAY_ID_NONE.
02-25 14:08:33.628 13669 13671 I cmd     : oneway function results will be dropped but finished with status OK and parcel size 4
02-25 14:08:33.635   507   598 I system_server: oneway function results will be dropped but finished with status OK and parcel size 4
02-25 14:08:33.639 28364 28364 I Finsky  : [2] tdw.onTrimMemory(1): Memory trim requested to level 20
02-25 14:08:33.639 28364 28364 I Finsky  : [2] mpv.accept(12): Flushing in-memory image cache
02-25 14:08:33.759   507   516 I system_server: Background young concurrent copying GC freed 431383(18MB) AllocSpace objects, 93(3464KB) LOS objects, 46% free, 23MB/44MB, paused 56us total 100.859ms
02-25 14:08:33.760   507   518 W System  : A resource failed to call release. 
02-25 14:08:33.760   507   518 I chatty  : uid=1000(system) FinalizerDaemon identical 1 line
02-25 14:08:33.760   507   518 W System  : A resource failed to call release. 
02-25 14:08:33.966   507   598 I ActivityTaskManager: START u0 {act=android.intent.action.MAIN cat=[android.intent.category.LAUNCHER] flg=0x10000000 cmp=com.bhanguz.Paypenny/.MainActivity} from uid 2000
02-25 14:08:33.978 13711 13713 I cmd     : oneway function results will be dropped but finished with status OK and parcel size 4
02-25 14:08:34.393 28364 28364 E Finsky  : [2] pru.e(16): New youtube state: 0.
02-25 14:08:34.393 28364 28364 E Finsky  : [2] pru.e(16): New youtube state: -3.
02-25 14:08:34.829   507   598 I system_server: oneway function results will be dropped but finished with status OK and parcel size 4
02-25 14:08:34.849 13732 13734 I cmd     : oneway function results will be dropped but finished with status OK and parcel size 4
02-25 14:08:34.870  2008  2062 I ReactNativeJS: is cancel is cancel res false
02-25 14:08:34.903  2008  2062 W ReactNativeJS: react-native-snap-carousel | Pagination: You must specify prop `carouselRef` when setting `tappableDots` to `true`
02-25 14:08:34.905  2008  2062 W ReactNativeJS: 'VirtualizedList: missing keys for items, make sure to specify a key or id property on each item or provide a custom keyExtractor.', ''
02-25 14:08:34.924  2008  2064 W unknown:ReactNative: Attempt to set local data for view with unknown tag: -1
02-25 14:08:34.960  2008  2062 I ReactNativeJS: is cancel is cancel res false
02-25 14:08:34.960  2008  2062 I ReactNativeJS: is cancel is cancel res false
02-25 14:08:34.961  2008  2062 I ReactNativeJS: 'sdfasdfadfasfasdasd===========', 'Bulgaria'
02-25 14:08:34.961  2008  2062 I ReactNativeJS: is cancel is cancel res false
02-25 14:08:34.962   507  3021 I system_server: oneway function results will be dropped but finished with status OK and parcel size 4
02-25 14:08:34.976  2008  2062 I ReactNativeJS: is cancel is cancel res false
02-25 14:08:34.980  2008  2062 W ReactNativeJS: 'VirtualizedList: missing keys for items, make sure to specify a key or id property on each item or provide a custom keyExtractor.', ''
02-25 14:08:34.985  2008  2064 W unknown:ReactNative: Attempt to set local data for view with unknown tag: 42799
02-25 14:08:34.994  2008  2062 I ReactNativeJS: is cancel is cancel res false
02-25 14:08:35.008  2008  2064 W unknown:ReactNative: Attempt to set local data for view with unknown tag: -1
02-25 14:08:35.102  2008  2062 I ReactNativeJS: 'Sdfsdfsdfdsafsdfs', undefined
02-25 14:08:35.102  2008  2062 I ReactNativeJS: 'sdfsdfsdfsdfsdfdsf', 'Goes to set data'
02-25 14:08:35.154 28364 28411 I Finsky  : [1531] icr.run(22): AIM: AppInfoManager-Perf > Destroying AppInfoManager ...
02-25 14:08:35.195  2008  2062 W ReactNativeJS: react-native-snap-carousel | Pagination: You must specify prop `carouselRef` when setting `tappableDots` to `true`
02-25 14:08:35.204 13769 13771 I cmd     : oneway function results will be dropped but finished with status OK and parcel size 4
02-25 14:08:35.342   289   503 E libnetd_resolv: control message was truncated when receiving file descriptors
02-25 14:08:35.340   289   289 W Binder:289_2: type=1400 audit(0.0:4216): avc: denied { read write } for path="socket:[1073817]" dev="sockfs" ino=1073817 scontext=u:r:netd:s0 tcontext=u:r:untrusted_app:s0:c181,c256,c512,c768 tclass=unix_stream_socket permissive=0 b/77870037
02-25 14:08:35.353   507   602 I WifiService: getConnectionInfo uid=1000
02-25 14:08:35.463 13807 13809 I cmd     : oneway function results will be dropped but finished with status OK and parcel size 4
02-25 14:08:35.639 13835 13837 I cmd     : oneway function results will be dropped but finished with status OK and parcel size 4
02-25 14:08:35.719 13850 13852 I cmd     : oneway function results will be dropped but finished with status OK and parcel size 4
02-25 14:08:35.748   507   598 I WifiService: getCurrentNetwork uid=10158
02-25 14:08:35.807 13865 13867 I cmd     : oneway function results will be dropped but finished with status OK and parcel size 4
02-25 14:08:35.908 13883 13885 I cmd     : oneway function results will be dropped but finished with status OK and parcel size 4
02-25 14:08:35.928 13890 13892 I cmd     : oneway function results will be dropped but finished with status OK and parcel size 4
02-25 14:08:36.072 13908 13908 W app_process: type=1400 audit(0.0:4217): avc: denied { read } for name="u:object_r:device_config_runtime_native_boot_prop:s0" dev="tmpfs" ino=1132 scontext=u:r:shell:s0 tcontext=u:object_r:device_config_runtime_native_boot_prop:s0 tclass=file permissive=0
02-25 14:08:36.074 13908 13908 E libc    : Access denied finding property "persist.device_config.runtime_native_boot.profilebootclasspath"
02-25 14:08:36.074 13908 13908 E libc    : Access denied finding property "persist.device_config.runtime_native_boot.enable_apex_image"
02-25 14:08:36.074 13908 13908 I AndroidRuntime: Using default boot image
02-25 14:08:36.075 13908 13908 E libc    : Access denied finding property "persist.device_config.runtime_native_boot.disable_lock_profiling"
02-25 14:08:36.075 13908 13908 I AndroidRuntime: Leaving lock profiling enabled
02-25 14:08:36.075 13908 13908 E libc    : Access denied finding property "persist.device_config.runtime_native_boot.enable_generational_cc"
02-25 14:08:36.214 13908 13908 I app_process: The ClassLoaderContext is a special shared library.
02-25 14:08:36.236 13908 13908 W app_process: JNI RegisterNativeMethods: attempt to register 0 native methods for android.media.AudioAttributes
02-25 14:08:36.420  2008  2008 W unknown:ReactNative: Can't cancel already finished gesture. Is a child View trying to start a gesture from an UP/CANCEL event?
02-25 14:08:36.426   507   580 I InputDispatcher: Dropping move event because a pointer for a different device is already active in display 0
02-25 14:08:36.426   507   580 W InputDispatcher: Permission denied, dropping the motion (isPointer=true)
02-25 14:08:36.426   507   598 W InputManager: Input event injection from pid 13908 permission denied.
02-25 14:08:36.430 13908 13908 I app_process: System.exit called, status: 1
02-25 14:08:36.430 13908 13908 I AndroidRuntime: VM exiting with result code 1.
02-25 14:08:36.611 13944 13946 I cmd     : oneway function results will be dropped but finished with status OK and parcel size 4
02-25 14:08:36.726   507   518 W System  : A resource failed to call release. 
02-25 14:08:36.726   507   518 I chatty  : uid=1000(system) FinalizerDaemon identical 10 lines
02-25 14:08:36.726   507   518 W System  : A resource failed to call release. 
02-25 14:08:36.826 13971 13973 I cmd     : oneway function results will be dropped but finished with status OK and parcel size 4
02-25 14:08:36.911 13986 13988 I cmd     : oneway function results will be dropped but finished with status OK and parcel size 4
02-25 14:08:36.998 14001 14003 I cmd     : oneway function results will be dropped but finished with status OK and parcel size 4
02-25 14:08:37.082 14016 14018 I cmd     : oneway function results will be dropped but finished with status OK and parcel size 4
02-25 14:08:37.188 14028 14028 W app_process: type=1400 audit(0.0:4221): avc: denied { read } for name="u:object_r:device_config_runtime_native_boot_prop:s0" dev="tmpfs" ino=1132 scontext=u:r:shell:s0 tcontext=u:object_r:device_config_runtime_native_boot_prop:s0 tclass=file permissive=0
02-25 14:08:37.191 14028 14028 E libc    : Access denied finding property "persist.device_config.runtime_native_boot.profilebootclasspath"
02-25 14:08:37.191 14028 14028 E libc    : Access denied finding property "persist.device_config.runtime_native_boot.enable_apex_image"
02-25 14:08:37.191 14028 14028 I AndroidRuntime: Using default boot image
02-25 14:08:37.191 14028 14028 E libc    : Access denied finding property "persist.device_config.runtime_native_boot.disable_lock_profiling"
02-25 14:08:37.191 14028 14028 I AndroidRuntime: Leaving lock profiling enabled
02-25 14:08:37.191 14028 14028 E libc    : Access denied finding property "persist.device_config.runtime_native_boot.enable_generational_cc"
02-25 14:08:37.224 14028 14028 I app_process: The ClassLoaderContext is a special shared library.
02-25 14:08:37.229 14028 14028 W app_process: JNI RegisterNativeMethods: attempt to register 0 native methods for android.media.AudioAttributes
02-25 14:08:37.327 14050 14052 I cmd     : oneway function results will be dropped but finished with status OK and parcel size 4
02-25 14:08:37.464   507   598 I system_server: oneway function results will be dropped but finished with status OK and parcel size 4
02-25 14:08:37.504   178   178 I servicemanager: Notifying apexservice they have clients: 1
02-25 14:08:37.505   178   178 I servicemanager: Notifying apexservice they have clients: 0
02-25 14:08:37.506   178   178 I BpBinder: onLastStrongRef automatically unlinking death recipients: <uncached descriptor>
02-25 14:08:37.596   507  1523 I system_server: oneway function results will be dropped but finished with status OK and parcel size 4
02-25 14:08:38.744 28364 28378 W System  : A resource failed to call dispose. 
02-25 14:08:38.761   507   598 I WifiService: getCurrentNetwork uid=10158
02-25 14:08:38.794 14072 14074 I cmd     : oneway function results will be dropped but finished with status OK and parcel size 4
02-25 14:08:39.012 14099 14101 I cmd     : oneway function results will be dropped but finished with status OK and parcel size 4
02-25 14:08:39.245 14127 14129 I cmd     : oneway function results will be dropped but finished with status OK and parcel size 4
02-25 14:08:39.480 14156 14158 I cmd     : oneway function results will be dropped but finished with status OK and parcel size 4
02-25 14:08:39.705 14186 14187 I cmd     : oneway function results will be dropped but finished with status OK and parcel size 4
02-25 14:08:39.797 14201 14203 I cmd     : oneway function results will be dropped but finished with status OK and parcel size 4
02-25 14:08:39.845 14212 14214 I cmd     : oneway function results will be dropped but finished with status OK and parcel size 4
02-25 14:08:39.988 14230 14230 W app_process: type=1400 audit(0.0:4225): avc: denied { read } for name="u:object_r:device_config_runtime_native_boot_prop:s0" dev="tmpfs" ino=1132 scontext=u:r:shell:s0 tcontext=u:object_r:device_config_runtime_native_boot_prop:s0 tclass=file permissive=0
02-25 14:08:39.990 14230 14230 E libc    : Access denied finding property "persist.device_config.runtime_native_boot.profilebootclasspath"
02-25 14:08:39.990 14230 14230 E libc    : Access denied finding property "persist.device_config.runtime_native_boot.enable_apex_image"
02-25 14:08:39.990 14230 14230 I AndroidRuntime: Using default boot image
02-25 14:08:39.990 14230 14230 E libc    : Access denied finding property "persist.device_config.runtime_native_boot.disable_lock_profiling"
02-25 14:08:39.990 14230 14230 I AndroidRuntime: Leaving lock profiling enabled
02-25 14:08:39.990 14230 14230 E libc    : Access denied finding property "persist.device_config.runtime_native_boot.enable_generational_cc"
02-25 14:08:40.029 14230 14230 I app_process: The ClassLoaderContext is a special shared library.
02-25 14:08:40.036 14230 14230 W app_process: JNI RegisterNativeMethods: attempt to register 0 native methods for android.media.AudioAttributes
02-25 14:08:40.561   507  3021 I system_server: oneway function results will be dropped but finished with status OK and parcel size 4
02-25 14:08:40.828 14274 14276 I cmd     : oneway function results will be dropped but finished with status OK and parcel size 4
02-25 14:08:41.102   507   602 I WifiService: getConnectionInfo uid=1000
02-25 14:08:41.109   507  3021 I system_server: oneway function results will be dropped but finished with status OK and parcel size 4
02-25 14:08:41.109   507   598 I system_server: oneway function results will be dropped but finished with status OK and parcel size 4
02-25 14:08:41.244   507   598 I system_server: oneway function results will be dropped but finished with status OK and parcel size 4
02-25 14:08:41.768   507  3021 I WifiService: getCurrentNetwork uid=10158
02-25 14:08:42.129   507   518 W System  : A resource failed to call release. 
02-25 14:08:42.129   507   518 I chatty  : uid=1000(system) FinalizerDaemon identical 7 lines
02-25 14:08:42.129   507   518 W System  : A resource failed to call release. 
02-25 14:08:42.195 14327 14329 I cmd     : oneway function results will be dropped but finished with status OK and parcel size 4
02-25 14:08:42.195   507   598 I system_server: oneway function results will be dropped but finished with status OK and parcel size 4
02-25 14:08:42.202  2008  2062 W ReactNativeJS: 'VirtualizedList: missing keys for items, make sure to specify a key or id property on each item or provide a custom keyExtractor.', ''
02-25 14:08:42.219  2008  2062 I ReactNativeJS: is cancel is cancel res false
02-25 14:08:42.221  2008  2064 W unknown:ReactNative: Attempt to set local data for view with unknown tag: -1
02-25 14:08:42.231  2008  2062 W ReactNativeJS: 'VirtualizedList: missing keys for items, make sure to specify a key or id property on each item or provide a custom keyExtractor.', ''
02-25 14:08:42.241  2008  2064 W unknown:ReactNative: Attempt to set local data for view with unknown tag: 44475
02-25 14:08:42.258  2008  2064 W unknown:ReactNative: Attempt to set local data for view with unknown tag: -1
02-25 14:08:42.260  2008  2019 I hanguz.Paypenn: Compiler allocated 37MB to compile void com.facebook.react.uimanager.ReactShadowNodeImpl.addChildAt(com.facebook.react.uimanager.ReactShadowNodeImpl, int)
02-25 14:08:42.270  2008  2062 I ReactNativeJS: is cancel is cancel res false
02-25 14:08:42.272  2008  2062 I ReactNativeJS: is cancel is cancel res false
02-25 14:08:42.272  2008  2062 I ReactNativeJS: 'sdfasdfadfasfasdasd===========', 'Bulgaria'
02-25 14:08:42.272  2008  2062 I ReactNativeJS: is cancel is cancel res false
02-25 14:08:42.286  2008  2062 I ReactNativeJS: is cancel is cancel res false
02-25 14:08:42.287  2008  2019 I hanguz.Paypenn: Compiler allocated 25MB to compile void com.facebook.react.uimanager.ReactShadowNodeImpl.removeAndDisposeAllChildren()
02-25 14:08:42.306  2008  2062 W ReactNativeJS: 'VirtualizedList: missing keys for items, make sure to specify a key or id property on each item or provide a custom keyExtractor.', ''
02-25 14:08:42.307  2008  2064 W unknown:ReactNative: Attempt to set local data for view with unknown tag: -1
02-25 14:08:42.308  2008  2064 W unknown:ReactNative: Attempt to set local data for view with unknown tag: 45009
02-25 14:08:42.320  2008  2062 I ReactNativeJS: is cancel is cancel res false
02-25 14:08:42.320  2008  2062 I ReactNativeJS: is cancel is cancel res false
02-25 14:08:42.321  2008  2062 I ReactNativeJS: 'sdfasdfadfasfasdasd===========', 'Bulgaria'
02-25 14:08:42.321  2008  2062 I ReactNativeJS: is cancel is cancel res false
02-25 14:08:42.321  2008  2062 I chatty  : uid=10181(com.bhanguz.Paypenny) mqt_js identical 1 line
02-25 14:08:42.324  2008  2062 I ReactNativeJS: is cancel is cancel res false
02-25 14:08:42.328   507  3021 I system_server: oneway function results will be dropped but finished with status OK and parcel size 4
02-25 14:08:42.332  2008  2062 W ReactNativeJS: 'VirtualizedList: missing keys for items, make sure to specify a key or id property on each item or provide a custom keyExtractor.', ''
02-25 14:08:42.337  2008  2064 W unknown:ReactNative: Attempt to set local data for view with unknown tag: -1
02-25 14:08:42.340  2008  2064 W unknown:ReactNative: Attempt to set local data for view with unknown tag: 45329
02-25 14:08:42.341  2008  2062 I ReactNativeJS: is cancel is cancel res false
02-25 14:08:42.360  2008  2062 I ReactNativeJS: is cancel is cancel res false
02-25 14:08:42.361 14346 14348 I cmd     : oneway function results will be dropped but finished with status OK and parcel size 4
02-25 14:08:42.445  2008  2062 I ReactNativeJS: 'Sdfsdfsdfdsafsdfs', undefined
02-25 14:08:42.445  2008  2062 I ReactNativeJS: 'sdfsdfsdfsdfsdfdsf', 'Goes to set data'
02-25 14:08:42.514  2008  2062 W ReactNativeJS: react-native-snap-carousel | Pagination: You must specify prop `carouselRef` when setting `tappableDots` to `true`
02-25 14:08:42.594 14375 14376 I cmd     : oneway function results will be dropped but finished with status OK and parcel size 4
02-25 14:08:42.625   507  3021 I system_server: oneway function results will be dropped but finished with status OK and parcel size 4
02-25 14:08:42.673   507   602 I WifiService: getConnectionInfo uid=1000
02-25 14:08:42.688  2008  2062 I ReactNativeJS: is cancel is cancel res false
02-25 14:08:42.704   289   289 W Binder:289_2: type=1400 audit(0.0:4229): avc: denied { read write } for path="socket:[1080154]" dev="sockfs" ino=1080154 scontext=u:r:netd:s0 tcontext=u:r:untrusted_app:s0:c181,c256,c512,c768 tclass=unix_stream_socket permissive=0 b/77870037
02-25 14:08:42.707   289   503 E libnetd_resolv: control message was truncated when receiving file descriptors
02-25 14:08:42.731  2008  2062 W ReactNativeJS: react-native-snap-carousel | Pagination: You must specify prop `carouselRef` when setting `tappableDots` to `true`
02-25 14:08:42.734  2008  2062 W ReactNativeJS: 'VirtualizedList: missing keys for items, make sure to specify a key or id property on each item or provide a custom keyExtractor.', ''
02-25 14:08:42.752   507  3021 I system_server: oneway function results will be dropped but finished with status OK and parcel size 4
02-25 14:08:42.766  2008  2064 W unknown:ReactNative: Attempt to set local data for view with unknown tag: -1
02-25 14:08:42.790  2008  2062 I ReactNativeJS: is cancel is cancel res false
02-25 14:08:42.795  2008  2062 I ReactNativeJS: is cancel is cancel res false
02-25 14:08:42.795  2008  2062 I ReactNativeJS: 'sdfasdfadfasfasdasd===========', 'Bulgaria'
02-25 14:08:42.796  2008  2062 I ReactNativeJS: is cancel is cancel res false
02-25 14:08:42.797  2008  2062 I ReactNativeJS: is cancel is cancel res false
02-25 14:08:42.801  2008  2062 W ReactNativeJS: 'VirtualizedList: missing keys for items, make sure to specify a key or id property on each item or provide a custom keyExtractor.', ''
02-25 14:08:42.811  2008  2062 I ReactNativeJS: is cancel is cancel res false
02-25 14:08:42.833  2008  2064 W unknown:ReactNative: Attempt to set local data for view with unknown tag: 46259
02-25 14:08:42.833  2008  2064 I chatty  : uid=10181(com.bhanguz.Paypenny) mqt_native_modu identical 3 lines
02-25 14:08:42.833  2008  2064 W unknown:ReactNative: Attempt to set local data for view with unknown tag: 46259
02-25 14:08:42.840  2008  2062 I ReactNativeJS: 'Sdfsdfsdfdsafsdfs', undefined
02-25 14:08:42.840  2008  2062 I ReactNativeJS: 'sdfsdfsdfsdfsdfdsf', 'Goes to set data'
02-25 14:08:42.846  2008  2064 W unknown:ReactNative: Attempt to set local data for view with unknown tag: -1
02-25 14:08:42.873  2008  2062 W ReactNativeJS: react-native-snap-carousel | Pagination: You must specify prop `carouselRef` when setting `tappableDots` to `true`
02-25 14:08:42.993  2008  2062 I ReactNativeJS: 'Sdfsdfsdfdsafsdfs', undefined
02-25 14:08:42.993  2008  2062 I ReactNativeJS: 'sdfsdfsdfsdfsdfdsf', 'Goes to set data'
02-25 14:08:43.003 14408 14410 I cmd     : oneway function results will be dropped but finished with status OK and parcel size 4
02-25 14:08:43.040   289   289 W Binder:289_2: type=1400 audit(0.0:4230): avc: denied { read write } for path="socket:[1081032]" dev="sockfs" ino=1081032 scontext=u:r:netd:s0 tcontext=u:r:untrusted_app:s0:c181,c256,c512,c768 tclass=unix_stream_socket permissive=0 b/77870037
02-25 14:08:43.045   289   503 E libnetd_resolv: control message was truncated when receiving file descriptors
02-25 14:08:43.059   178   178 I servicemanager: Since 'apexservice' could not be found, trying to start it as a lazy AIDL service
02-25 14:08:43.108   178   178 I BpBinder: onLastStrongRef automatically unlinking death recipients: <uncached descriptor>
02-25 14:08:43.108   178   178 I servicemanager: Tried to unregister apexservice, but there is about to be a client.
02-25 14:08:43.280 14471 14473 I cmd     : oneway function results will be dropped but finished with status OK and parcel size 4
02-25 14:08:43.359 14486 14488 I cmd     : oneway function results will be dropped but finished with status OK and parcel size 4
02-25 14:08:43.395  2008  2062 I ReactNativeJS: 'Sdfsdfsdfdsafsdfs', undefined
02-25 14:08:43.395  2008  2062 I ReactNativeJS: 'sdfsdfsdfsdfsdfdsf', 'Goes to set data'
02-25 14:08:43.465 14498 14498 E libc    : Access denied finding property "persist.device_config.runtime_native_boot.profilebootclasspath"
02-25 14:08:43.465 14498 14498 E libc    : Access denied finding property "persist.device_config.runtime_native_boot.enable_apex_image"
02-25 14:08:43.465 14498 14498 I AndroidRuntime: Using default boot image
02-25 14:08:43.465 14498 14498 E libc    : Access denied finding property "persist.device_config.runtime_native_boot.disable_lock_profiling"
02-25 14:08:43.465 14498 14498 I AndroidRuntime: Leaving lock profiling enabled
02-25 14:08:43.465 14498 14498 E libc    : Access denied finding property "persist.device_config.runtime_native_boot.enable_generational_cc"
02-25 14:08:43.460 14498 14498 W app_process: type=1400 audit(0.0:4231): avc: denied { read } for name="u:object_r:device_config_runtime_native_boot_prop:s0" dev="tmpfs" ino=1132 scontext=u:r:shell:s0 tcontext=u:object_r:device_config_runtime_native_boot_prop:s0 tclass=file permissive=0
02-25 14:08:43.497 14498 14498 I app_process: The ClassLoaderContext is a special shared library.
02-25 14:08:43.503 14498 14498 W app_process: JNI RegisterNativeMethods: attempt to register 0 native methods for android.media.AudioAttributes
02-25 14:08:43.573  2008  2008 W unknown:ReactNative: Can't cancel already finished gesture. Is a child View trying to start a gesture from an UP/CANCEL event?
02-25 14:08:43.573   507   580 I InputDispatcher: Dropping move event because a pointer for a different device is already active in display 0
02-25 14:08:43.573   507   580 W InputDispatcher: Permission denied, dropping the motion (isPointer=true)
02-25 14:08:43.574   507   598 W InputManager: Input event injection from pid 14498 permission denied.
02-25 14:08:43.575 14498 14498 I app_process: System.exit called, status: 1
02-25 14:08:43.575 14498 14498 I AndroidRuntime: VM exiting with result code 1.
02-25 14:08:43.658 28364 28399 I Finsky  : [1524] vqk.h(1): Triggered update for experiment package com.google.android.finsky.stable.
02-25 14:08:43.698 28364 28414 I Finsky  : [1535] xtt.accept(56): SCH: Scheduling phonesky job Id: 16-16161616, CT: 1677314323656, Constraints: [{ L: 60000, D: 60000, C: 1, I: 1, N: 0 }]
02-25 14:08:43.706 28364 28414 I Finsky  : [1535] yen.apply(94): SCH: Scheduling 1 system job(s)
02-25 14:08:43.707 28364 28414 I Finsky  : [1535] yeq.d(4): SCH: Scheduling system job Id: 9553, L: 59950, D: 59950, C: false, I: false, N: 0
02-25 14:08:43.717 28364 28399 I Finsky  : [1524] vqk.h(7): Already at the latest configurations for experiment package com.google.android.finsky.stable.
02-25 14:08:43.720 28364 28411 I Finsky  : [1531] vqk.h(1): Triggered update for experiment package com.google.android.finsky.regular.
02-25 14:08:43.758 28364 28411 I Finsky  : [1531] vqk.h(7): Already at the latest configurations for experiment package com.google.android.finsky.regular.
02-25 14:08:43.758 28364 28409 I Finsky  : [1529] vqk.h(1): Triggered update for experiment package com.google.android.finsky.regular.
02-25 14:08:43.761 14551 14552 I cmd     : oneway function results will be dropped but finished with status OK and parcel size 4
02-25 14:08:43.790 28364 28409 I Finsky  : [1529] vqk.h(7): Already at the latest configurations for experiment package com.google.android.finsky.regular.
02-25 14:08:43.910   507   518 W System  : A resource failed to call release. 
02-25 14:08:43.910   507   518 I chatty  : uid=1000(system) FinalizerDaemon identical 28 lines
02-25 14:08:43.910   507   518 W System  : A resource failed to call release. 
02-25 14:08:43.962 14579 14581 I cmd     : oneway function results will be dropped but finished with status OK and parcel size 4
02-25 14:08:44.046 14594 14596 I cmd     : oneway function results will be dropped but finished with status OK and parcel size 4
02-25 14:08:44.131 14609 14611 I cmd     : oneway function results will be dropped but finished with status OK and parcel size 4
02-25 14:08:44.215 14624 14626 I cmd     : oneway function results will be dropped but finished with status OK and parcel size 4
02-25 14:08:44.216   507   602 I WifiService: getConnectionInfo uid=1000
02-25 14:08:44.319 14636 14636 E libc    : Access denied finding property "persist.device_config.runtime_native_boot.profilebootclasspath"
02-25 14:08:44.319 14636 14636 E libc    : Access denied finding property "persist.device_config.runtime_native_boot.enable_apex_image"
02-25 14:08:44.319 14636 14636 I AndroidRuntime: Using default boot image
02-25 14:08:44.319 14636 14636 E libc    : Access denied finding property "persist.device_config.runtime_native_boot.disable_lock_profiling"
02-25 14:08:44.319 14636 14636 I AndroidRuntime: Leaving lock profiling enabled
02-25 14:08:44.319 14636 14636 E libc    : Access denied finding property "persist.device_config.runtime_native_boot.enable_generational_cc"
02-25 14:08:44.316 14636 14636 W app_process: type=1400 audit(0.0:4235): avc: denied { read } for name="u:object_r:device_config_runtime_native_boot_prop:s0" dev="tmpfs" ino=1132 scontext=u:r:shell:s0 tcontext=u:object_r:device_config_runtime_native_boot_prop:s0 tclass=file permissive=0
02-25 14:08:44.347 14636 14636 I app_process: The ClassLoaderContext is a special shared library.
02-25 14:08:44.352 14636 14636 W app_process: JNI RegisterNativeMethods: attempt to register 0 native methods for android.media.AudioAttributes
02-25 14:08:44.594   507  3021 I system_server: oneway function results will be dropped but finished with status OK and parcel size 4
02-25 14:08:44.601  2008  2062 W ReactNativeJS: 'VirtualizedList: missing keys for items, make sure to specify a key or id property on each item or provide a custom keyExtractor.', ''
02-25 14:08:44.615  2008  2062 I ReactNativeJS: is cancel is cancel res false
02-25 14:08:44.620  2008  2064 W unknown:ReactNative: Attempt to set local data for view with unknown tag: -1
02-25 14:08:44.627  2008  2062 W ReactNativeJS: 'VirtualizedList: missing keys for items, make sure to specify a key or id property on each item or provide a custom keyExtractor.', ''
02-25 14:08:44.637  2008  2064 W unknown:ReactNative: Attempt to set local data for view with unknown tag: 47557
02-25 14:08:44.637  2008  2064 W unknown:ReactNative: Attempt to set local data for view with unknown tag: 47557
02-25 14:08:44.637  2008  2064 W unknown:ReactNative: Attempt to set local data for view with unknown tag: -1
02-25 14:08:44.641  2008  2064 W unknown:ReactNative: Attempt to set local data for view with unknown tag: 47557
02-25 14:08:44.644  2008  2062 I ReactNativeJS: is cancel is cancel res false
02-25 14:08:44.644  2008  2062 I ReactNativeJS: is cancel is cancel res false
02-25 14:08:44.644  2008  2062 I ReactNativeJS: 'sdfasdfadfasfasdasd===========', 'Bulgaria'
02-25 14:08:44.644  2008  2062 I ReactNativeJS: is cancel is cancel res false
02-25 14:08:44.649  2008  2062 I ReactNativeJS: is cancel is cancel res false
02-25 14:08:44.657  2008  2062 W ReactNativeJS: 'VirtualizedList: missing keys for items, make sure to specify a key or id property on each item or provide a custom keyExtractor.', ''
02-25 14:08:44.664  2008  2062 I ReactNativeJS: is cancel is cancel res false
02-25 14:08:44.666  2008  2062 I ReactNativeJS: is cancel is cancel res false
02-25 14:08:44.666  2008  2062 I ReactNativeJS: 'sdfasdfadfasfasdasd===========', 'Bulgaria'
02-25 14:08:44.666  2008  2062 I ReactNativeJS: is cancel is cancel res false
02-25 14:08:44.667  2008  2062 I chatty  : uid=10181(com.bhanguz.Paypenny) mqt_js identical 1 line
02-25 14:08:44.667  2008  2062 I ReactNativeJS: is cancel is cancel res false
02-25 14:08:44.674  2008  2064 W unknown:ReactNative: Attempt to set local data for view with unknown tag: -1
02-25 14:08:44.675  2008  2062 W ReactNativeJS: 'VirtualizedList: missing keys for items, make sure to specify a key or id property on each item or provide a custom keyExtractor.', ''
02-25 14:08:44.676  2008  2064 W unknown:ReactNative: Attempt to set local data for view with unknown tag: 48093
02-25 14:08:44.677  2008  2064 W unknown:ReactNative: Attempt to set local data for view with unknown tag: 48413
02-25 14:08:44.680  2008  2064 I chatty  : uid=10181(com.bhanguz.Paypenny) mqt_native_modu identical 3 lines
02-25 14:08:44.680  2008  2064 W unknown:ReactNative: Attempt to set local data for view with unknown tag: 48413
02-25 14:08:44.681  2008  2062 I ReactNativeJS: is cancel is cancel res false
02-25 14:08:44.693  2008  2062 I ReactNativeJS: is cancel is cancel res false
02-25 14:08:44.693  2008  2064 W unknown:ReactNative: Attempt to set local data for view with unknown tag: -1
02-25 14:08:44.719   507  3021 I system_server: oneway function results will be dropped but finished with status OK and parcel size 4
02-25 14:08:44.744 14658 14660 I cmd     : oneway function results will be dropped but finished with status OK and parcel size 4
02-25 14:08:44.772   507  3021 I WifiService: getCurrentNetwork uid=10158
02-25 14:08:44.835  2008  2062 I ReactNativeJS: 'Sdfsdfsdfdsafsdfs', undefined
02-25 14:08:44.835  2008  2062 I ReactNativeJS: 'sdfsdfsdfsdfsdfdsf', 'Goes to set data'
02-25 14:08:44.874  2008  2062 W ReactNativeJS: react-native-snap-carousel | Pagination: You must specify prop `carouselRef` when setting `tappableDots` to `true`
02-25 14:08:44.992   289   503 E libnetd_resolv: control message was truncated when receiving file descriptors
02-25 14:08:44.988   289   289 W Binder:289_2: type=1400 audit(0.0:4239): avc: denied { read write } for path="socket:[1084819]" dev="sockfs" ino=1084819 scontext=u:r:netd:s0 tcontext=u:r:untrusted_app:s0:c181,c256,c512,c768 tclass=unix_stream_socket permissive=0 b/77870037
02-25 14:08:45.196  2008  2062 I ReactNativeJS: 'Sdfsdfsdfdsafsdfs', undefined
02-25 14:08:45.196  2008  2062 I ReactNativeJS: 'sdfsdfsdfsdfsdfdsf', 'Goes to set data'
02-25 14:08:45.310  2008  2062 I ReactNativeJS: 'Sdfsdfsdfdsafsdfs', undefined
02-25 14:08:45.310  2008  2062 I ReactNativeJS: 'sdfsdfsdfsdfsdfdsf', 'Goes to set data'
02-25 14:08:45.709  2008  2062 I ReactNativeJS: 'asdasdasdasdasd', 'Other country'
02-25 14:08:45.715   507  3021 I system_server: oneway function results will be dropped but finished with status OK and parcel size 4
02-25 14:08:45.730  2008  2062 I ReactNativeJS: 'asdasdasdasdasd', 'Other country'
02-25 14:08:45.733  2008  2062 I ReactNativeJS: 'Is connected?', { details: 
02-25 14:08:45.733  2008  2062 I ReactNativeJS:    { isConnectionExpensive: false,
02-25 14:08:45.733  2008  2062 I ReactNativeJS:      subnet: '255.255.255.255',
02-25 14:08:45.733  2008  2062 I ReactNativeJS:      ipAddress: '10.0.2.16',
02-25 14:08:45.733  2008  2062 I ReactNativeJS:      frequency: 2447,
02-25 14:08:45.733  2008  2062 I ReactNativeJS:      strength: 99,
02-25 14:08:45.733  2008  2062 I ReactNativeJS:      bssid: '02:00:00:00:00:00' },
02-25 14:08:45.733  2008  2062 I ReactNativeJS:   isConnected: true,
02-25 14:08:45.733  2008  2062 I ReactNativeJS:   type: 'wifi',
02-25 14:08:45.733  2008  2062 I ReactNativeJS:   isInternetReachable: true,
02-25 14:08:45.733  2008  2062 I ReactNativeJS:   isWifiEnabled: true }
02-25 14:08:45.734  2008  2062 I chatty  : uid=10181(com.bhanguz.Paypenny) mqt_js identical 2 lines
02-25 14:08:45.734  2008  2062 I ReactNativeJS: 'Is connected?', { details: 
02-25 14:08:45.734  2008  2062 I ReactNativeJS:    { isConnectionExpensive: false,
02-25 14:08:45.734  2008  2062 I ReactNativeJS:      subnet: '255.255.255.255',
02-25 14:08:45.734  2008  2062 I ReactNativeJS:      ipAddress: '10.0.2.16',
02-25 14:08:45.734  2008  2062 I ReactNativeJS:      frequency: 2447,
02-25 14:08:45.734  2008  2062 I ReactNativeJS:      strength: 99,
02-25 14:08:45.734  2008  2062 I ReactNativeJS:      bssid: '02:00:00:00:00:00' },
02-25 14:08:45.734  2008  2062 I ReactNativeJS:   isConnected: true,
02-25 14:08:45.734  2008  2062 I ReactNativeJS:   type: 'wifi',
02-25 14:08:45.734  2008  2062 I ReactNativeJS:   isInternetReachable: true,
02-25 14:08:45.734  2008  2062 I ReactNativeJS:   isWifiEnabled: true }
02-25 14:08:45.734  2008  2062 I ReactNativeJS: is cancel is cancel res false
02-25 14:08:45.735  2008  2062 I ReactNativeJS: 'asdasdasdasdasd', 'Other country'
02-25 14:08:45.736  2008  2064 W unknown:ReactNative: Attempt to set local data for view with unknown tag: -1
02-25 14:08:45.736  2008  2062 I ReactNativeJS: 'asdasdasdasdasd', 'Other country'
02-25 14:08:45.737  2008  2062 I ReactNativeJS: 'Is connected?', { details: 
02-25 14:08:45.737  2008  2062 I ReactNativeJS:    { isConnectionExpensive: false,
02-25 14:08:45.737  2008  2062 I ReactNativeJS:      subnet: '255.255.255.255',
02-25 14:08:45.737  2008  2062 I ReactNativeJS:      ipAddress: '10.0.2.16',
02-25 14:08:45.737  2008  2062 I ReactNativeJS:      frequency: 2447,
02-25 14:08:45.737  2008  2062 I ReactNativeJS:      strength: 99,
02-25 14:08:45.737  2008  2062 I ReactNativeJS:      bssid: '02:00:00:00:00:00' },
02-25 14:08:45.737  2008  2062 I ReactNativeJS:   isConnected: true,
02-25 14:08:45.737  2008  2062 I ReactNativeJS:   type: 'wifi',
02-25 14:08:45.737  2008  2062 I ReactNativeJS:   isInternetReachable: true,
02-25 14:08:45.737  2008  2062 I ReactNativeJS:   isWifiEnabled: true }
02-25 14:08:45.746  2008  2062 W ReactNativeJS: react-native-snap-carousel | Pagination: You must specify prop `carouselRef` when setting `tappableDots` to `true`
02-25 14:08:45.748  2008  2062 W ReactNativeJS: 'VirtualizedList: missing keys for items, make sure to specify a key or id property on each item or provide a custom keyExtractor.', ''
02-25 14:08:45.760  2008  2064 W unknown:ReactNative: Attempt to set local data for view with unknown tag: -1
02-25 14:08:45.770  2008  2062 I ReactNativeJS: is cancel is cancel res false
02-25 14:08:45.772  2008  2062 I ReactNativeJS: is cancel is cancel res false
02-25 14:08:45.772  2008  2062 I ReactNativeJS: 'sdfasdfadfasfasdasd===========', 'Bulgaria'
02-25 14:08:45.772  2008  2062 I ReactNativeJS: is cancel is cancel res false
02-25 14:08:45.773  2008  2062 I ReactNativeJS: is cancel is cancel res false
02-25 14:08:45.777  2008  2062 W ReactNativeJS: 'VirtualizedList: missing keys for items, make sure to specify a key or id property on each item or provide a custom keyExtractor.', ''
02-25 14:08:45.783  2008  2062 I ReactNativeJS: is cancel is cancel res false
02-25 14:08:45.787  2008  2062 I ReactNativeJS: 'asdasdasdasdasd', 'Other country'
02-25 14:08:45.788  2008  2062 I ReactNativeJS: 'asdasdasdasdasd', 'Other country'
02-25 14:08:45.789  2008  2062 I ReactNativeJS: 'Is connected?', { details: 
02-25 14:08:45.789  2008  2062 I ReactNativeJS:    { isConnectionExpensive: false,
02-25 14:08:45.789  2008  2062 I ReactNativeJS:      subnet: '255.255.255.255',
02-25 14:08:45.789  2008  2062 I ReactNativeJS:      ipAddress: '10.0.2.16',
02-25 14:08:45.789  2008  2062 I ReactNativeJS:      frequency: 2447,
02-25 14:08:45.789  2008  2062 I ReactNativeJS:      strength: 99,
02-25 14:08:45.789  2008  2062 I ReactNativeJS:      bssid: '02:00:00:00:00:00' },
02-25 14:08:45.789  2008  2062 I ReactNativeJS:   isConnected: true,
02-25 14:08:45.789  2008  2062 I ReactNativeJS:   type: 'wifi',
02-25 14:08:45.789  2008  2062 I ReactNativeJS:   isInternetReachable: true,
02-25 14:08:45.789  2008  2062 I ReactNativeJS:   isWifiEnabled: true }
02-25 14:08:45.805  2008  2064 W unknown:ReactNative: Attempt to set local data for view with unknown tag: 49547
02-25 14:08:45.808  2008  2064 I chatty  : uid=10181(com.bhanguz.Paypenny) mqt_native_modu identical 3 lines
02-25 14:08:45.808  2008  2064 W unknown:ReactNative: Attempt to set local data for view with unknown tag: 49547
02-25 14:08:45.810  2008  2064 W unknown:ReactNative: Attempt to set local data for view with unknown tag: -1
02-25 14:08:45.810  2008  2062 I ReactNativeJS: 'Is connected?', { details: 
02-25 14:08:45.810  2008  2062 I ReactNativeJS:    { isConnectionExpensive: false,
02-25 14:08:45.810  2008  2062 I ReactNativeJS:      subnet: '255.255.255.255',
02-25 14:08:45.810  2008  2062 I ReactNativeJS:      ipAddress: '10.0.2.16',
02-25 14:08:45.810  2008  2062 I ReactNativeJS:      frequency: 2447,
02-25 14:08:45.810  2008  2062 I ReactNativeJS:      strength: 99,
02-25 14:08:45.810  2008  2062 I ReactNativeJS:      bssid: '02:00:00:00:00:00' },
02-25 14:08:45.810  2008  2062 I ReactNativeJS:   isConnected: true,
02-25 14:08:45.810  2008  2062 I ReactNativeJS:   type: 'wifi',
02-25 14:08:45.810  2008  2062 I ReactNativeJS:   isInternetReachable: true,
02-25 14:08:45.810  2008  2062 I ReactNativeJS:   isWifiEnabled: true }
02-25 14:08:45.811  2008  2062 I chatty  : uid=10181(com.bhanguz.Paypenny) mqt_js identical 2 lines
02-25 14:08:45.811  2008  2062 I ReactNativeJS: 'Is connected?', { details: 
02-25 14:08:45.811  2008  2062 I ReactNativeJS:    { isConnectionExpensive: false,
02-25 14:08:45.811  2008  2062 I ReactNativeJS:      subnet: '255.255.255.255',
02-25 14:08:45.811  2008  2062 I ReactNativeJS:      ipAddress: '10.0.2.16',
02-25 14:08:45.811  2008  2062 I ReactNativeJS:      frequency: 2447,
02-25 14:08:45.811  2008  2062 I ReactNativeJS:      strength: 99,
02-25 14:08:45.811  2008  2062 I ReactNativeJS:      bssid: '02:00:00:00:00:00' },
02-25 14:08:45.811  2008  2062 I ReactNativeJS:   isConnected: true,
02-25 14:08:45.811  2008  2062 I ReactNativeJS:   type: 'wifi',
02-25 14:08:45.811  2008  2062 I ReactNativeJS:   isInternetReachable: true,
02-25 14:08:45.811  2008  2062 I ReactNativeJS:   isWifiEnabled: true }
02-25 14:08:45.811  2008  2062 I ReactNativeJS: 'asdasdasdasdasd', 'Other country'
02-25 14:08:45.813  2008  2062 I ReactNativeJS: 'asdasdasdasdasd', 'Other country'
02-25 14:08:45.813  2008  2062 I ReactNativeJS: 'Is connected?', { details: 
02-25 14:08:45.813  2008  2062 I ReactNativeJS:    { isConnectionExpensive: false,
02-25 14:08:45.813  2008  2062 I ReactNativeJS:      subnet: '255.255.255.255',
02-25 14:08:45.813  2008  2062 I ReactNativeJS:      ipAddress: '10.0.2.16',
02-25 14:08:45.813  2008  2062 I ReactNativeJS:      frequency: 2447,
02-25 14:08:45.813  2008  2062 I ReactNativeJS:      strength: 99,
02-25 14:08:45.813  2008  2062 I ReactNativeJS:      bssid: '02:00:00:00:00:00' },
02-25 14:08:45.813  2008  2062 I ReactNativeJS:   isConnected: true,
02-25 14:08:45.813  2008  2062 I ReactNativeJS:   type: 'wifi',
02-25 14:08:45.813  2008  2062 I ReactNativeJS:   isInternetReachable: true,
02-25 14:08:45.813  2008  2062 I ReactNativeJS:   isWifiEnabled: true }
02-25 14:08:45.847   507  3021 I system_server: oneway function results will be dropped but finished with status OK and parcel size 4
