--------- beginning of main
02-25 14:05:35.085 15786  1543 W GCM     : Unexpected forwarded intent: Intent { act=android.intent.action.PACKAGE_ADDED dat=package:io.github.ylimit.droidbotapp flg=0x4000010 pkg=com.google.android.gms cmp=com.google.android.gms/.chimera.PersistentIntentOperationService (has extras) }
02-25 14:05:35.115 15786  1535 W GCM     : Unexpected forwarded intent: Intent { act=android.intent.action.PACKAGE_ADDED dat=package:io.github.ylimit.droidbotapp flg=0x4000010 pkg=com.google.android.gms cmp=com.google.android.gms/.chimera.PersistentIntentOperationService (has extras) }
02-25 14:05:35.147 28364 28414 I Finsky  : [1535] icq.accept(28): AIM: AppInfoManager-Perf > getApps > data collection finished
02-25 14:05:35.147 28364 28414 I Finsky  : [1535] icr.run(33): AIM: AppInfoManager-Perf > maybeDestroyAppInfoManager is called. actives = 0
02-25 14:05:35.181   507   516 I system_server: Background concurrent copying GC freed 209906(13MB) AllocSpace objects, 31(1868KB) LOS objects, 49% free, 21MB/43MB, paused 32us total 361.541ms
02-25 14:05:35.188  1454  1454 I .apps.wellbein: The ClassLoaderContext is a special shared library.
02-25 14:05:35.188  1493  1493 I ackageinstalle: The ClassLoaderContext is a special shared library.
02-25 14:05:35.189   177   177 I lowmemorykiller: Kill 'com.android.externalstorage' (30800), uid 10091, oom_adj 975 to free 37628kB; reason: low watermark is breached and thrashing (148%)
02-25 14:05:35.193 15786  1542 I FontLog : Package io.github.ylimit.droidbotapp has no metadata [CONTEXT service_id=132 ]
--------- beginning of system
02-25 14:05:35.196   507  4488 I ActivityManager: Process com.android.externalstorage (pid 30800) has died: cch+75 CEM 
02-25 14:05:35.196  1454  1454 I .apps.wellbein: The ClassLoaderContext is a special shared library.
02-25 14:05:35.197   290   290 I Zygote  : Process 30800 exited due to signal 9 (Killed)
02-25 14:05:35.212   507   507 W Looper  : Slow dispatch took 384ms main h=android.app.ActivityThread$H c=android.app.-$$Lambda$LoadedApk$ReceiverDispatcher$Args$_BumDX2UKsnxLVrE6UJsJZkotuA@43fa8b8 m=0
02-25 14:05:35.212   507   507 W Looper  : Slow delivery took 384ms main h=android.app.ActivityThread$H c=android.app.-$$Lambda$LoadedApk$ReceiverDispatcher$Args$_BumDX2UKsnxLVrE6UJsJZkotuA@ad31691 m=0
02-25 14:05:35.213   507   581 I InputReader: Reconfiguring input devices, changes=KEYBOARD_LAYOUTS | 
02-25 14:05:35.226   507   537 I libprocessgroup: Successfully killed process cgroup uid 10091 pid 30800 in 9ms
02-25 14:05:35.247 12656 29705 I PermissionControllerServiceImpl: Updating user sensitive for uid 10182
02-25 14:05:35.273 27385  1529 I Auth    : [SupervisedAccountIntentOperation] onHandleIntent(): android.intent.action.PACKAGE_ADDED
02-25 14:05:35.283 28364 28409 I Finsky  : [1529] xtt.accept(56): SCH: Scheduling phonesky job Id: 12-1, CT: 1677314134948, Constraints: [{ L: 15000, D: 86400000, C: 1, I: 1, N: 1 }]
02-25 14:05:35.297 27385  1557 I Dck     : doesDeviceHaveSupportedWirelessCapabilities: wccSysProp:0, wccMendel:1, deviceWccOverride:false [CONTEXT service_id=289 ]
02-25 14:05:35.297 27385  1557 I Dck     : isDckModuleEligible: isAtLeastR:true, hasWccSupport:false, downloadAllowed:false [CONTEXT service_id=289 ]
02-25 14:05:35.300 27385  1557 W Dck     : Dck module not eligible for asynchronous downloading [CONTEXT service_id=289 ]
02-25 14:05:35.335   507   507 W Looper  : Slow dispatch took 118ms main h=android.app.ActivityThread$H c=android.app.-$$Lambda$LoadedApk$ReceiverDispatcher$Args$_BumDX2UKsnxLVrE6UJsJZkotuA@d987618 m=0
02-25 14:05:35.338 28364 28399 I Finsky  : [1524] yen.apply(94): SCH: Scheduling 1 system job(s)
02-25 14:05:35.338 21493  1453 I A       : (REDACTED) Writing data of size=%d bytes with N=%d keys to Geller corpus %s at ts=%d
02-25 14:05:35.340 28364 28399 I Finsky  : [1524] yeq.d(4): SCH: Scheduling system job Id: 9546, L: 14610, D: 33424846, C: false, I: false, N: 1
02-25 14:05:35.343 21493 21606 I DeviceAppInfoWork: refreshDeviceAppInfoForAccount done.
02-25 14:05:35.369 21493 21616 W DeviceAppInfoWork: missing version info.
02-25 14:05:35.371   507   507 I Telecom : DefaultDialerCache: Refreshing default dialer for user 0: now com.android.dialer: DDC.oR@ATM
02-25 14:05:35.387 27385 27431 I Icing   : IndexChimeraService.getServiceInterface callingPackage=com.google.android.gms componentName=AppsCorpus serviceId=36
02-25 14:05:35.402 15786 20261 W ChimeraUtils: Module com.google.android.gms.nearby_en has empty metadata display_name_string_id
02-25 14:05:35.414   507   507 W Looper  : Drained
02-25 14:05:35.437 28364 28399 I Finsky  : [1524] jpx.abb(23): [ContentSync] finished, scheduled=true
02-25 14:05:35.466 21549 21635 I A11yListener: (REDACTED) #onAccessibilityStateChanged enabled: %s
02-25 14:05:35.469 21549 21644 I A11yListener: #onChange
02-25 14:05:35.476  1568  1568 I libc    : SetHeapTaggingLevel: tag level set to 0
02-25 14:05:35.478  1568  1568 I mit.droidbotap: Late-enabling -Xcheck:jni
02-25 14:05:35.480   507   536 I ActivityManager: Start proc 1568:io.github.ylimit.droidbotapp/u0a182 for service {io.github.ylimit.droidbotapp/io.github.privacystreams.accessibility.PSAccessibilityService}
02-25 14:05:35.485 21493 21607 I A       : NGA disabled due to not being eligible.
02-25 14:05:35.492  1568  1568 I mit.droidbotap: Unquickening 12 vdex files!
02-25 14:05:35.494   507   536 W ActivityManager: Slow operation: 55ms so far, now at startProcess: done updating pids map
02-25 14:05:35.507   177   177 I lowmemorykiller: Kill 'com.google.android.apps.wallpaper' (32315), uid 10153, oom_adj 955 to free 37556kB; reason: low watermark is breached and thrashing (138%)
02-25 14:05:35.512   507  4385 I ActivityManager: Process com.google.android.apps.wallpaper (pid 32315) has died: cch+55 CEM 
02-25 14:05:35.514   177   177 I lowmemorykiller: Kill 'com.android.providers.calendar' (748), uid 10079, oom_adj 945 to free 39512kB; reason: min watermark is breached even after kill
02-25 14:05:35.514   290   290 I Zygote  : Process 32315 exited due to signal 9 (Killed)
02-25 14:05:35.518   177   177 I lowmemorykiller: Kill 'com.google.android.partnersetup' (31723), uid 10117, oom_adj 935 to free 38360kB; reason: min watermark is breached even after kill
02-25 14:05:35.518   290   290 I Zygote  : Process 748 exited due to signal 9 (Killed)
02-25 14:05:35.528   177   177 W lowmemorykiller: Failed to get t_pid for '0' of pid(31745)
02-25 14:05:35.528   177   177 I lowmemorykiller: Kill 'com.google.process.gservices' (31745), uid 10123, oom_adj 925 to free 39640kB; reason: min watermark is breached even after kill
02-25 14:05:35.528   290   290 I Zygote  : Process 31723 exited due to signal 9 (Killed)
02-25 14:05:35.532   290   290 I Zygote  : Process 31745 exited due to signal 9 (Killed)
02-25 14:05:35.560   507   537 I libprocessgroup: Successfully killed process cgroup uid 10153 pid 32315 in 48ms
02-25 14:05:35.571 30627 30692 I ReactNativeJNI: Memory warning (pressure level: TRIM_MEMORY_COMPLETE) received by JS VM, running a GC
02-25 14:05:35.582 21549 21644 E TraceManager: Duplicate trace
02-25 14:05:35.582 21549 21644 E TraceManager: com.google.apps.tiktok.tracing.w: Starting new trace A11yEventListener_onChange when already associated with a trace: . For more help, see http://go/tiktok-tracing#fixing-duplicate-trace-issues
02-25 14:05:35.582 21549 21644 E TraceManager: 	at com.google.apps.tiktok.tracing.el.f(PG:6)
02-25 14:05:35.582 21549 21644 E TraceManager: 	at com.google.apps.tiktok.tracing.el.g(PG:2)
02-25 14:05:35.582 21549 21644 E TraceManager: 	at com.google.apps.tiktok.tracing.du.d(PG:1)
02-25 14:05:35.582 21549 21644 E TraceManager: 	at com.google.android.libraries.search.assistant.a.g.a(PG:7)
02-25 14:05:35.582 21549 21644 E TraceManager: 	at com.google.android.libraries.search.assistant.a.b.b(PG:2)
02-25 14:05:35.582 21549 21644 E TraceManager: 	at h.c.b.a.a.h(PG:4)
02-25 14:05:35.582 21549 21644 E TraceManager: 	at kotlinx.coroutines.bk.run(PG:14)
02-25 14:05:35.582 21549 21644 E TraceManager: 	at com.google.apps.tiktok.coroutines.g.run(PG:1)
02-25 14:05:35.582 21549 21644 E TraceManager: 	at com.google.android.libraries.i.z.run(PG:1)
02-25 14:05:35.582 21549 21644 E TraceManager: 	at java.util.concurrent.ThreadPoolExecutor.runWorker(ThreadPoolExecutor.java:1167)
02-25 14:05:35.582 21549 21644 E TraceManager: 	at java.util.concurrent.ThreadPoolExecutor$Worker.run(ThreadPoolExecutor.java:641)
02-25 14:05:35.582 21549 21644 E TraceManager: 	at com.google.android.libraries.i.h.run(PG:2)
02-25 14:05:35.582 21549 21644 E TraceManager: 	at java.lang.Thread.run(Thread.java:923)
02-25 14:05:35.582 21549 21644 E TraceManager: 	at com.google.android.libraries.i.ai.run(PG:5)
02-25 14:05:35.582 21549 21644 E TraceManager: 	Suppressed: com.google.apps.tiktok.tracing.fw: 
02-25 14:05:35.582 21549 21644 E TraceManager: 		at tk_trace.(Unknown Source:0)
02-25 14:05:35.582 21549 21644 E TraceManager: 		at tk_trace.Missing root trace(Unknown Source:0)
02-25 14:05:35.582 21549 21644 E TraceManager: Caused by: com.google.apps.tiktok.tracing.aa
02-25 14:05:35.582   507  2352 I ActivityManager: Process com.android.providers.calendar (pid 748) has died: cch+45 CEM 
02-25 14:05:35.583 21549 21644 I Ma-fcf-A11yChangeNotifier: #FCF: onChange
02-25 14:05:35.583   507   537 I libprocessgroup: Successfully killed process cgroup uid 10079 pid 748 in 0ms
02-25 14:05:35.584 21549 21644 I Ma-fcf  : FCF A11y Checker - readyForTngMa
02-25 14:05:35.584 21549 21644 I Ma-fcf  : (REDACTED) FCF A11y Checker - servicesRequiringEarcon: VoiceAccess? %s, SelectToSpeak?: %s, SwitchAccess?: %s
02-25 14:05:35.585   507   598 I ActivityManager: Process com.google.android.partnersetup (pid 31723) has died: cch+35 CEM 
02-25 14:05:35.586   507   537 I libprocessgroup: Successfully killed process cgroup uid 10117 pid 31723 in 0ms
02-25 14:05:35.586   507  2351 I ActivityManager: Process com.google.process.gservices (pid 31745) has died: cch+25 CEM 
02-25 14:05:35.587   367   409 I adbd    : jdwp connection from 1568
02-25 14:05:35.587 28683 28683 I AppBase : AppBase.onTrimMemory():498 onTrimMemory(): 15
02-25 14:05:35.588   507   537 I libprocessgroup: Successfully killed process cgroup uid 10123 pid 31745 in 2ms
02-25 14:05:35.590 28683 28683 I GoogleInputMethodService: GoogleInputMethodService.onTrimMemory():4517 onTrimMemory(): 15
02-25 14:05:35.592 29635 29661 E FrameEvents: updateAcquireFence: Did not find frame.
02-25 14:05:35.605 21549 21644 I Ma-fcf  : (REDACTED) #FCF: Continued Conversation Mode Enabled: %s
02-25 14:05:35.605 21549 21644 I Ma-fcf  : (REDACTED) #FCF: Assistant primary locale : %s
02-25 14:05:35.605 21549 21644 I Ma-fcf  : (REDACTED) #FCF: Assistant Primary locale check status : %s
02-25 14:05:35.609 28364 28364 I Finsky  : [2] tdw.onTrimMemory(1): Memory trim requested to level 80
02-25 14:05:35.610 28364 28364 I Finsky  : [2] mpv.accept(12): Flushing in-memory image cache
02-25 14:05:35.629 15786 15786 W SystemServiceRegistry: No service published for: persistent_data_block
02-25 14:05:35.645 31021 31044 W Bugle   : TextClassifierLibManagerImpl: Reclaiming memory at level: 60
02-25 14:05:35.648 21549 21644 I Ma-fcf  : (REDACTED) [%d] productivity accounts setup for current account.
02-25 14:05:35.701 15786 20261 W ChimeraUtils: Module com.google.android.gms.nearby_en has empty metadata display_name_string_id
02-25 14:05:35.713 15786 20261 W ChimeraUtils: Module com.google.android.gms.nearby_en has empty metadata display_name_string_id
02-25 14:05:35.802 27385 29773 I GmsCoreXrpcWrapper: Returning a channel provider with trafficStatsTag=12803 trafficStatsUid=-1
02-25 14:05:35.810   507   507 W Looper  : Slow dispatch took 229ms main h=android.app.ActivityThread$H c=<recycled PooledLambda@3248969> m=0
02-25 14:05:35.812   507   507 W Looper  : Slow delivery took 228ms main h=com.android.server.job.controllers.QuotaController$QcHandler c=null m=3
02-25 14:05:35.820  1608  1610 I cmd     : oneway function results will be dropped but finished with status OK and parcel size 4
02-25 14:05:35.841   367   367 E adbd    : failed to connect to socket 'tcp:7336': Connection refused
02-25 14:05:35.860   507   507 W Looper  : Drained
02-25 14:05:35.873   367   367 E adbd    : failed to connect to socket 'tcp:7336': Connection refused
02-25 14:05:35.904   367   367 E adbd    : failed to connect to socket 'tcp:7336': Connection refused
02-25 14:05:35.914  1454  1454 I MultiDex: VM with version 2.1.0 has multidex support
02-25 14:05:35.914  1454  1454 I MultiDex: Installing application
02-25 14:05:35.914  1454  1454 I MultiDex: VM has multidex support, MultiDex support library is disabled.
02-25 14:05:35.916  1568  1568 I mit.droidbotap: The ClassLoaderContext is a special shared library.
02-25 14:05:35.932   367   367 E adbd    : failed to connect to socket 'tcp:7336': Connection refused
02-25 14:05:35.943 21549 21643 I A       : (REDACTED) GMSCore Auth returned %d accounts.
02-25 14:05:35.943 21549 21643 I A       : (REDACTED) GoogleOwnersProvider returned %d accounts.
02-25 14:05:35.950   177   177 I lowmemorykiller: Kill 'com.android.settings' (28926), uid 1000, oom_adj 920 to free 85084kB; reason: low watermark is breached and thrashing (131%)
02-25 14:05:35.966   290   290 I Zygote  : Process 28926 exited due to signal 9 (Killed)
02-25 14:05:35.967   507  2978 I ActivityManager: Process com.android.settings (pid 28926) has died: cch+20 CRE 
02-25 14:05:35.969   367   367 E adbd    : failed to connect to socket 'tcp:7336': Connection refused
02-25 14:05:35.972   507   537 I libprocessgroup: Successfully killed process cgroup uid 1000 pid 28926 in 0ms
02-25 14:05:35.981   507   529 W ActivityManager: setHasOverlayUi called on unknown pid: 28926
02-25 14:05:35.992  1618  1620 I cmd     : oneway function results will be dropped but finished with status OK and parcel size 4
02-25 14:05:35.995 27385 29773 I Icing   : Usage reports ok 0, Failed Usage reports 0, indexed 0, rejected 0
02-25 14:05:36.004   367   367 E adbd    : failed to connect to socket 'tcp:7336': Connection refused
02-25 14:05:36.012 27385 27431 I Icing   : IndexChimeraService.getServiceInterface callingPackage=com.google.android.gms componentName=null serviceId=30
02-25 14:05:36.020 21549 21644 I Ma-fcf  : (REDACTED) #FCF evaluate: %s
02-25 14:05:36.020 21549 21644 I Ma-fcf  : (REDACTED) TngMaStatusChecker#evaluateInternal completed in %s millis
02-25 14:05:36.020 21549 21644 I Ma-Entry-Triggering: (REDACTED) TNG:MA status updated: %s
02-25 14:05:36.020 21549 21644 I Ma-Entry-Triggering: TNG:MA became ineligible, client should disconnect
02-25 14:05:36.021 21549 21644 I Ma-Entry-Triggering: #disconnectAndStop - preventing double stop
02-25 14:05:36.021 21549 21644 I Ma-fcf  : #invalidationSource : adding a11y checker
02-25 14:05:36.033   367   367 E adbd    : failed to connect to socket 'tcp:7336': Connection refused
02-25 14:05:36.066   367   367 E adbd    : failed to connect to socket 'tcp:7336': Connection refused
02-25 14:05:36.097   367   367 E adbd    : failed to connect to socket 'tcp:7336': Connection refused
02-25 14:05:36.097 27385 29773 I GmsCoreXrpcWrapper: Returning a channel provider with trafficStatsTag=12803 trafficStatsUid=-1
02-25 14:05:36.108 27385 29773 I Icing   : Usage reports ok 0, Failed Usage reports 0, indexed 0, rejected 0
02-25 14:05:36.117 27385 29773 I Icing   : Indexing com.google.android.gms-apps from com.google.android.gms
02-25 14:05:36.127   367   367 E adbd    : failed to connect to socket 'tcp:7336': Connection refused
02-25 14:05:36.128 27385 29773 I Icing   : Indexing done com.google.android.gms-apps
02-25 14:05:36.185  1454  1454 I jgi     : SslGuard completed installation.
02-25 14:05:36.191  1454  1645 W .apps.wellbein: Accessing hidden field Ljava/util/Collections$SynchronizedCollection;->mutex:Ljava/lang/Object; (greylist-max-o, reflection, denied)
02-25 14:05:36.191  1454  1645 W .apps.wellbein: Accessing hidden method Ljava/util/Collections$SynchronizedSet;-><init>(Ljava/util/Set;Ljava/lang/Object;)V (greylist-max-o, reflection, denied)
02-25 14:05:36.191  1454  1645 W .apps.wellbein: Accessing hidden method Ljava/util/Collections$SynchronizedCollection;-><init>(Ljava/util/Collection;Ljava/lang/Object;)V (greylist-max-o, reflection, denied)
02-25 14:05:36.223   179   179 I hwservicemanager: getTransport: Cannot find entry android.hardware.graphics.mapper@4.0::IMapper/default in either framework or device manifest.
02-25 14:05:36.223  1646  1649 I Gralloc4: mapper 4.x is not supported
02-25 14:05:36.240   179   179 I hwservicemanager: getTransport: Cannot find entry android.hardware.graphics.allocator@4.0::IAllocator/default in either framework or device manifest.
02-25 14:05:36.240  1646  1649 W Gralloc4: allocator 3.x is not supported
02-25 14:05:36.270  1454  1491 W .apps.wellbein: Accessing hidden method Landroid/app/ActivityOptions;->setLaunchTaskId(I)V (blacklist,test-api, linking, denied)
02-25 14:05:36.285  1454  1491 W DynamiteModule: Local module descriptor class for com.google.android.gms.googlecertificates not found.
02-25 14:05:36.296  1454  1491 I DynamiteModule: Considering local module com.google.android.gms.googlecertificates:0 and remote module com.google.android.gms.googlecertificates:7
02-25 14:05:36.296  1454  1491 I DynamiteModule: Selected remote version of com.google.android.gms.googlecertificates, version >= 7
02-25 14:05:36.300  1454  1491 W System  : ClassLoader referenced unknown path: 
02-25 14:05:36.645   507   507 I chatty  : uid=1000(system) Binder:507_3 identical 2 lines
02-25 14:05:36.653   507   507 W NotificationHistory: Attempted to add notif for locked/gone/disabled user 0
02-25 14:05:37.061   177   177 I lowmemorykiller: Kill 'com.google.android.apps.messaging' (31021), uid 10143, oom_adj 915 to free 164840kB; reason: low watermark is breached and thrashing (108%)
02-25 14:05:37.070   507   598 I ActivityManager: Process com.google.android.apps.messaging (pid 31021) has died: cch+15 CEM 
02-25 14:05:37.072   290   290 I Zygote  : Process 31021 exited due to signal 9 (Killed)
02-25 14:05:37.112   507   537 I libprocessgroup: Successfully killed process cgroup uid 10143 pid 31021 in 41ms
02-25 14:05:37.493   507   536 I ActivityManager: Start proc 1665:android.process.acore/u0a78 for content provider {com.android.providers.contacts/com.android.providers.contacts.ContactsProvider2}
02-25 14:05:37.503   178   178 I servicemanager: Notifying apexservice they have clients: 0
02-25 14:05:37.504  1665  1665 E d.process.acor: Not starting debugger since process cannot load the jdwp agent.
02-25 14:05:37.504   178   178 I BpBinder: onLastStrongRef automatically unlinking death recipients: <uncached descriptor>
02-25 14:05:37.521  1665  1665 I d.process.acor: The ClassLoaderContext is a special shared library.
02-25 14:05:37.527  1665  1665 I d.process.acor: The ClassLoaderContext is a special shared library.
02-25 14:05:37.530  1665  1665 I d.process.acor: The ClassLoaderContext is a special shared library.
02-25 14:05:37.534  1665  1665 I ContactsPerf: VoicemailContentProvider.onCreate start
02-25 14:05:37.538  1665  1665 I ContactsPerf: VoicemailContentProvider.onCreate finish
02-25 14:05:37.545  1665  1665 I ContactsDatabaseHelper: updateUseStrictPhoneNumberComparison: US
02-25 14:05:37.640  1665  1700 I ContactLocale: AddressBook Labels [[en_US]]: […, A, B, C, D, E, F, G, H, I, J, K, L, M, N, O, P, Q, R, S, T, U, V, W, X, Y, Z, Α, Β, Γ, Δ, Ε, Ζ, Η, Θ, Ι, Κ, Λ, Μ, Ν, Ξ, Ο, Π, Ρ, Σ, Τ, Υ, Φ, Χ, Ψ, Ω, …, А, Б, В, Г, Д, Ђ, Е, Є, Ж, З, И, І, Й, Ј, К, Л, Љ, М, Н, Њ, О, П, Р, С, Т, Ћ, У, Ф, Х, Ц, Ч, Џ, Ш, Щ, Ю, Я, …, א, ב, ג, ד, ה, ו, ז, ח, ט, י, כ, ל, מ, נ, ס, ע, פ, צ, ק, ר, ש, ת, …, ا, ب, ت, ث, ج, ح, خ, د, ذ, ر, ز, س, ش, ص, ض, ط, ظ, ع, غ, ف, ق, ك, ل, م, ن, ه, و, ي, …, ก, ข, ฃ, ค, ฅ, ฆ, ง, จ, ฉ, ช, ซ, ฌ, ญ, ฎ, ฏ, ฐ, ฑ, ฒ, ณ, ด, ต, ถ, ท, ธ, น, บ, ป, ผ, ฝ, พ, ฟ, ภ, ม, ย, ร, ฤ, ล, ฦ, ว, ศ, ษ, ส, ห, ฬ, อ, ฮ, …, ㄱ, ㄴ, ㄷ, ㄹ, ㅁ, ㅂ, ㅅ, ㅇ, ㅈ, ㅊ, ㅋ, ㅌ, ㅍ, ㅎ, …, あ, か, さ, た, な, は, ま, や, ら, わ, #, …]
02-25 14:05:38.068   507   598 I WifiService: getCurrentNetwork uid=10158
02-25 14:05:38.309  1722  1729 I cmd     : oneway function results will be dropped but finished with status OK and parcel size 4
02-25 14:05:38.319  1732  1734 I cmd     : oneway function results will be dropped but finished with status OK and parcel size 4
02-25 14:05:38.333  1736  1739 I cmd     : oneway function results will be dropped but finished with status OK and parcel size 4
02-25 14:05:38.345 28683 28683 I GoogleInputMethodService: GoogleInputMethodService.onFinishInput():3302 
02-25 14:05:38.349 28683 28683 I GoogleInputMethodService: GoogleInputMethodService.updateDeviceLockedStatus():2152 repeatCheckTimes = 0, unlocked = true
02-25 14:05:38.387  1568  1568 E mit.droidbotap: Invalid ID 0x00000000.
02-25 14:05:38.430 28683 28683 I AbstractOpenableExtension: AbstractOpenableExtension.maybeDestroyExistingKeyboardGroupManager():512 Destroy existing keyboard group manager in edo
02-25 14:05:38.430 28683 28683 I AbstractOpenableExtension: AbstractOpenableExtension.createKeyboardGroupManagerListenableFuture():124 Create keyboard group manager listenable future in edo
02-25 14:05:38.431 28683 28683 I AbstractOpenableExtension: AbstractOpenableExtension.maybeDestroyExistingKeyboardGroupManager():512 Destroy existing keyboard group manager in ecg
02-25 14:05:38.431 28683 28683 I AbstractOpenableExtension: AbstractOpenableExtension.createKeyboardGroupManagerListenableFuture():124 Create keyboard group manager listenable future in ecg
02-25 14:05:38.431 28683 28683 I AbstractOpenableExtension: AbstractOpenableExtension.maybeDestroyExistingKeyboardGroupManager():512 Destroy existing keyboard group manager in efq
02-25 14:05:38.431 28683 28683 I AbstractOpenableExtension: AbstractOpenableExtension.createKeyboardGroupManagerListenableFuture():124 Create keyboard group manager listenable future in efq
02-25 14:05:38.431 28683 28683 I AbstractOpenableExtension: AbstractOpenableExtension.maybeDestroyExistingKeyboardGroupManager():512 Destroy existing keyboard group manager in cti
02-25 14:05:38.431 28683 28683 I AbstractOpenableExtension: AbstractOpenableExtension.createKeyboardGroupManagerListenableFuture():124 Create keyboard group manager listenable future in cti
02-25 14:05:38.431 28683 28683 I DeviceModeUtil: DeviceModeUtil.getDeviceMode():123 Get device mode phone by ui mode:1 and smallestScreenWidthDp:411
02-25 14:05:38.432 28683 28683 I KeyboardModeManager: KeyboardModeManager.setInputView():372 setInputView() : supportsOneHandedMode=true
02-25 14:05:38.432 28683 28683 I NormalModeController: NormalModeController.getKeyboardBodyViewHolderPaddingBottom():116 currentPrimeKeyboardType:SOFT systemPaddingBottom:-1
02-25 14:05:38.433 28683  1765 I KeyboardGroupDefParser: KeyboardGroupDefParser.parseKeyboardGroupDef():88 parseKeyboardGroupDef() 2132214024 -> 0_resource_name_obfuscated : WaitTime = 1 ms : RunTime = 1 ms
02-25 14:05:38.433 28683 28683 I KeyboardModeManager: KeyboardModeManager.setInputView():364 setInputView() : entry=hyt{languageTag=en-US, variant=qwerty, hasLocalizedResources=true, conditionCacheKey=_device=phone_device_size=default_enable_adaptive_text_editing=true_enable_inline_suggestions_on_client_side=false_enable_large_tablet_batch_1=false_enable_large_tablet_batch_2=false_enable_more_candidates_view_for_multilingual=false_enable_nav_redesign=false_enable_navbar_motion=false_enable_number_row=false_enable_preemptive_decode=true_enable_secondary_symbols=false_expressions=normal_four_or_more_letter_rows=false_keyboard_mode=normal_language=en-US_orientation=portrait_physical_keyboard=qwerty_show_secondary_digits=true_show_suggestions=true_split_with_duplicate_keys=true_variant=qwerty, imeDef.stringId=ime_english_united_states, imeDef.className=com.google.android.apps.inputmethod.libs.latin5.LatinIme, imeDef.languageTag=en-US}
02-25 14:05:38.435 28683  1765 I KeyboardGroupDefParser: KeyboardGroupDefParser.parseKeyboardGroupDef():88 parseKeyboardGroupDef() 2132214031 -> 0_resource_name_obfuscated : WaitTime = 1 ms : RunTime = 2 ms
02-25 14:05:38.440 28683  1766 I KeyboardGroupDefParser: KeyboardGroupDefParser.parseKeyboardGroupDef():88 parseKeyboardGroupDef() 2132214021 -> 0_resource_name_obfuscated : WaitTime = 0 ms : RunTime = 9 ms
02-25 14:05:38.440 28683  1765 I KeyboardGroupDefParser: KeyboardGroupDefParser.parseKeyboardGroupDef():88 parseKeyboardGroupDef() 2132214030 -> 0_resource_name_obfuscated : WaitTime = 4 ms : RunTime = 5 ms
02-25 14:05:38.442 28683 28683 W AccessPointsManager: AccessPointsManager.removeAccessPoint():807 The holder controller #0x7f0b22b1 is not registered
02-25 14:05:38.443 28683 28683 I KeyboardViewController: KeyboardViewController.clearSubViewControllerInternal():445 Clears keyboard sub view controller for keyboardType: null, viewType: HEADER, viewId: 2131428294(#0x7f0b03c6),which has not been set.
02-25 14:05:38.444 28683 28683 I OnDeviceDictationPerformanceEvaluationModule: OnDeviceDictationPerformanceEvaluationModule.onDestroy():85 onDestroy()
02-25 14:05:38.444 28683 28683 I OnDevicePackDownloadModule: OnDevicePackDownloadModule.onDestroy():96 onDestroy()
02-25 14:05:38.445 28683 28683 I AbstractOpenableExtension: AbstractOpenableExtension.maybeDestroyExistingKeyboardGroupManager():512 Destroy existing keyboard group manager in edo
02-25 14:05:38.446 28683 28683 I EmojifyExtensionImpl: EmojifyExtensionImpl.onDestroy():657 Destroying Emojify extension csk@233c257.
02-25 14:05:38.446 28683 28683 I AbstractOpenableExtension: AbstractOpenableExtension.maybeDestroyExistingKeyboardGroupManager():512 Destroy existing keyboard group manager in cti
02-25 14:05:38.446 28683 28683 I AbstractOpenableExtension: AbstractOpenableExtension.maybeDestroyExistingKeyboardGroupManager():512 Destroy existing keyboard group manager in ecg
02-25 14:05:38.447 28683 28683 I AbstractOpenableExtension: AbstractOpenableExtension.maybeDestroyExistingKeyboardGroupManager():512 Destroy existing keyboard group manager in efq
02-25 14:05:38.447  1767  1768 I cmd     : oneway function results will be dropped but finished with status OK and parcel size 4
02-25 14:05:38.449 28683  1765 I JapaneseMozcExtension: JapaneseMozcExtension.onDestroyServiceInternal():79 onDestroyServiceInternal()
02-25 14:05:38.451 28683 28683 I AbstractOpenableExtension: AbstractOpenableExtension$3.onSuccess():525 KeyboardGroupManager destroyed in edo.
02-25 14:05:38.451 28683 28683 I AbstractOpenableExtension: AbstractOpenableExtension$3.onSuccess():525 KeyboardGroupManager destroyed in ecg.
02-25 14:05:38.451 28683 28683 I AbstractOpenableExtension: AbstractOpenableExtension$3.onSuccess():525 KeyboardGroupManager destroyed in efq.
02-25 14:05:38.451 28683 28683 I AbstractOpenableExtension: AbstractOpenableExtension$3.onSuccess():525 KeyboardGroupManager destroyed in cti.
02-25 14:05:38.451 28683 28683 I AbstractOpenableExtension: AbstractOpenableExtension$3.onFailure():533 Failed to load KeyboardGroupManager in edo.
02-25 14:05:38.451 28683 28683 I AbstractOpenableExtension: AbstractOpenableExtension$3.onFailure():533 Failed to load KeyboardGroupManager in cti.
02-25 14:05:38.451 28683 28683 I AbstractOpenableExtension: AbstractOpenableExtension$3.onFailure():533 Failed to load KeyboardGroupManager in ecg.
02-25 14:05:38.451 28683 28683 I AbstractOpenableExtension: AbstractOpenableExtension$3.onFailure():533 Failed to load KeyboardGroupManager in efq.
02-25 14:05:38.467 28683 28683 I AppBase : AppBase.onTrimMemory():498 onTrimMemory(): 80
02-25 14:05:38.596  1778  1778 W app_process: type=1400 audit(0.0:3900): avc: denied { read } for name="u:object_r:device_config_runtime_native_boot_prop:s0" dev="tmpfs" ino=1132 scontext=u:r:shell:s0 tcontext=u:object_r:device_config_runtime_native_boot_prop:s0 tclass=file permissive=0
02-25 14:05:38.601  1778  1778 E libc    : Access denied finding property "persist.device_config.runtime_native_boot.enable_generational_cc"
02-25 14:05:38.596  1778  1778 W app_process: type=1400 audit(0.0:3903): avc: denied { read } for name="u:object_r:device_config_runtime_native_boot_prop:s0" dev="tmpfs" ino=1132 scontext=u:r:shell:s0 tcontext=u:object_r:device_config_runtime_native_boot_prop:s0 tclass=file permissive=0
02-25 14:05:38.683  1778  1778 I app_process: The ClassLoaderContext is a special shared library.
02-25 14:05:38.690  1778  1778 W app_process: JNI RegisterNativeMethods: attempt to register 0 native methods for android.media.AudioAttributes
02-25 14:05:39.248  1799  1799 W app_process: type=1400 audit(0.0:3904): avc: denied { read } for name="u:object_r:device_config_runtime_native_boot_prop:s0" dev="tmpfs" ino=1132 scontext=u:r:shell:s0 tcontext=u:object_r:device_config_runtime_native_boot_prop:s0 tclass=file permissive=0
02-25 14:05:39.251  1799  1799 E libc    : Access denied finding property "persist.device_config.runtime_native_boot.profilebootclasspath"
02-25 14:05:39.251  1799  1799 E libc    : Access denied finding property "persist.device_config.runtime_native_boot.enable_apex_image"
02-25 14:05:39.251  1799  1799 I AndroidRuntime: Using default boot image
02-25 14:05:39.251  1799  1799 E libc    : Access denied finding property "persist.device_config.runtime_native_boot.disable_lock_profiling"
02-25 14:05:39.251  1799  1799 I AndroidRuntime: Leaving lock profiling enabled
02-25 14:05:39.251  1799  1799 E libc    : Access denied finding property "persist.device_config.runtime_native_boot.enable_generational_cc"
02-25 14:05:39.280  1799  1799 I app_process: The ClassLoaderContext is a special shared library.
02-25 14:05:39.284  1799  1799 W app_process: JNI RegisterNativeMethods: attempt to register 0 native methods for android.media.AudioAttributes
02-25 14:05:39.288   507   527 E RemoteAugmentedAutofillService: Bad service name for flags 1048704: com.google.android.as/com.google.android.apps.miphone.aiai.app.AiAiAugmentedAutofillService
02-25 14:05:39.382  1822  1824 I cmd     : oneway function results will be dropped but finished with status OK and parcel size 4
02-25 14:05:39.772  1837  1839 I cmd     : oneway function results will be dropped but finished with status OK and parcel size 4
02-25 14:05:39.806   178   178 I servicemanager: Since 'apexservice' could not be found, trying to start it as a lazy AIDL service
02-25 14:05:39.847   178   178 I BpBinder: onLastStrongRef automatically unlinking death recipients: <uncached descriptor>
02-25 14:05:39.847   178   178 I servicemanager: Tried to unregister apexservice, but there is about to be a client.
02-25 14:05:39.973  1865  1867 I cmd     : oneway function results will be dropped but finished with status OK and parcel size 4
02-25 14:05:40.036   507  4488 I ActivityManager: Force stopping com.bhanguz.Paypenny appid=10181 user=0: from pid 1877
02-25 14:05:40.036   507  4488 I ActivityManager: Killing 30627:com.bhanguz.Paypenny/u0a181 (adj 700): stop com.bhanguz.Paypenny due to from pid 1877
02-25 14:05:40.037   507  4488 W ActivityTaskManager: Force removing ActivityRecord{9c8e2a7 u0 com.bhanguz.Paypenny/.MainActivity t96 f}}: app died, no saved state
02-25 14:05:40.041  1877  1879 I cmd     : oneway function results will be dropped but finished with status OK and parcel size 4
02-25 14:05:40.063   507  4385 W WindowManager: Cannot find window which accessibility connection is added to
02-25 14:05:40.064   290   290 I Zygote  : Process 30627 exited due to signal 9 (Killed)
02-25 14:05:40.064   507   529 W ActivityManager: setHasOverlayUi called on unknown pid: 30627
02-25 14:05:40.080   507   537 I libprocessgroup: Successfully killed process cgroup uid 10181 pid 30627 in 42ms
02-25 14:05:40.095  1880  1880 E libc    : Access denied finding property "persist.device_config.runtime_native_boot.profilebootclasspath"
02-25 14:05:40.095  1880  1880 E libc    : Access denied finding property "persist.device_config.runtime_native_boot.enable_apex_image"
02-25 14:05:40.095  1880  1880 I AndroidRuntime: Using default boot image
02-25 14:05:40.095  1880  1880 E libc    : Access denied finding property "persist.device_config.runtime_native_boot.disable_lock_profiling"
02-25 14:05:40.095  1880  1880 I AndroidRuntime: Leaving lock profiling enabled
02-25 14:05:40.095  1880  1880 E libc    : Access denied finding property "persist.device_config.runtime_native_boot.enable_generational_cc"
02-25 14:05:40.092  1880  1880 W app_process: type=1400 audit(0.0:3908): avc: denied { read } for name="u:object_r:device_config_runtime_native_boot_prop:s0" dev="tmpfs" ino=1132 scontext=u:r:shell:s0 tcontext=u:object_r:device_config_runtime_native_boot_prop:s0 tclass=file permissive=0
02-25 14:05:40.131  1880  1880 I app_process: The ClassLoaderContext is a special shared library.
02-25 14:05:40.136  1880  1880 W app_process: JNI RegisterNativeMethods: attempt to register 0 native methods for android.media.AudioAttributes
02-25 14:05:40.141   507   527 I ActivityTaskManager: START u0 {act=android.intent.action.MAIN cat=[android.intent.category.HOME] flg=0x10000100 cmp=com.google.android.apps.nexuslauncher/.NexusLauncherActivity (has extras)} from uid 0
02-25 14:05:40.148   507  3290 W ActivityManager: Unable to start service Intent { act=android.service.appprediction.AppPredictionService cmp=com.google.android.as/com.google.android.apps.miphone.aiai.app.AiAiPredictionService } U=0: not found
02-25 14:05:40.148   507  3290 W RemoteAppPredictionService: could not bind to Intent { act=android.service.appprediction.AppPredictionService cmp=com.google.android.as/com.google.android.apps.miphone.aiai.app.AiAiPredictionService } using flags 67108865
02-25 14:05:41.073   507  5709 I WifiService: getCurrentNetwork uid=10158
02-25 14:05:41.782  1921  1924 I cmd     : oneway function results will be dropped but finished with status OK and parcel size 4
02-25 14:05:41.807  1931  1933 I cmd     : oneway function results will be dropped but finished with status OK and parcel size 4
02-25 14:05:41.981  1966  1968 I cmd     : oneway function results will be dropped but finished with status OK and parcel size 4
02-25 14:05:42.148  1993  1995 I cmd     : oneway function results will be dropped but finished with status OK and parcel size 4
02-25 14:05:42.213   507  4488 I ActivityTaskManager: START u0 {act=android.intent.action.MAIN cat=[android.intent.category.LAUNCHER] flg=0x10000000 cmp=com.bhanguz.Paypenny/.MainActivity} from uid 2000
02-25 14:05:42.223  2005  2007 I cmd     : oneway function results will be dropped but finished with status OK and parcel size 4
02-25 14:05:42.252   507   536 I ActivityManager: Start proc 2008:com.bhanguz.Paypenny/u0a181 for pre-top-activity {com.bhanguz.Paypenny/com.bhanguz.Paypenny.MainActivity}
02-25 14:05:42.260  2008  2008 E hanguz.Paypenn: Not starting debugger since process cannot load the jdwp agent.
02-25 14:05:42.263   507  4488 W InputReader: Device virtio_input_multi_touch_10 is associated with display ADISPLAY_ID_NONE.
02-25 14:05:42.263   507  4488 W InputReader: Device virtio_input_multi_touch_6 is associated with display ADISPLAY_ID_NONE.
02-25 14:05:42.263   507  4488 W InputReader: Device virtio_input_multi_touch_8 is associated with display ADISPLAY_ID_NONE.
02-25 14:05:42.263   507  4488 W InputReader: Device virtio_input_multi_touch_9 is associated with display ADISPLAY_ID_NONE.
02-25 14:05:42.263   507  4488 W InputReader: Device virtio_input_multi_touch_4 is associated with display ADISPLAY_ID_NONE.
02-25 14:05:42.263   507  4488 W InputReader: Device virtio_input_multi_touch_2 is associated with display ADISPLAY_ID_NONE.
02-25 14:05:42.263   507  4488 W InputReader: Device virtio_input_multi_touch_11 is associated with display ADISPLAY_ID_NONE.
02-25 14:05:42.263   507  4488 W InputReader: Device virtio_input_multi_touch_7 is associated with display ADISPLAY_ID_NONE.
02-25 14:05:42.263   507  4488 W InputReader: Device virtio_input_multi_touch_5 is associated with display ADISPLAY_ID_NONE.
02-25 14:05:42.263   507  4488 W InputReader: Device virtio_input_multi_touch_3 is associated with display ADISPLAY_ID_NONE.
02-25 14:05:42.263   507  4488 W InputReader: Device virtio_input_multi_touch_10 is associated with display ADISPLAY_ID_NONE.
02-25 14:05:42.263   507  4488 W InputReader: Device virtio_input_multi_touch_6 is associated with display ADISPLAY_ID_NONE.
02-25 14:05:42.263   507  4488 W InputReader: Device virtio_input_multi_touch_8 is associated with display ADISPLAY_ID_NONE.
02-25 14:05:42.263   507  4488 W InputReader: Device virtio_input_multi_touch_9 is associated with display ADISPLAY_ID_NONE.
02-25 14:05:42.263   507  4488 W InputReader: Device virtio_input_multi_touch_4 is associated with display ADISPLAY_ID_NONE.
02-25 14:05:42.263   507  4488 W InputReader: Device virtio_input_multi_touch_2 is associated with display ADISPLAY_ID_NONE.
02-25 14:05:42.263   507  4488 W InputReader: Device virtio_input_multi_touch_11 is associated with display ADISPLAY_ID_NONE.
02-25 14:05:42.263   507  4488 W InputReader: Device virtio_input_multi_touch_7 is associated with display ADISPLAY_ID_NONE.
02-25 14:05:42.263   507  4488 W InputReader: Device virtio_input_multi_touch_5 is associated with display ADISPLAY_ID_NONE.
02-25 14:05:42.263   507  4488 W InputReader: Device virtio_input_multi_touch_3 is associated with display ADISPLAY_ID_NONE.
02-25 14:05:42.469  2008  2008 W hanguz.Paypenn: JIT profile information will not be recorded: profile file does not exist.
02-25 14:05:42.469  2008  2008 I chatty  : uid=10181(com.bhanguz.Paypenny) identical 8 lines
02-25 14:05:42.469  2008  2008 W hanguz.Paypenn: JIT profile information will not be recorded: profile file does not exist.
02-25 14:05:42.478  2008  2008 I FirebaseApp: Device unlocked: initializing all Firebase APIs for app [DEFAULT]
02-25 14:05:42.480  2008  2008 I FirebaseCrashlytics: Initializing Firebase Crashlytics 18.2.3 for com.bhanguz.Paypenny
02-25 14:05:42.494  2008  2031 I DynamiteModule: Considering local module com.google.android.gms.measurement.dynamite:52 and remote module com.google.android.gms.measurement.dynamite:87
02-25 14:05:42.494  2008  2031 I DynamiteModule: Selected remote version of com.google.android.gms.measurement.dynamite, version >= 87
02-25 14:05:42.498  2008  2031 W System  : ClassLoader referenced unknown path: 
02-25 14:05:42.502   178   178 I servicemanager: Notifying apexservice they have clients: 1
02-25 14:05:42.503   178   178 I servicemanager: Notifying apexservice they have clients: 0
02-25 14:05:42.503   178   178 I BpBinder: onLastStrongRef automatically unlinking death recipients: <uncached descriptor>
02-25 14:05:42.509  2008  2008 I FirebaseInitProvider: FirebaseApp initialization successful
02-25 14:05:42.541  2008  2008 I RNFBCrashlyticsInit: initialization successful
02-25 14:05:42.544  2008  2044 I FirebaseAuth: [FirebaseAuth:] Preparing to create service connection to fallback implementation
02-25 14:05:42.553  2008  2008 I TetheringManager: registerTetheringEventCallback:com.bhanguz.Paypenny
02-25 14:05:42.568  2008  2051 I FA      : App measurement initialized, version: 75115
02-25 14:05:42.568  2008  2051 I FA      : To enable debug logging run: adb shell setprop log.tag.FA VERBOSE
02-25 14:05:42.568  2008  2051 I FA      : To enable faster debug mode event logging run:
02-25 14:05:42.568  2008  2051 I FA      :   adb shell setprop debug.firebase.analytics.app com.bhanguz.Paypenny
02-25 14:05:42.601  2008  2008 W unknown:ReactInstanceManagerBuilder: You're not setting the JS Engine Resolution Algorithm. We'll try to load JSC first, and if it fails we'll fallback to Hermes
02-25 14:05:42.617  2008  2008 W linker  : Warning: "/data/app/~~jwx9A1ra8SKCPtRVn3NoDA==/com.bhanguz.Paypenny-wxYH7GvvgoWml7H8rD66Jw==/split_config.arm64_v8a.apk!/lib/arm64-v8a/libruntimeexecutor.so" unused DT entry: unknown processor-specific (type 0x70000001 arg 0x0) (ignoring)
02-25 14:05:42.617  2008  2008 W linker  : Warning: "/data/app/~~jwx9A1ra8SKCPtRVn3NoDA==/com.bhanguz.Paypenny-wxYH7GvvgoWml7H8rD66Jw==/split_config.arm64_v8a.apk!/lib/arm64-v8a/libc++_shared.so" unused DT entry: unknown processor-specific (type 0x70000001 arg 0x0) (ignoring)
02-25 14:05:42.640  2008  2008 E hanguz.Paypenn: Invalid ID 0x00000000.
02-25 14:05:42.647   507  5709 I ActivityTaskManager: START u0 {cmp=com.bhanguz.Paypenny/.SplashActivity} from uid 10181
02-25 14:05:42.650   507  5709 I WifiService: getVerboseLoggingLevel uid=10181
02-25 14:05:42.653  2008  2051 I FA      : Tag Manager is not found and thus will not be used
02-25 14:05:42.663   507  5709 W ActivityTaskManager: Tried to set launchTime (0) < mLastActivityLaunchTime (22606189)
02-25 14:05:42.663   507  5709 W InputReader: Device virtio_input_multi_touch_10 is associated with display ADISPLAY_ID_NONE.
02-25 14:05:42.663   507  5709 W InputReader: Device virtio_input_multi_touch_6 is associated with display ADISPLAY_ID_NONE.
02-25 14:05:42.663   507  5709 W InputReader: Device virtio_input_multi_touch_8 is associated with display ADISPLAY_ID_NONE.
02-25 14:05:42.663   507  5709 W InputReader: Device virtio_input_multi_touch_9 is associated with display ADISPLAY_ID_NONE.
02-25 14:05:42.663   507  5709 W InputReader: Device virtio_input_multi_touch_4 is associated with display ADISPLAY_ID_NONE.
02-25 14:05:42.663   507  5709 W InputReader: Device virtio_input_multi_touch_2 is associated with display ADISPLAY_ID_NONE.
02-25 14:05:42.663   507  5709 W InputReader: Device virtio_input_multi_touch_11 is associated with display ADISPLAY_ID_NONE.
02-25 14:05:42.663   507  5709 W InputReader: Device virtio_input_multi_touch_7 is associated with display ADISPLAY_ID_NONE.
02-25 14:05:42.663   507  5709 W InputReader: Device virtio_input_multi_touch_5 is associated with display ADISPLAY_ID_NONE.
02-25 14:05:42.663   507  5709 W InputReader: Device virtio_input_multi_touch_3 is associated with display ADISPLAY_ID_NONE.
02-25 14:05:42.663   507  5709 W InputReader: Device virtio_input_multi_touch_10 is associated with display ADISPLAY_ID_NONE.
02-25 14:05:42.663   507  5709 W InputReader: Device virtio_input_multi_touch_6 is associated with display ADISPLAY_ID_NONE.
02-25 14:05:42.663   507  5709 W InputReader: Device virtio_input_multi_touch_8 is associated with display ADISPLAY_ID_NONE.
02-25 14:05:42.663   507  5709 W InputReader: Device virtio_input_multi_touch_9 is associated with display ADISPLAY_ID_NONE.
02-25 14:05:42.663   507  5709 W InputReader: Device virtio_input_multi_touch_4 is associated with display ADISPLAY_ID_NONE.
02-25 14:05:42.663   507  5709 W InputReader: Device virtio_input_multi_touch_2 is associated with display ADISPLAY_ID_NONE.
02-25 14:05:42.663   507  5709 W InputReader: Device virtio_input_multi_touch_11 is associated with display ADISPLAY_ID_NONE.
02-25 14:05:42.663   507  5709 W InputReader: Device virtio_input_multi_touch_7 is associated with display ADISPLAY_ID_NONE.
02-25 14:05:42.663   507  5709 W InputReader: Device virtio_input_multi_touch_5 is associated with display ADISPLAY_ID_NONE.
02-25 14:05:42.663   507  5709 W InputReader: Device virtio_input_multi_touch_3 is associated with display ADISPLAY_ID_NONE.
02-25 14:05:42.682   179   179 I hwservicemanager: getTransport: Cannot find entry android.hardware.configstore@1.0::ISurfaceFlingerConfigs/default in either framework or device manifest.
02-25 14:05:42.682  2008  2055 W OpenGLRenderer: Failed to choose config with EGL_SWAP_BEHAVIOR_PRESERVED, retrying without...
02-25 14:05:42.688   179   179 I hwservicemanager: getTransport: Cannot find entry android.hardware.graphics.mapper@4.0::IMapper/default in either framework or device manifest.
02-25 14:05:42.689  2008  2055 I Gralloc4: mapper 4.x is not supported
02-25 14:05:42.695  2008  2058 W unknown:ReactContext: initializeMessageQueueThreads() is called.
02-25 14:05:42.769  2008  2064 W unknown:ViewManagerPropertyUpdater: Could not find generated setter for class com.facebook.react.views.drawer.ReactDrawerLayoutManager
02-25 14:05:42.773  2008  2064 W unknown:ViewManagerPropertyUpdater: Could not find generated setter for class com.facebook.react.uimanager.LayoutShadowNode
02-25 14:05:42.774  2008  2064 W unknown:ViewManagerPropertyUpdater: Could not find generated setter for class com.facebook.react.views.scroll.ReactHorizontalScrollViewManager
02-25 14:05:42.774  2008  2064 W unknown:ViewManagerPropertyUpdater: Could not find generated setter for class com.facebook.react.views.scroll.ReactHorizontalScrollContainerViewManager
02-25 14:05:42.774  2008  2064 W unknown:ViewManagerPropertyUpdater: Could not find generated setter for class com.facebook.react.views.progressbar.ReactProgressBarViewManager
02-25 14:05:42.775  2008  2064 W unknown:ViewManagerPropertyUpdater: Could not find generated setter for class com.facebook.react.views.progressbar.ProgressBarShadowNode
02-25 14:05:42.775  2008  2064 W unknown:ViewManagerPropertyUpdater: Could not find generated setter for class com.facebook.react.views.scroll.ReactScrollViewManager
02-25 14:05:42.775  2008  2064 W unknown:ViewManagerPropertyUpdater: Could not find generated setter for class com.facebook.react.views.slider.ReactSliderManager
02-25 14:05:42.776  2008  2064 W unknown:ViewManagerPropertyUpdater: Could not find generated setter for class com.facebook.react.views.slider.ReactSliderManager$ReactSliderShadowNode
02-25 14:05:42.776  2008  2064 W unknown:ViewManagerPropertyUpdater: Could not find generated setter for class com.facebook.react.views.switchview.ReactSwitchManager
02-25 14:05:42.776  2008  2064 W unknown:ViewManagerPropertyUpdater: Could not find generated setter for class com.facebook.react.views.switchview.ReactSwitchManager$ReactSwitchShadowNode
02-25 14:05:42.776  2008  2064 W unknown:ViewManagerPropertyUpdater: Could not find generated setter for class com.facebook.react.views.swiperefresh.SwipeRefreshLayoutManager
02-25 14:05:42.776  2008  2064 W unknown:ViewManagerPropertyUpdater: Could not find generated setter for class com.facebook.react.views.text.frescosupport.FrescoBasedReactTextInlineImageViewManager
02-25 14:05:42.776  2008  2064 W unknown:ViewManagerPropertyUpdater: Could not find generated setter for class com.facebook.react.views.text.frescosupport.FrescoBasedReactTextInlineImageShadowNode
02-25 14:05:42.777  2008  2064 W unknown:ViewManagerPropertyUpdater: Could not find generated setter for class com.facebook.react.views.image.ReactImageManager
02-25 14:05:42.777  2008  2064 W unknown:ViewManagerPropertyUpdater: Could not find generated setter for class com.facebook.react.views.modal.ReactModalHostManager
02-25 14:05:42.777  2008  2064 W unknown:ViewManagerPropertyUpdater: Could not find generated setter for class com.facebook.react.views.modal.ModalHostShadowNode
02-25 14:05:42.777  2008  2064 W unknown:ViewManagerPropertyUpdater: Could not find generated setter for class com.facebook.react.views.text.ReactRawTextManager
02-25 14:05:42.777  2008  2064 W unknown:ViewManagerPropertyUpdater: Could not find generated setter for class com.facebook.react.views.text.ReactRawTextShadowNode
02-25 14:05:42.777  2008  2064 W unknown:ViewManagerPropertyUpdater: Could not find generated setter for class com.facebook.react.views.textinput.ReactTextInputManager
02-25 14:05:42.784  2008  2064 W unknown:ViewManagerPropertyUpdater: Could not find generated setter for class com.facebook.react.views.textinput.ReactTextInputShadowNode
02-25 14:05:42.784  2008  2064 W unknown:ViewManagerPropertyUpdater: Could not find generated setter for class com.facebook.react.views.text.ReactTextViewManager
02-25 14:05:42.784  2008  2064 W unknown:ViewManagerPropertyUpdater: Could not find generated setter for class com.facebook.react.views.text.ReactTextShadowNode
02-25 14:05:42.785  2008  2064 W unknown:ViewManagerPropertyUpdater: Could not find generated setter for class com.facebook.react.views.view.ReactViewManager
02-25 14:05:42.785  2008  2064 W unknown:ViewManagerPropertyUpdater: Could not find generated setter for class com.facebook.react.views.text.ReactVirtualTextViewManager
02-25 14:05:42.785  2008  2064 W unknown:ViewManagerPropertyUpdater: Could not find generated setter for class com.facebook.react.views.text.ReactVirtualTextShadowNode
02-25 14:05:42.785  2008  2064 W unknown:ViewManagerPropertyUpdater: Could not find generated setter for class com.facebook.react.views.unimplementedview.ReactUnimplementedViewManager
02-25 14:05:42.785  2008  2064 W unknown:ViewManagerPropertyUpdater: Could not find generated setter for class org.reactnative.maskedview.RNCMaskedViewManager
02-25 14:05:42.785  2008  2064 W unknown:ViewManagerPropertyUpdater: Could not find generated setter for class com.reactnativecommunity.picker.ReactDialogPickerManager
02-25 14:05:42.786  2008  2064 W unknown:ViewManagerPropertyUpdater: Could not find generated setter for class com.reactnativecommunity.picker.ReactPickerShadowNode
02-25 14:05:42.786  2008  2064 W unknown:ViewManagerPropertyUpdater: Could not find generated setter for class com.reactnativecommunity.picker.ReactDropdownPickerManager
02-25 14:05:42.786  2008  2064 W unknown:ViewManagerPropertyUpdater: Could not find generated setter for class com.airbnb.android.react.lottie.LottieAnimationViewManager
02-25 14:05:42.786  2008  2064 W unknown:ViewManagerPropertyUpdater: Could not find generated setter for class com.swmansion.gesturehandler.react.RNGestureHandlerRootViewManager
02-25 14:05:42.786  2008  2064 W unknown:ViewManagerPropertyUpdater: Could not find generated setter for class com.swmansion.gesturehandler.react.RNGestureHandlerButtonViewManager
02-25 14:05:42.786  2008  2064 W unknown:ViewManagerPropertyUpdater: Could not find generated setter for class com.BV.LinearGradient.LinearGradientManager
